Archive member included to satisfy reference by file (symbol)

c:/program files (x86)/gnu arm embedded toolchain/10 2021.10/bin/../lib/gcc/arm-none-eabi/10.3.1/thumb/v6-m/nofp\libgcc.a(_dvmd_tls.o)
                              CMakeFiles/02_printf.dir/C_/Repositories/pico/pico-sdk/src/rp2_common/pico_divider/divider_hardware.S.obj (__aeabi_idiv0)
c:/program files (x86)/gnu arm embedded toolchain/10 2021.10/bin/../lib/gcc/arm-none-eabi/10.3.1/../../../../arm-none-eabi/lib/thumb/v6-m/nofp\libg.a(lib_a-calloc.o)
                              CMakeFiles/02_printf.dir/C_/Repositories/pico/pico-sdk/src/rp2_common/pico_malloc/malloc.c.obj (calloc)
c:/program files (x86)/gnu arm embedded toolchain/10 2021.10/bin/../lib/gcc/arm-none-eabi/10.3.1/../../../../arm-none-eabi/lib/thumb/v6-m/nofp\libg.a(lib_a-callocr.o)
                              c:/program files (x86)/gnu arm embedded toolchain/10 2021.10/bin/../lib/gcc/arm-none-eabi/10.3.1/../../../../arm-none-eabi/lib/thumb/v6-m/nofp\libg.a(lib_a-calloc.o) (_calloc_r)
c:/program files (x86)/gnu arm embedded toolchain/10 2021.10/bin/../lib/gcc/arm-none-eabi/10.3.1/../../../../arm-none-eabi/lib/thumb/v6-m/nofp\libg.a(lib_a-errno.o)
                              c:/program files (x86)/gnu arm embedded toolchain/10 2021.10/bin/../lib/gcc/arm-none-eabi/10.3.1/../../../../arm-none-eabi/lib/thumb/v6-m/nofp\libg.a(lib_a-callocr.o) (__errno)
c:/program files (x86)/gnu arm embedded toolchain/10 2021.10/bin/../lib/gcc/arm-none-eabi/10.3.1/../../../../arm-none-eabi/lib/thumb/v6-m/nofp\libg.a(lib_a-impure.o)
                              c:/program files (x86)/gnu arm embedded toolchain/10 2021.10/bin/../lib/gcc/arm-none-eabi/10.3.1/../../../../arm-none-eabi/lib/thumb/v6-m/nofp\libg.a(lib_a-calloc.o) (_impure_ptr)
c:/program files (x86)/gnu arm embedded toolchain/10 2021.10/bin/../lib/gcc/arm-none-eabi/10.3.1/../../../../arm-none-eabi/lib/thumb/v6-m/nofp\libg.a(lib_a-init.o)
                              c:/program files (x86)/gnu arm embedded toolchain/10 2021.10/bin/../lib/gcc/arm-none-eabi/10.3.1/../../../../arm-none-eabi/lib/thumb/v6-m/nofp/crt0.o (__libc_init_array)
c:/program files (x86)/gnu arm embedded toolchain/10 2021.10/bin/../lib/gcc/arm-none-eabi/10.3.1/../../../../arm-none-eabi/lib/thumb/v6-m/nofp\libg.a(lib_a-lcltime_r.o)
                              CMakeFiles/02_printf.dir/C_/Repositories/pico/pico-sdk/src/common/pico_util/datetime.c.obj (localtime_r)
c:/program files (x86)/gnu arm embedded toolchain/10 2021.10/bin/../lib/gcc/arm-none-eabi/10.3.1/../../../../arm-none-eabi/lib/thumb/v6-m/nofp\libg.a(lib_a-malloc.o)
                              CMakeFiles/02_printf.dir/C_/Repositories/pico/pico-sdk/src/rp2_common/pico_malloc/malloc.c.obj (malloc)
c:/program files (x86)/gnu arm embedded toolchain/10 2021.10/bin/../lib/gcc/arm-none-eabi/10.3.1/../../../../arm-none-eabi/lib/thumb/v6-m/nofp\libg.a(lib_a-mallocr.o)
                              c:/program files (x86)/gnu arm embedded toolchain/10 2021.10/bin/../lib/gcc/arm-none-eabi/10.3.1/../../../../arm-none-eabi/lib/thumb/v6-m/nofp\libg.a(lib_a-callocr.o) (_malloc_r)
c:/program files (x86)/gnu arm embedded toolchain/10 2021.10/bin/../lib/gcc/arm-none-eabi/10.3.1/../../../../arm-none-eabi/lib/thumb/v6-m/nofp\libg.a(lib_a-memcmp.o)
                              CMakeFiles/02_printf.dir/C_/Repositories/pico/pico-sdk/src/rp2_common/pico_atomic/atomic.c.obj (memcmp)
c:/program files (x86)/gnu arm embedded toolchain/10 2021.10/bin/../lib/gcc/arm-none-eabi/10.3.1/../../../../arm-none-eabi/lib/thumb/v6-m/nofp\libg.a(lib_a-mktime.o)
                              CMakeFiles/02_printf.dir/C_/Repositories/pico/pico-sdk/src/common/pico_util/datetime.c.obj (mktime)
c:/program files (x86)/gnu arm embedded toolchain/10 2021.10/bin/../lib/gcc/arm-none-eabi/10.3.1/../../../../arm-none-eabi/lib/thumb/v6-m/nofp\libg.a(lib_a-mlock.o)
                              c:/program files (x86)/gnu arm embedded toolchain/10 2021.10/bin/../lib/gcc/arm-none-eabi/10.3.1/../../../../arm-none-eabi/lib/thumb/v6-m/nofp\libg.a(lib_a-mallocr.o) (__malloc_lock)
c:/program files (x86)/gnu arm embedded toolchain/10 2021.10/bin/../lib/gcc/arm-none-eabi/10.3.1/../../../../arm-none-eabi/lib/thumb/v6-m/nofp\libg.a(lib_a-month_lengths.o)
                              c:/program files (x86)/gnu arm embedded toolchain/10 2021.10/bin/../lib/gcc/arm-none-eabi/10.3.1/../../../../arm-none-eabi/lib/thumb/v6-m/nofp\libg.a(lib_a-lcltime_r.o) (__month_lengths)
c:/program files (x86)/gnu arm embedded toolchain/10 2021.10/bin/../lib/gcc/arm-none-eabi/10.3.1/../../../../arm-none-eabi/lib/thumb/v6-m/nofp\libg.a(lib_a-realloc.o)
                              CMakeFiles/02_printf.dir/C_/Repositories/pico/pico-sdk/src/rp2_common/pico_malloc/malloc.c.obj (realloc)
c:/program files (x86)/gnu arm embedded toolchain/10 2021.10/bin/../lib/gcc/arm-none-eabi/10.3.1/../../../../arm-none-eabi/lib/thumb/v6-m/nofp\libg.a(lib_a-reallocr.o)
[...]
Memory Configuration

Name             Origin             Length             Attributes
FLASH            0x10000000         0x00200000         xr
RAM              0x20000000         0x00040000         xrw
SCRATCH_X        0x20040000         0x00001000         xrw
SCRATCH_Y        0x20041000         0x00001000         xrw
*default*        0x00000000         0xffffffff

Linker script and memory map

LOAD c:/program files (x86)/gnu arm embedded toolchain/10 2021.10/bin/../lib/gcc/arm-none-eabi/10.3.1/thumb/v6-m/nofp/crti.o
LOAD c:/program files (x86)/gnu arm embedded toolchain/10 2021.10/bin/../lib/gcc/arm-none-eabi/10.3.1/thumb/v6-m/nofp/crtbegin.o
LOAD c:/program files (x86)/gnu arm embedded toolchain/10 2021.10/bin/../lib/gcc/arm-none-eabi/10.3.1/../../../../arm-none-eabi/lib/thumb/v6-m/nofp/crt0.o

.flash_begin    0x10000000        0x0
                0x10000000                __flash_binary_start = .

.boot2          0x10000000      0x100
                0x10000000                __boot2_start__ = .
 *(.boot2)
 .boot2         0x10000000      0x100 pico-sdk/src/rp2040/boot_stage2/CMakeFiles/bs2_default_library.dir/bs2_default_padded_checksummed.S.obj
                0x10000100                __boot2_end__ = .
                0x00000001                ASSERT (((__boot2_end__ - __boot2_start__) == 0x100), ERROR: Pico second stage bootloader must be 256 bytes in size)

.text           0x10000100     0x70c8
                0x10000100                __logical_binary_start = .
 *(.vectors)
 .vectors       0x10000100       0xd4 CMakeFiles/02_printf.dir/C_/Repositories/pico/pico-sdk/src/rp2_common/pico_crt0/crt0.S.obj
                0x10000100                __VECTOR_TABLE
                0x10000100                __vectors
                0x100001c0                isr_irq13
                0x100001c0                isr_irq27
                0x100001c0                isr_irq31
                0x100001c0                isr_irq12
                0x100001c0                isr_irq5
                0x100001c0                isr_irq11
                0x100001c0                isr_irq3
                0x100001c0                isr_irq23
                0x100001c0                __unhandled_user_irq
                0x100001c0                isr_irq26
                0x100001c0                isr_irq28
                0x100001c0                isr_irq19
                0x100001c0                isr_irq0
                0x100001c0                isr_irq6
                0x100001c0                isr_irq29
                0x100001c0                isr_irq16
                0x100001c0                isr_irq22
                0x100001c0                isr_irq18
                0x100001c0                isr_irq17
                0x100001c0                isr_irq14
                0x100001c0                __vectors_end
                0x100001c0                __default_isrs_start
                0x100001c0                isr_irq2
                0x100001c0                isr_irq10
                0x100001c0                isr_irq8
                0x100001c0                isr_irq24
                0x100001c0                isr_irq1
                0x100001c0                isr_irq7
                0x100001c0                isr_irq21
                0x100001c0                isr_irq20
                0x100001c0                isr_irq15
                0x100001c0                isr_irq25
                0x100001c0                isr_irq4
                0x100001c0                isr_irq30
                0x100001c0                isr_irq9
                0x100001c6                unhandled_user_irq_num_in_r0
                0x100001c8                isr_invalid
                0x100001ca                isr_nmi
                0x100001cc                isr_hardfault
                0x100001ce                isr_svcall
                0x100001d0                isr_pendsv
                0x100001d2                isr_systick
                0x100001d4                __default_isrs_end
 *(.binary_info_header)
 .binary_info_header
                0x100001d4       0x14 CMakeFiles/02_printf.dir/C_/Repositories/pico/pico-sdk/src/rp2_common/pico_crt0/crt0.S.obj
                0x100001e8                __binary_info_header_end = .
 *(.reset)
 .reset         0x100001e8       0x9c CMakeFiles/02_printf.dir/C_/Repositories/pico/pico-sdk/src/rp2_common/pico_crt0/crt0.S.obj
                0x100001e8                _entry_point
 *(.init)
 .init          0x10000284        0x4 c:/program files (x86)/gnu arm embedded toolchain/10 2021.10/bin/../lib/gcc/arm-none-eabi/10.3.1/thumb/v6-m/nofp/crti.o
                0x10000284                _init
 *(EXCLUDE_FILE(*libm.a: *libc.a:*lib_a-mem*.o *libgcc.a:) .text*)
 .text          0x10000288       0x48 c:/program files (x86)/gnu arm embedded toolchain/10 2021.10/bin/../lib/gcc/arm-none-eabi/10.3.1/thumb/v6-m/nofp/crtbegin.o
 .text.startup.main
                0x100002d0      0x134 CMakeFiles/02_printf.dir/main.c.obj
                0x100002d0                main
 .text.rp2040_chip_version
                0x10000404        0xc CMakeFiles/02_printf.dir/C_/Repositories/pico/pico-sdk/src/rp2040/pico_platform/platform.c.obj
                0x10000404                rp2040_chip_version
 .text.panic    0x10000410       0x30 CMakeFiles/02_printf.dir/C_/Repositories/pico/pico-sdk/src/rp2_common/pico_platform_panic/panic.c.obj
                0x10000410                panic
 .text.hw_claim_or_assert
                0x10000440       0x44 CMakeFiles/02_printf.dir/C_/Repositories/pico/pico-sdk/src/common/hardware_claim/claim.c.obj
                0x10000440                hw_claim_or_assert
 .text.hw_claim_unused_from_range
                0x10000484       0x9c CMakeFiles/02_printf.dir/C_/Repositories/pico/pico-sdk/src/common/hardware_claim/claim.c.obj
                0x10000484                hw_claim_unused_from_range
 .text.next_striped_spin_lock_num
                0x10000520       0x18 CMakeFiles/02_printf.dir/C_/Repositories/pico/pico-sdk/src/rp2_common/hardware_sync/sync.c.obj
                0x10000520                next_striped_spin_lock_num
 .text.spin_lock_claim_unused
                0x10000538       0x20 CMakeFiles/02_printf.dir/C_/Repositories/pico/pico-sdk/src/rp2_common/hardware_sync/sync.c.obj
                0x10000538                spin_lock_claim_unused
 .text.spin_locks_reset
                0x10000558       0x1c CMakeFiles/02_printf.dir/C_/Repositories/pico/pico-sdk/src/rp2_common/hardware_sync_spin_lock/sync_spin_lock.c.obj
                0x10000558                spin_locks_reset
 .text.runtime_init_per_core_irq_priorities
                0x10000574       0x24 CMakeFiles/02_printf.dir/C_/Repositories/pico/pico-sdk/src/rp2_common/hardware_irq/irq.c.obj
                0x10000574                runtime_init_per_core_irq_priorities
 .text.irq_set_enabled
                0x10000598       0x24 CMakeFiles/02_printf.dir/C_/Repositories/pico/pico-sdk/src/rp2_common/hardware_irq/irq.c.obj
                0x10000598                irq_set_enabled
 .text.irq_is_enabled
                0x100005bc       0x18 CMakeFiles/02_printf.dir/C_/Repositories/pico/pico-sdk/src/rp2_common/hardware_irq/irq.c.obj
                0x100005bc                irq_is_enabled
 .text.irq_set_pending
                0x100005d4       0x10 CMakeFiles/02_printf.dir/C_/Repositories/pico/pico-sdk/src/rp2_common/hardware_irq/irq.c.obj
                0x100005d4                irq_set_pending
 .text.irq_has_shared_handler
                0x100005e4       0x24 CMakeFiles/02_printf.dir/C_/Repositories/pico/pico-sdk/src/rp2_common/hardware_irq/irq.c.obj
                0x100005e4                irq_has_shared_handler
 .text.irq_set_exclusive_handler
                0x10000608       0x54 CMakeFiles/02_printf.dir/C_/Repositories/pico/pico-sdk/src/rp2_common/hardware_irq/irq.c.obj
                0x10000608                irq_set_exclusive_handler
 .text.irq_add_shared_handler
                0x1000065c      0x1e8 CMakeFiles/02_printf.dir/C_/Repositories/pico/pico-sdk/src/rp2_common/hardware_irq/irq.c.obj
                0x1000065c                irq_add_shared_handler
 .text.irq_add_tail_to_free_list
                0x10000844       0xb4 CMakeFiles/02_printf.dir/C_/Repositories/pico/pico-sdk/src/rp2_common/hardware_irq/irq.c.obj
                0x10000844                irq_add_tail_to_free_list
 .text.user_irq_claim_unused
                0x100008f8       0x28 CMakeFiles/02_printf.dir/C_/Repositories/pico/pico-sdk/src/rp2_common/hardware_irq/irq.c.obj
                0x100008f8                user_irq_claim_unused
 .text.lock_init
                0x10000920       0x10 CMakeFiles/02_printf.dir/C_/Repositories/pico/pico-sdk/src/common/pico_sync/lock_core.c.obj
                0x10000920                lock_init
 .text.runtime_init_mutex
                0x10000930       0x58 CMakeFiles/02_printf.dir/C_/Repositories/pico/pico-sdk/src/common/pico_sync/mutex.c.obj
                0x10000930                runtime_init_mutex
 .text.mutex_init
                0x10000988       0x1c CMakeFiles/02_printf.dir/C_/Repositories/pico/pico-sdk/src/common/pico_sync/mutex.c.obj
                0x10000988                mutex_init
 .text.critical_section_init
                0x100009a4       0x20 CMakeFiles/02_printf.dir/C_/Repositories/pico/pico-sdk/src/common/pico_sync/critical_section.c.obj
                0x100009a4                critical_section_init
 .text.critical_section_init_with_lock_num
                0x100009c4       0x14 CMakeFiles/02_printf.dir/C_/Repositories/pico/pico-sdk/src/common/pico_sync/critical_section.c.obj
                0x100009c4                critical_section_init_with_lock_num
 .text.sleep_until_callback
                0x100009d8       0x30 CMakeFiles/02_printf.dir/C_/Repositories/pico/pico-sdk/src/common/pico_time/time.c.obj
 .text.alarm_pool_irq_handler
                0x10000a08      0x308 CMakeFiles/02_printf.dir/C_/Repositories/pico/pico-sdk/src/common/pico_time/time.c.obj
 .text.runtime_init_default_alarm_pool
                0x10000d10       0xdc CMakeFiles/02_printf.dir/C_/Repositories/pico/pico-sdk/src/common/pico_time/time.c.obj
                0x10000d10                runtime_init_default_alarm_pool
 .text.alarm_pool_get_default
                0x10000dec        0x8 CMakeFiles/02_printf.dir/C_/Repositories/pico/pico-sdk/src/common/pico_time/time.c.obj
                0x10000dec                alarm_pool_get_default
 .text.alarm_pool_add_alarm_at
                0x10000df4       0xc8 CMakeFiles/02_printf.dir/C_/Repositories/pico/pico-sdk/src/common/pico_time/time.c.obj
                0x10000df4                alarm_pool_add_alarm_at
 .text.alarm_pool_add_alarm_at_force_in_context
                0x10000ebc       0xb0 CMakeFiles/02_printf.dir/C_/Repositories/pico/pico-sdk/src/common/pico_time/time.c.obj
                0x10000ebc                alarm_pool_add_alarm_at_force_in_context
 .text.alarm_pool_cancel_alarm
                0x10000f6c       0x7c CMakeFiles/02_printf.dir/C_/Repositories/pico/pico-sdk/src/common/pico_time/time.c.obj
                0x10000f6c                alarm_pool_cancel_alarm
 .text.alarm_pool_core_num
                0x10000fe8        0x4 CMakeFiles/02_printf.dir/C_/Repositories/pico/pico-sdk/src/common/pico_time/time.c.obj
                0x10000fe8                alarm_pool_core_num
 .text.sleep_until
                0x10000fec       0xd0 CMakeFiles/02_printf.dir/C_/Repositories/pico/pico-sdk/src/common/pico_time/time.c.obj
                0x10000fec                sleep_until
 .text.sleep_ms
                0x100010bc       0x34 CMakeFiles/02_printf.dir/C_/Repositories/pico/pico-sdk/src/common/pico_time/time.c.obj
                0x100010bc                sleep_ms
 .text.best_effort_wfe_or_timeout
                0x100010f0       0xfc CMakeFiles/02_printf.dir/C_/Repositories/pico/pico-sdk/src/common/pico_time/time.c.obj
                0x100010f0                best_effort_wfe_or_timeout
 .text.timer_hardware_alarm_claim
                0x100011ec       0x14 CMakeFiles/02_printf.dir/C_/Repositories/pico/pico-sdk/src/rp2_common/hardware_timer/timer.c.obj
                0x100011ec                timer_hardware_alarm_claim
 .text.timer_time_us_64
                0x10001200       0x10 CMakeFiles/02_printf.dir/C_/Repositories/pico/pico-sdk/src/rp2_common/hardware_timer/timer.c.obj
                0x10001200                timer_time_us_64
 .text.time_us_64
                0x10001210       0x14 CMakeFiles/02_printf.dir/C_/Repositories/pico/pico-sdk/src/rp2_common/hardware_timer/timer.c.obj
                0x10001210                time_us_64
 .text.busy_wait_until
                0x10001224       0x20 CMakeFiles/02_printf.dir/C_/Repositories/pico/pico-sdk/src/rp2_common/hardware_timer/timer.c.obj
                0x10001224                busy_wait_until
 .text.clock_configure_int_divider
                0x10001244       0xf4 CMakeFiles/02_printf.dir/C_/Repositories/pico/pico-sdk/src/rp2_common/hardware_clocks/clocks.c.obj
                0x10001244                clock_configure_int_divider
 .text.clock_configure_undivided
                0x10001338       0xe8 CMakeFiles/02_printf.dir/C_/Repositories/pico/pico-sdk/src/rp2_common/hardware_clocks/clocks.c.obj
                0x10001338                clock_configure_undivided
 .text.clock_get_hz
                0x10001420        0xc CMakeFiles/02_printf.dir/C_/Repositories/pico/pico-sdk/src/rp2_common/hardware_clocks/clocks.c.obj
                0x10001420                clock_get_hz
 .text.pll_init
                0x1000142c       0xa0 CMakeFiles/02_printf.dir/C_/Repositories/pico/pico-sdk/src/rp2_common/hardware_pll/pll.c.obj
                0x1000142c                pll_init
 .text.watchdog_reboot
                0x100014cc       0x98 CMakeFiles/02_printf.dir/C_/Repositories/pico/pico-sdk/src/rp2_common/hardware_watchdog/watchdog.c.obj
                0x100014cc                watchdog_reboot
 .text.tick_start
                0x10001564       0x10 CMakeFiles/02_printf.dir/C_/Repositories/pico/pico-sdk/src/rp2_common/hardware_ticks/ticks.c.obj
                0x10001564                tick_start
 .text.rom_func_lookup
                0x10001574       0x10 CMakeFiles/02_printf.dir/C_/Repositories/pico/pico-sdk/src/rp2_common/pico_bootrom/bootrom.c.obj
                0x10001574                rom_func_lookup
 .text.rom_data_lookup
                0x10001584       0x10 CMakeFiles/02_printf.dir/C_/Repositories/pico/pico-sdk/src/rp2_common/pico_bootrom/bootrom.c.obj
                0x10001584                rom_data_lookup
 .text.rom_funcs_lookup
                0x10001594       0x44 CMakeFiles/02_printf.dir/C_/Repositories/pico/pico-sdk/src/rp2_common/pico_bootrom/bootrom.c.obj
                0x10001594                rom_funcs_lookup
 .text.rom_reset_usb_boot_extra
                0x100015d8       0x28 CMakeFiles/02_printf.dir/C_/Repositories/pico/pico-sdk/src/rp2_common/pico_bootrom/bootrom.c.obj
                0x100015d8                rom_reset_usb_boot_extra
 .text.xosc_init
                0x10001600       0x28 CMakeFiles/02_printf.dir/C_/Repositories/pico/pico-sdk/src/rp2_common/hardware_xosc/xosc.c.obj
                0x10001600                xosc_init
 .text.first_per_core_initializer
                0x10001628        0x4 CMakeFiles/02_printf.dir/C_/Repositories/pico/pico-sdk/src/rp2_common/pico_runtime/runtime.c.obj
 .text.hard_assertion_failure
                0x1000162c        0xc CMakeFiles/02_printf.dir/C_/Repositories/pico/pico-sdk/src/rp2_common/pico_runtime/runtime.c.obj
                0x1000162c                hard_assertion_failure
 .text.runtime_run_initializers
                0x10001638       0x28 CMakeFiles/02_printf.dir/C_/Repositories/pico/pico-sdk/src/rp2_common/pico_runtime/runtime.c.obj
                0x10001638                runtime_run_initializers
 .text.runtime_init_early_resets
                0x10001660       0x2c CMakeFiles/02_printf.dir/C_/Repositories/pico/pico-sdk/src/rp2_common/pico_runtime_init/runtime_init.c.obj
                0x10001660                runtime_init_early_resets
 .text.runtime_init_usb_power_down
                0x1000168c       0x1c CMakeFiles/02_printf.dir/C_/Repositories/pico/pico-sdk/src/rp2_common/pico_runtime_init/runtime_init.c.obj
                0x1000168c                runtime_init_usb_power_down
 .text.runtime_init_post_clock_resets
                0x100016a8       0x20 CMakeFiles/02_printf.dir/C_/Repositories/pico/pico-sdk/src/rp2_common/pico_runtime_init/runtime_init.c.obj
                0x100016a8                runtime_init_post_clock_resets
 .text.runtime_init_rp2040_gpio_ie_disable
                0x100016c8       0x14 CMakeFiles/02_printf.dir/C_/Repositories/pico/pico-sdk/src/rp2_common/pico_runtime_init/runtime_init.c.obj
                0x100016c8                runtime_init_rp2040_gpio_ie_disable
 .text.runtime_init_spin_locks_reset
                0x100016dc        0x8 CMakeFiles/02_printf.dir/C_/Repositories/pico/pico-sdk/src/rp2_common/pico_runtime_init/runtime_init.c.obj
                0x100016dc                runtime_init_spin_locks_reset
 .text.runtime_init_install_ram_vector_table
                0x100016e4       0xcc CMakeFiles/02_printf.dir/C_/Repositories/pico/pico-sdk/src/rp2_common/pico_runtime_init/runtime_init.c.obj
                0x100016e4                runtime_init_install_ram_vector_table
 .text.runtime_init_clocks
                0x100017b0       0xd8 CMakeFiles/02_printf.dir/C_/Repositories/pico/pico-sdk/src/rp2_common/pico_runtime_init/runtime_init_clocks.c.obj
                0x100017b0                runtime_init_clocks
 .text          0x10001888       0x10 CMakeFiles/02_printf.dir/C_/Repositories/pico/pico-sdk/src/rp2_common/pico_bit_ops/bit_ops_aeabi.S.obj
 .text.__wrap___aeabi_idiv
                0x10001898       0x50 CMakeFiles/02_printf.dir/C_/Repositories/pico/pico-sdk/src/rp2_common/pico_divider/divider_hardware.S.obj
                0x10001898                __wrap___aeabi_idivmod
                0x10001898                divmod_s32s32
                0x10001898                div_s32s32
                0x10001898                __wrap___aeabi_idiv
                0x100018a0                divmod_s32s32_unsafe
                0x100018cc                divmod_s32s32_savestate
 .text.__wrap___aeabi_uidiv
                0x100018e8       0x4c CMakeFiles/02_printf.dir/C_/Repositories/pico/pico-sdk/src/rp2_common/pico_divider/divider_hardware.S.obj
                0x100018e8                __wrap___aeabi_uidiv
                0x100018e8                __wrap___aeabi_uidivmod
                0x100018e8                div_u32u32
                0x100018e8                divmod_u32u32
                0x100018f0                divmod_u32u32_unsafe
                0x10001918                divmod_u32u32_savestate
 .text.__wrap___aeabi_ldiv
                0x10001934      0x424 CMakeFiles/02_printf.dir/C_/Repositories/pico/pico-sdk/src/rp2_common/pico_divider/divider_hardware.S.obj
                0x10001934                div_s64s64
                0x10001934                divmod_s64s64
                0x10001934                __wrap___aeabi_ldivmod
                0x10001964                divmod_u64u64
                0x10001964                div_u64u64
                0x10001964                __wrap___aeabi_uldivmod
                0x10001974                divmod_u64u64_savestate
                0x10001994                divmod_s64s64_unsafe
                0x10001a1c                divmod_u64u64_unsafe
 .text.__wrap___aeabi_darithmetic
                0x10001d58       0x80 CMakeFiles/02_printf.dir/C_/Repositories/pico/pico-sdk/src/rp2_common/pico_double/double_aeabi_rp2040.S.obj
                0x10001d58                __wrap___aeabi_drsub
                0x10001d5e                __wrap___aeabi_dsub
                0x10001d70                __wrap___aeabi_dadd
                0x10001d82                __wrap___aeabi_ddiv
                0x10001dbe                __wrap___aeabi_dmul
 .text.__wrap___aeabi_cdcmple
                0x10001dd8       0x6c CMakeFiles/02_printf.dir/C_/Repositories/pico/pico-sdk/src/rp2_common/pico_double/double_aeabi_rp2040.S.obj
                0x10001dd8                __wrap___aeabi_cdrcmple
                0x10001de8                __wrap___aeabi_cdcmpeq
                0x10001de8                __wrap___aeabi_cdcmple
 .text.__wrap___aeabi_dcmplt
                0x10001e44        0xc CMakeFiles/02_printf.dir/C_/Repositories/pico/pico-sdk/src/rp2_common/pico_double/double_aeabi_rp2040.S.obj
                0x10001e44                __wrap___aeabi_dcmplt
 .text.__wrap___aeabi_dcmple
                0x10001e50       0x10 CMakeFiles/02_printf.dir/C_/Repositories/pico/pico-sdk/src/rp2_common/pico_double/double_aeabi_rp2040.S.obj
                0x10001e50                __wrap___aeabi_dcmple
 .text.__wrap___aeabi_dcmpge
                0x10001e60       0x10 CMakeFiles/02_printf.dir/C_/Repositories/pico/pico-sdk/src/rp2_common/pico_double/double_aeabi_rp2040.S.obj
                0x10001e60                __wrap___aeabi_dcmpge
 .text.__wrap___aeabi_dcmpgt
                0x10001e70        0xa CMakeFiles/02_printf.dir/C_/Repositories/pico/pico-sdk/src/rp2_common/pico_double/double_aeabi_rp2040.S.obj
                0x10001e70                __wrap___aeabi_dcmpgt
 .text.__wrap___aeabi_dcmpun
                0x10001e7a       0x18 CMakeFiles/02_printf.dir/C_/Repositories/pico/pico-sdk/src/rp2_common/pico_double/double_aeabi_rp2040.S.obj
                0x10001e7a                __wrap___aeabi_dcmpun
 *fill*         0x10001e92        0x2 
 .text.__wrap___aeabi_i2d
                0x10001e94       0x38 CMakeFiles/02_printf.dir/C_/Repositories/pico/pico-sdk/src/rp2_common/pico_double/double_aeabi_rp2040.S.obj
                0x10001e94                uint2double
                0x10001e94                __wrap___aeabi_ui2d
                0x10001e9c                int2double
                0x10001e9c                __wrap___aeabi_i2d
 .text.__wrap___aeabi_d2iz
                0x10001ecc       0x48 CMakeFiles/02_printf.dir/C_/Repositories/pico/pico-sdk/src/rp2_common/pico_double/double_aeabi_rp2040.S.obj
                0x10001ecc                double2int_z
                0x10001ecc                __wrap___aeabi_d2iz
 .text.__wrap___aeabi_d2uiz
                0x10001f14       0x18 CMakeFiles/02_printf.dir/C_/Repositories/pico/pico-sdk/src/rp2_common/pico_double/double_aeabi_rp2040.S.obj
                0x10001f14                double2uint
                0x10001f14                __wrap___aeabi_d2uiz
                0x10001f14                double2uint_z
 .text.__aeabi_double_init
                0x10001f2c       0xa0 CMakeFiles/02_printf.dir/C_/Repositories/pico/pico-sdk/src/rp2_common/pico_double/double_init_rom_rp2040.c.obj
                0x10001f2c                __aeabi_double_init
 .text.double_table_shim_on_use_helper
                0x10001fcc       0x2c CMakeFiles/02_printf.dir/C_/Repositories/pico/pico-sdk/src/rp2_common/pico_double/double_v1_rom_shim_rp2040.S.obj
                0x10001fcc                double_table_shim_on_use_helper
 .text.__wrap___aeabi_dsub
                0x10001ff8       0x10 CMakeFiles/02_printf.dir/C_/Repositories/pico/pico-sdk/src/rp2_common/pico_double/double_v1_rom_shim_rp2040.S.obj
                0x10001ff8                drsub_shim
                0x10001ffe                dsub_shim
 .text.dadd_shim
                0x10002008      0x15c CMakeFiles/02_printf.dir/C_/Repositories/pico/pico-sdk/src/rp2_common/pico_double/double_v1_rom_shim_rp2040.S.obj
                0x10002008                dadd_shim
 .text.dmul_shim
                0x10002164      0x15c CMakeFiles/02_printf.dir/C_/Repositories/pico/pico-sdk/src/rp2_common/pico_double/double_v1_rom_shim_rp2040.S.obj
                0x10002164                dmul_shim
 .text.ddiv_shim
                0x100022c0      0x1b0 CMakeFiles/02_printf.dir/C_/Repositories/pico/pico-sdk/src/rp2_common/pico_double/double_v1_rom_shim_rp2040.S.obj
                0x100022c0                ddiv_shim
 .text.double2uint_shim
                0x10002470        0xe CMakeFiles/02_printf.dir/C_/Repositories/pico/pico-sdk/src/rp2_common/pico_double/double_v1_rom_shim_rp2040.S.obj
                0x10002470                double2uint_shim
                0x10002472                double2ufix_shim
 *fill*         0x1000247e        0x2 
 .text.double2uint64_shim
                0x10002480       0x70 CMakeFiles/02_printf.dir/C_/Repositories/pico/pico-sdk/src/rp2_common/pico_double/double_v1_rom_shim_rp2040.S.obj
                0x10002480                double2uint64_shim
                0x10002482                double2ufix64_shim
                0x100024a2                d2fix_a
 .text.dunpacks
                0x100024f0       0x3c CMakeFiles/02_printf.dir/C_/Repositories/pico/pico-sdk/src/rp2_common/pico_double/double_v1_rom_shim_rp2040.S.obj
                0x100024f0                dunpacks
 .text.__aeabi_lmul
                0x1000252c       0x32 CMakeFiles/02_printf.dir/C_/Repositories/pico/pico-sdk/src/rp2_common/pico_int64_ops/pico_int64_ops_aeabi.S.obj
                0x1000252c                __wrap___aeabi_lmul
 *fill*         0x1000255e        0x2 
 .text.__aeabi_float_init
                0x10002560       0x64 CMakeFiles/02_printf.dir/C_/Repositories/pico/pico-sdk/src/rp2_common/pico_float/float_init_rom_rp2040.c.obj
                0x10002560                __aeabi_float_init
 .text.float_table_shim_on_use_helper
                0x100025c4       0x2c CMakeFiles/02_printf.dir/C_/Repositories/pico/pico-sdk/src/rp2_common/pico_float/float_v1_rom_shim_rp2040.S.obj
                0x100025c4                float_table_shim_on_use_helper
 .text.__wrap_malloc
                0x100025f0       0x24 CMakeFiles/02_printf.dir/C_/Repositories/pico/pico-sdk/src/rp2_common/pico_malloc/malloc.c.obj
                0x100025f0                __wrap_malloc
 .text          0x10002614       0x10 CMakeFiles/02_printf.dir/C_/Repositories/pico/pico-sdk/src/rp2_common/pico_mem_ops/mem_ops_aeabi.S.obj
                0x10002614                __aeabi_mem_init
 .text.memset   0x10002624        0xc CMakeFiles/02_printf.dir/C_/Repositories/pico/pico-sdk/src/rp2_common/pico_mem_ops/mem_ops_aeabi.S.obj
                0x10002624                __wrap_memset
 .text.memcpy   0x10002630        0xc CMakeFiles/02_printf.dir/C_/Repositories/pico/pico-sdk/src/rp2_common/pico_mem_ops/mem_ops_aeabi.S.obj
                0x10002630                __wrap_memcpy
                0x10002630                __wrap___aeabi_memcpy
 .text._out_null
                0x1000263c        0x4 CMakeFiles/02_printf.dir/C_/Repositories/pico/pico-sdk/src/rp2_common/pico_printf/printf.c.obj
 .text._out_rev
                0x10002640       0x9c CMakeFiles/02_printf.dir/C_/Repositories/pico/pico-sdk/src/rp2_common/pico_printf/printf.c.obj
 .text._ntoa_format
                0x100026dc      0x1cc CMakeFiles/02_printf.dir/C_/Repositories/pico/pico-sdk/src/rp2_common/pico_printf/printf.c.obj
 .text._out_char
                0x100028a8       0x10 CMakeFiles/02_printf.dir/C_/Repositories/pico/pico-sdk/src/rp2_common/pico_printf/printf.c.obj
 .text._out_fct
                0x100028b8       0x10 CMakeFiles/02_printf.dir/C_/Repositories/pico/pico-sdk/src/rp2_common/pico_printf/printf.c.obj
 .text._etoa    0x100028c8      0x44c CMakeFiles/02_printf.dir/C_/Repositories/pico/pico-sdk/src/rp2_common/pico_printf/printf.c.obj
 .text._ftoa    0x10002d14      0x398 CMakeFiles/02_printf.dir/C_/Repositories/pico/pico-sdk/src/rp2_common/pico_printf/printf.c.obj
 .text._vsnprintf
                0x100030ac      0xb04 CMakeFiles/02_printf.dir/C_/Repositories/pico/pico-sdk/src/rp2_common/pico_printf/printf.c.obj
 .text.vfctprintf
                0x10003bb0       0x20 CMakeFiles/02_printf.dir/C_/Repositories/pico/pico-sdk/src/rp2_common/pico_printf/printf.c.obj
                0x10003bb0                vfctprintf
 .text.weak_raw_vprintf
                0x10003bd0       0x30 CMakeFiles/02_printf.dir/C_/Repositories/pico/pico-sdk/src/rp2_common/pico_printf/printf.c.obj
                0x10003bd0                weak_raw_vprintf
 .text._exit    0x10003c00        0x4 CMakeFiles/02_printf.dir/C_/Repositories/pico/pico-sdk/src/rp2_common/pico_clib_interface/newlib_interface.c.obj
                0x10003c00                _exit
 .text._sbrk    0x10003c04       0x34 CMakeFiles/02_printf.dir/C_/Repositories/pico/pico-sdk/src/rp2_common/pico_clib_interface/newlib_interface.c.obj
                0x10003c04                _sbrk
 .text.exit     0x10003c38        0x8 CMakeFiles/02_printf.dir/C_/Repositories/pico/pico-sdk/src/rp2_common/pico_clib_interface/newlib_interface.c.obj
                0x10003c38                exit
 .text.runtime_init
                0x10003c40       0x2c CMakeFiles/02_printf.dir/C_/Repositories/pico/pico-sdk/src/rp2_common/pico_clib_interface/newlib_interface.c.obj
                0x10003c40                runtime_init
 .text.stdio_out_chars_no_crlf
                0x10003c6c       0x10 CMakeFiles/02_printf.dir/C_/Repositories/pico/pico-sdk/src/rp2_common/pico_stdio/stdio.c.obj
 .text.stdio_out_chars_crlf
                0x10003c7c       0xb4 CMakeFiles/02_printf.dir/C_/Repositories/pico/pico-sdk/src/rp2_common/pico_stdio/stdio.c.obj
 .text.stdio_buffered_printer
                0x10003d30       0x64 CMakeFiles/02_printf.dir/C_/Repositories/pico/pico-sdk/src/rp2_common/pico_stdio/stdio.c.obj
 .text.stdio_put_string
                0x10003d94      0x100 CMakeFiles/02_printf.dir/C_/Repositories/pico/pico-sdk/src/rp2_common/pico_stdio/stdio.c.obj
                0x10003d94                stdio_put_string
 .text.stdio_set_driver_enabled
                0x10003e94       0x30 CMakeFiles/02_printf.dir/C_/Repositories/pico/pico-sdk/src/rp2_common/pico_stdio/stdio.c.obj
                0x10003e94                stdio_set_driver_enabled
 .text.stdio_init_all
                0x10003ec4        0x8 CMakeFiles/02_printf.dir/C_/Repositories/pico/pico-sdk/src/rp2_common/pico_stdio/stdio.c.obj
                0x10003ec4                stdio_init_all
 .text.__wrap_putchar
                0x10003ecc       0x98 CMakeFiles/02_printf.dir/C_/Repositories/pico/pico-sdk/src/rp2_common/pico_stdio/stdio.c.obj
                0x10003ecc                __wrap_putchar
                0x10003ecc                stdio_putchar
 .text.__wrap_puts
                0x10003f64       0x3c CMakeFiles/02_printf.dir/C_/Repositories/pico/pico-sdk/src/rp2_common/pico_stdio/stdio.c.obj
                0x10003f64                stdio_puts
                0x10003f64                __wrap_puts
 .text.__wrap_vprintf
                0x10003fa0       0xd8 CMakeFiles/02_printf.dir/C_/Repositories/pico/pico-sdk/src/rp2_common/pico_stdio/stdio.c.obj
                0x10003fa0                stdio_vprintf
                0x10003fa0                __wrap_vprintf
 .text.__wrap_printf
                0x10004078       0x18 CMakeFiles/02_printf.dir/C_/Repositories/pico/pico-sdk/src/rp2_common/pico_stdio/stdio.c.obj
                0x10004078                __wrap_printf
                0x10004078                stdio_printf
 .text.resetd_init
                0x10004090        0x4 CMakeFiles/02_printf.dir/C_/Repositories/pico/pico-sdk/src/rp2_common/pico_stdio_usb/reset_interface.c.obj
 .text.resetd_reset
                0x10004094        0xc CMakeFiles/02_printf.dir/C_/Repositories/pico/pico-sdk/src/rp2_common/pico_stdio_usb/reset_interface.c.obj
 .text.resetd_open
                0x100040a0       0x28 CMakeFiles/02_printf.dir/C_/Repositories/pico/pico-sdk/src/rp2_common/pico_stdio_usb/reset_interface.c.obj
 .text.resetd_xfer_cb
                0x100040c8        0x4 CMakeFiles/02_printf.dir/C_/Repositories/pico/pico-sdk/src/rp2_common/pico_stdio_usb/reset_interface.c.obj
 .text.resetd_control_xfer_cb
                0x100040cc       0x60 CMakeFiles/02_printf.dir/C_/Repositories/pico/pico-sdk/src/rp2_common/pico_stdio_usb/reset_interface.c.obj
 .text.tud_descriptor_bos_cb
                0x1000412c        0x8 CMakeFiles/02_printf.dir/C_/Repositories/pico/pico-sdk/src/rp2_common/pico_stdio_usb/reset_interface.c.obj
                0x1000412c                tud_descriptor_bos_cb
 .text.tud_vendor_control_xfer_cb
                0x10004134       0x34 CMakeFiles/02_printf.dir/C_/Repositories/pico/pico-sdk/src/rp2_common/pico_stdio_usb/reset_interface.c.obj
                0x10004134                tud_vendor_control_xfer_cb
 .text.usbd_app_driver_get_cb
                0x10004168        0xc CMakeFiles/02_printf.dir/C_/Repositories/pico/pico-sdk/src/rp2_common/pico_stdio_usb/reset_interface.c.obj
                0x10004168                usbd_app_driver_get_cb
 .text.tud_cdc_line_coding_cb
                0x10004174       0x2c CMakeFiles/02_printf.dir/C_/Repositories/pico/pico-sdk/src/rp2_common/pico_stdio_usb/reset_interface.c.obj
                0x10004174                tud_cdc_line_coding_cb
 .text.stdio_usb_set_chars_available_callback
                0x100041a0       0x14 CMakeFiles/02_printf.dir/C_/Repositories/pico/pico-sdk/src/rp2_common/pico_stdio_usb/stdio_usb.c.obj
                0x100041a0                stdio_usb_set_chars_available_callback
 .text.usb_irq  0x100041b4       0x10 CMakeFiles/02_printf.dir/C_/Repositories/pico/pico-sdk/src/rp2_common/pico_stdio_usb/stdio_usb.c.obj
 .text.timer_task
                0x100041c4       0x64 CMakeFiles/02_printf.dir/C_/Repositories/pico/pico-sdk/src/rp2_common/pico_stdio_usb/stdio_usb.c.obj
 .text.stdio_usb_in_chars
                0x10004228       0x90 CMakeFiles/02_printf.dir/C_/Repositories/pico/pico-sdk/src/rp2_common/pico_stdio_usb/stdio_usb.c.obj
                0x10004228                stdio_usb_in_chars
 .text.stdio_usb_out_flush
                0x100042b8       0x50 CMakeFiles/02_printf.dir/C_/Repositories/pico/pico-sdk/src/rp2_common/pico_stdio_usb/stdio_usb.c.obj
 .text.stdio_usb_out_chars
                0x10004308      0x100 CMakeFiles/02_printf.dir/C_/Repositories/pico/pico-sdk/src/rp2_common/pico_stdio_usb/stdio_usb.c.obj
 .text.low_priority_worker_irq
                0x10004408       0xc8 CMakeFiles/02_printf.dir/C_/Repositories/pico/pico-sdk/src/rp2_common/pico_stdio_usb/stdio_usb.c.obj
 .text.stdio_usb_init
                0x100044d0       0xe8 CMakeFiles/02_printf.dir/C_/Repositories/pico/pico-sdk/src/rp2_common/pico_stdio_usb/stdio_usb.c.obj
                0x100044d0                stdio_usb_init
 .text.tud_descriptor_device_cb
                0x100045b8        0x8 CMakeFiles/02_printf.dir/C_/Repositories/pico/pico-sdk/src/rp2_common/pico_stdio_usb/stdio_usb_descriptors.c.obj
                0x100045b8                tud_descriptor_device_cb
 .text.tud_descriptor_configuration_cb
                0x100045c0        0x8 CMakeFiles/02_printf.dir/C_/Repositories/pico/pico-sdk/src/rp2_common/pico_stdio_usb/stdio_usb_descriptors.c.obj
                0x100045c0                tud_descriptor_configuration_cb
 .text.tud_descriptor_string_cb
                0x100045c8       0x74 CMakeFiles/02_printf.dir/C_/Repositories/pico/pico-sdk/src/rp2_common/pico_stdio_usb/stdio_usb_descriptors.c.obj
                0x100045c8                tud_descriptor_string_cb
 .text.startup._retrieve_unique_id_on_boot
                0x1000463c       0x10 CMakeFiles/02_printf.dir/C_/Repositories/pico/pico-sdk/src/rp2_common/pico_unique_id/unique_id.c.obj
 .text.pico_get_unique_board_id_string
                0x1000464c      0x1a8 CMakeFiles/02_printf.dir/C_/Repositories/pico/pico-sdk/src/rp2_common/pico_unique_id/unique_id.c.obj
                0x1000464c                pico_get_unique_board_id_string
 .text.flash_get_unique_id
                0x100047f4       0x40 CMakeFiles/02_printf.dir/C_/Repositories/pico/pico-sdk/src/rp2_common/hardware_flash/flash.c.obj
                0x100047f4                flash_get_unique_id
 .text.dcd_init
                0x10004834       0x90 CMakeFiles/02_printf.dir/C_/Repositories/pico/pico-sdk/lib/tinyusb/src/portable/raspberrypi/rp2040/dcd_rp2040.c.obj
                0x10004834                dcd_init
 .text.dcd_int_enable
                0x100048c4        0xc CMakeFiles/02_printf.dir/C_/Repositories/pico/pico-sdk/lib/tinyusb/src/portable/raspberrypi/rp2040/dcd_rp2040.c.obj
                0x100048c4                dcd_int_enable
 .text.dcd_set_address
                0x100048d0       0x14 CMakeFiles/02_printf.dir/C_/Repositories/pico/pico-sdk/lib/tinyusb/src/portable/raspberrypi/rp2040/dcd_rp2040.c.obj
                0x100048d0                dcd_set_address
 .text.dcd_sof_enable
                0x100048e4       0x1c CMakeFiles/02_printf.dir/C_/Repositories/pico/pico-sdk/lib/tinyusb/src/portable/raspberrypi/rp2040/dcd_rp2040.c.obj
                0x100048e4                dcd_sof_enable
 .text.dcd_edpt0_status_complete
                0x10004900       0x1c CMakeFiles/02_printf.dir/C_/Repositories/pico/pico-sdk/lib/tinyusb/src/portable/raspberrypi/rp2040/dcd_rp2040.c.obj
                0x10004900                dcd_edpt0_status_complete
 .text.dcd_edpt_open
                0x1000491c      0x114 CMakeFiles/02_printf.dir/C_/Repositories/pico/pico-sdk/lib/tinyusb/src/portable/raspberrypi/rp2040/dcd_rp2040.c.obj
                0x1000491c                dcd_edpt_open
 .text.dcd_edpt_close_all
                0x10004a30        0x8 CMakeFiles/02_printf.dir/C_/Repositories/pico/pico-sdk/lib/tinyusb/src/portable/raspberrypi/rp2040/dcd_rp2040.c.obj
                0x10004a30                dcd_edpt_close_all
 .text.dcd_edpt_xfer
                0x10004a38       0x24 CMakeFiles/02_printf.dir/C_/Repositories/pico/pico-sdk/lib/tinyusb/src/portable/raspberrypi/rp2040/dcd_rp2040.c.obj
                0x10004a38                dcd_edpt_xfer
 .text.dcd_edpt_stall
                0x10004a5c       0x38 CMakeFiles/02_printf.dir/C_/Repositories/pico/pico-sdk/lib/tinyusb/src/portable/raspberrypi/rp2040/dcd_rp2040.c.obj
                0x10004a5c                dcd_edpt_stall
 .text.dcd_edpt_clear_stall
                0x10004a94       0x30 CMakeFiles/02_printf.dir/C_/Repositories/pico/pico-sdk/lib/tinyusb/src/portable/raspberrypi/rp2040/dcd_rp2040.c.obj
                0x10004a94                dcd_edpt_clear_stall
 .text.rp2040_usb_init
                0x10004ac4       0x40 CMakeFiles/02_printf.dir/C_/Repositories/pico/pico-sdk/lib/tinyusb/src/portable/raspberrypi/rp2040/rp2040_usb.c.obj
                0x10004ac4                rp2040_usb_init
 .text.hw_endpoint_xfer_start
                0x10004b04       0x50 CMakeFiles/02_printf.dir/C_/Repositories/pico/pico-sdk/lib/tinyusb/src/portable/raspberrypi/rp2040/rp2040_usb.c.obj
                0x10004b04                hw_endpoint_xfer_start
 .text.tud_event_hook_cb
                0x10004b54        0x4 CMakeFiles/02_printf.dir/C_/Repositories/pico/pico-sdk/lib/tinyusb/src/device/usbd.c.obj
                0x10004b54                tud_event_hook_cb
 .text.tud_sof_cb
                0x10004b58        0x4 CMakeFiles/02_printf.dir/C_/Repositories/pico/pico-sdk/lib/tinyusb/src/device/usbd.c.obj
                0x10004b58                tud_sof_cb
 .text.tud_descriptor_device_qualifier_cb
                0x10004b5c        0x4 CMakeFiles/02_printf.dir/C_/Repositories/pico/pico-sdk/lib/tinyusb/src/device/usbd.c.obj
                0x10004b5c                tud_descriptor_device_qualifier_cb
 .text.tud_descriptor_other_speed_configuration_cb
                0x10004b60        0x4 CMakeFiles/02_printf.dir/C_/Repositories/pico/pico-sdk/lib/tinyusb/src/device/usbd.c.obj
                0x10004b60                tud_descriptor_other_speed_configuration_cb
 .text.tud_mount_cb
                0x10004b64        0x4 CMakeFiles/02_printf.dir/C_/Repositories/pico/pico-sdk/lib/tinyusb/src/device/usbd.c.obj
                0x10004b64                tud_mount_cb
 .text.tud_umount_cb
                0x10004b68        0x4 CMakeFiles/02_printf.dir/C_/Repositories/pico/pico-sdk/lib/tinyusb/src/device/usbd.c.obj
                0x10004b68                tud_umount_cb
 .text.tud_suspend_cb
                0x10004b6c        0x4 CMakeFiles/02_printf.dir/C_/Repositories/pico/pico-sdk/lib/tinyusb/src/device/usbd.c.obj
                0x10004b6c                tud_suspend_cb
 .text.tud_resume_cb
                0x10004b70        0x4 CMakeFiles/02_printf.dir/C_/Repositories/pico/pico-sdk/lib/tinyusb/src/device/usbd.c.obj
                0x10004b70                tud_resume_cb
 .text.tud_mounted
                0x10004b74       0x10 CMakeFiles/02_printf.dir/C_/Repositories/pico/pico-sdk/lib/tinyusb/src/device/usbd.c.obj
                0x10004b74                tud_mounted
 .text.tud_suspended
                0x10004b84       0x10 CMakeFiles/02_printf.dir/C_/Repositories/pico/pico-sdk/lib/tinyusb/src/device/usbd.c.obj
                0x10004b84                tud_suspended
 .text.tud_rhport_init
                0x10004b94       0xf4 CMakeFiles/02_printf.dir/C_/Repositories/pico/pico-sdk/lib/tinyusb/src/device/usbd.c.obj
                0x10004b94                tud_rhport_init
 .text.tud_task_ext
                0x10004c88      0x800 CMakeFiles/02_printf.dir/C_/Repositories/pico/pico-sdk/lib/tinyusb/src/device/usbd.c.obj
                0x10004c88                tud_task_ext
 .text.usbd_open_edpt_pair
                0x10005488       0x9c CMakeFiles/02_printf.dir/C_/Repositories/pico/pico-sdk/lib/tinyusb/src/device/usbd.c.obj
                0x10005488                usbd_open_edpt_pair
 .text.usbd_edpt_open
                0x10005524       0x34 CMakeFiles/02_printf.dir/C_/Repositories/pico/pico-sdk/lib/tinyusb/src/device/usbd.c.obj
                0x10005524                usbd_edpt_open
 .text.usbd_edpt_claim
                0x10005558       0x28 CMakeFiles/02_printf.dir/C_/Repositories/pico/pico-sdk/lib/tinyusb/src/device/usbd.c.obj
                0x10005558                usbd_edpt_claim
 .text.usbd_edpt_release
                0x10005580       0x28 CMakeFiles/02_printf.dir/C_/Repositories/pico/pico-sdk/lib/tinyusb/src/device/usbd.c.obj
                0x10005580                usbd_edpt_release
 .text.usbd_edpt_xfer
                0x100055a8       0x4c CMakeFiles/02_printf.dir/C_/Repositories/pico/pico-sdk/lib/tinyusb/src/device/usbd.c.obj
                0x100055a8                usbd_edpt_xfer
 .text.tud_control_status
                0x100055f4       0x30 CMakeFiles/02_printf.dir/C_/Repositories/pico/pico-sdk/lib/tinyusb/src/device/usbd_control.c.obj
                0x100055f4                tud_control_status
 .text.tud_control_xfer
                0x10005624       0xbc CMakeFiles/02_printf.dir/C_/Repositories/pico/pico-sdk/lib/tinyusb/src/device/usbd_control.c.obj
                0x10005624                tud_control_xfer
 .text.usbd_control_reset
                0x100056e0       0x14 CMakeFiles/02_printf.dir/C_/Repositories/pico/pico-sdk/lib/tinyusb/src/device/usbd_control.c.obj
                0x100056e0                usbd_control_reset
 .text.usbd_control_set_complete_callback
                0x100056f4        0xc CMakeFiles/02_printf.dir/C_/Repositories/pico/pico-sdk/lib/tinyusb/src/device/usbd_control.c.obj
                0x100056f4                usbd_control_set_complete_callback
 .text.usbd_control_set_request
                0x10005700       0x1c CMakeFiles/02_printf.dir/C_/Repositories/pico/pico-sdk/lib/tinyusb/src/device/usbd_control.c.obj
                0x10005700                usbd_control_set_request
 .text.usbd_control_xfer_cb
                0x1000571c       0xf0 CMakeFiles/02_printf.dir/C_/Repositories/pico/pico-sdk/lib/tinyusb/src/device/usbd_control.c.obj
                0x1000571c                usbd_control_xfer_cb
 .text._prep_out_transaction.isra.0
                0x1000580c       0x6c CMakeFiles/02_printf.dir/C_/Repositories/pico/pico-sdk/lib/tinyusb/src/class/cdc/cdc_device.c.obj
 .text.tud_cdc_n_connected
                0x10005878       0x2c CMakeFiles/02_printf.dir/C_/Repositories/pico/pico-sdk/lib/tinyusb/src/class/cdc/cdc_device.c.obj
                0x10005878                tud_cdc_n_connected
 .text.tud_cdc_n_available
                0x100058a4       0x18 CMakeFiles/02_printf.dir/C_/Repositories/pico/pico-sdk/lib/tinyusb/src/class/cdc/cdc_device.c.obj
                0x100058a4                tud_cdc_n_available
 .text.tud_cdc_n_read
                0x100058bc       0x94 CMakeFiles/02_printf.dir/C_/Repositories/pico/pico-sdk/lib/tinyusb/src/class/cdc/cdc_device.c.obj
                0x100058bc                tud_cdc_n_read
 .text.tud_cdc_n_write_flush
                0x10005950       0x78 CMakeFiles/02_printf.dir/C_/Repositories/pico/pico-sdk/lib/tinyusb/src/class/cdc/cdc_device.c.obj
                0x10005950                tud_cdc_n_write_flush
 .text.tud_cdc_n_write
                0x100059c8       0x44 CMakeFiles/02_printf.dir/C_/Repositories/pico/pico-sdk/lib/tinyusb/src/class/cdc/cdc_device.c.obj
                0x100059c8                tud_cdc_n_write
 .text.tud_cdc_n_write_available
                0x10005a0c       0x18 CMakeFiles/02_printf.dir/C_/Repositories/pico/pico-sdk/lib/tinyusb/src/class/cdc/cdc_device.c.obj
                0x10005a0c                tud_cdc_n_write_available
 .text.cdcd_init
                0x10005a24       0x70 CMakeFiles/02_printf.dir/C_/Repositories/pico/pico-sdk/lib/tinyusb/src/class/cdc/cdc_device.c.obj
                0x10005a24                cdcd_init
 .text.cdcd_deinit
                0x10005a94       0x24 CMakeFiles/02_printf.dir/C_/Repositories/pico/pico-sdk/lib/tinyusb/src/class/cdc/cdc_device.c.obj
                0x10005a94                cdcd_deinit
 .text.cdcd_reset
                0x10005ab8       0x4c CMakeFiles/02_printf.dir/C_/Repositories/pico/pico-sdk/lib/tinyusb/src/class/cdc/cdc_device.c.obj
                0x10005ab8                cdcd_reset
 .text.cdcd_open
                0x10005b04       0xa8 CMakeFiles/02_printf.dir/C_/Repositories/pico/pico-sdk/lib/tinyusb/src/class/cdc/cdc_device.c.obj
                0x10005b04                cdcd_open
 .text.cdcd_control_xfer_cb
                0x10005bac       0xe8 CMakeFiles/02_printf.dir/C_/Repositories/pico/pico-sdk/lib/tinyusb/src/class/cdc/cdc_device.c.obj
                0x10005bac                cdcd_control_xfer_cb
 .text.cdcd_xfer_cb
                0x10005c94       0xfc CMakeFiles/02_printf.dir/C_/Repositories/pico/pico-sdk/lib/tinyusb/src/class/cdc/cdc_device.c.obj
                0x10005c94                cdcd_xfer_cb
 .text.vendord_init
                0x10005d90       0x5c CMakeFiles/02_printf.dir/C_/Repositories/pico/pico-sdk/lib/tinyusb/src/class/vendor/vendor_device.c.obj
                0x10005d90                vendord_init
 .text.vendord_deinit
                0x10005dec       0x1c CMakeFiles/02_printf.dir/C_/Repositories/pico/pico-sdk/lib/tinyusb/src/class/vendor/vendor_device.c.obj
                0x10005dec                vendord_deinit
 .text.vendord_reset
                0x10005e08       0x28 CMakeFiles/02_printf.dir/C_/Repositories/pico/pico-sdk/lib/tinyusb/src/class/vendor/vendor_device.c.obj
                0x10005e08                vendord_reset
 .text.vendord_open
                0x10005e30      0x128 CMakeFiles/02_printf.dir/C_/Repositories/pico/pico-sdk/lib/tinyusb/src/class/vendor/vendor_device.c.obj
                0x10005e30                vendord_open
 .text.vendord_xfer_cb
                0x10005f58       0x9c CMakeFiles/02_printf.dir/C_/Repositories/pico/pico-sdk/lib/tinyusb/src/class/vendor/vendor_device.c.obj
                0x10005f58                vendord_xfer_cb
 .text.tusb_rhport_init
                0x10005ff4       0x48 CMakeFiles/02_printf.dir/C_/Repositories/pico/pico-sdk/lib/tinyusb/src/tusb.c.obj
                0x10005ff4                tusb_rhport_init
 .text.tu_edpt_claim
                0x1000603c       0x50 CMakeFiles/02_printf.dir/C_/Repositories/pico/pico-sdk/lib/tinyusb/src/tusb.c.obj
                0x1000603c                tu_edpt_claim
 .text.tu_edpt_release
                0x1000608c       0x38 CMakeFiles/02_printf.dir/C_/Repositories/pico/pico-sdk/lib/tinyusb/src/tusb.c.obj
                0x1000608c                tu_edpt_release
 .text.tu_edpt_validate
                0x100060c4       0x78 CMakeFiles/02_printf.dir/C_/Repositories/pico/pico-sdk/lib/tinyusb/src/tusb.c.obj
                0x100060c4                tu_edpt_validate
 .text.tu_edpt_bind_driver
                0x1000613c       0x34 CMakeFiles/02_printf.dir/C_/Repositories/pico/pico-sdk/lib/tinyusb/src/tusb.c.obj
                0x1000613c                tu_edpt_bind_driver
 .text.tu_edpt_stream_init
                0x10006170       0x6c CMakeFiles/02_printf.dir/C_/Repositories/pico/pico-sdk/lib/tinyusb/src/tusb.c.obj
                0x10006170                tu_edpt_stream_init
 .text.tu_edpt_stream_deinit
                0x100061dc        0x4 CMakeFiles/02_printf.dir/C_/Repositories/pico/pico-sdk/lib/tinyusb/src/tusb.c.obj
                0x100061dc                tu_edpt_stream_deinit
 .text.tu_edpt_stream_write_zlp_if_needed
                0x100061e0       0x58 CMakeFiles/02_printf.dir/C_/Repositories/pico/pico-sdk/lib/tinyusb/src/tusb.c.obj
                0x100061e0                tu_edpt_stream_write_zlp_if_needed
 .text.tu_edpt_stream_write_xfer
                0x10006238       0x64 CMakeFiles/02_printf.dir/C_/Repositories/pico/pico-sdk/lib/tinyusb/src/tusb.c.obj
                0x10006238                tu_edpt_stream_write_xfer
 .text.tu_edpt_stream_read_xfer
                0x1000629c       0xdc CMakeFiles/02_printf.dir/C_/Repositories/pico/pico-sdk/lib/tinyusb/src/tusb.c.obj
                0x1000629c                tu_edpt_stream_read_xfer
 .text.tu_fifo_config
                0x10006378       0x70 CMakeFiles/02_printf.dir/C_/Repositories/pico/pico-sdk/lib/tinyusb/src/common/tusb_fifo.c.obj
                0x10006378                tu_fifo_config
 .text.tu_fifo_count
                0x100063e8       0x2c CMakeFiles/02_printf.dir/C_/Repositories/pico/pico-sdk/lib/tinyusb/src/common/tusb_fifo.c.obj
                0x100063e8                tu_fifo_count
 .text.tu_fifo_empty
                0x10006414       0x10 CMakeFiles/02_printf.dir/C_/Repositories/pico/pico-sdk/lib/tinyusb/src/common/tusb_fifo.c.obj
                0x10006414                tu_fifo_empty
 .text.tu_fifo_remaining
                0x10006424       0x2c CMakeFiles/02_printf.dir/C_/Repositories/pico/pico-sdk/lib/tinyusb/src/common/tusb_fifo.c.obj
                0x10006424                tu_fifo_remaining
 .text.tu_fifo_read
                0x10006450       0xa0 CMakeFiles/02_printf.dir/C_/Repositories/pico/pico-sdk/lib/tinyusb/src/common/tusb_fifo.c.obj
                0x10006450                tu_fifo_read
 .text.tu_fifo_read_n
                0x100064f0       0xec CMakeFiles/02_printf.dir/C_/Repositories/pico/pico-sdk/lib/tinyusb/src/common/tusb_fifo.c.obj
                0x100064f0                tu_fifo_read_n
 .text.tu_fifo_write
                0x100065dc       0x88 CMakeFiles/02_printf.dir/C_/Repositories/pico/pico-sdk/lib/tinyusb/src/common/tusb_fifo.c.obj
                0x100065dc                tu_fifo_write
 .text.tu_fifo_write_n
                0x10006664      0x168 CMakeFiles/02_printf.dir/C_/Repositories/pico/pico-sdk/lib/tinyusb/src/common/tusb_fifo.c.obj
                0x10006664                tu_fifo_write_n
 .text.tu_fifo_clear
                0x100067cc       0x40 CMakeFiles/02_printf.dir/C_/Repositories/pico/pico-sdk/lib/tinyusb/src/common/tusb_fifo.c.obj
                0x100067cc                tu_fifo_clear
 .text.tu_fifo_set_overwritable
                0x1000680c       0x48 CMakeFiles/02_printf.dir/C_/Repositories/pico/pico-sdk/lib/tinyusb/src/common/tusb_fifo.c.obj
                0x1000680c                tu_fifo_set_overwritable
 .text.malloc   0x10006854       0x14 c:/program files (x86)/gnu arm embedded toolchain/10 2021.10/bin/../lib/gcc/arm-none-eabi/10.3.1/../../../../arm-none-eabi/lib/thumb/v6-m/nofp\libg.a(lib_a-malloc.o)
                0x10006854                malloc
 .text._malloc_r
                0x10006868      0x584 c:/program files (x86)/gnu arm embedded toolchain/10 2021.10/bin/../lib/gcc/arm-none-eabi/10.3.1/../../../../arm-none-eabi/lib/thumb/v6-m/nofp\libg.a(lib_a-mallocr.o)
                0x10006868                _malloc_r
 .text.__malloc_lock
                0x10006dec       0x10 c:/program files (x86)/gnu arm embedded toolchain/10 2021.10/bin/../lib/gcc/arm-none-eabi/10.3.1/../../../../arm-none-eabi/lib/thumb/v6-m/nofp\libg.a(lib_a-mlock.o)
                0x10006dec                __malloc_lock
 .text.__malloc_unlock
                0x10006dfc       0x10 c:/program files (x86)/gnu arm embedded toolchain/10 2021.10/bin/../lib/gcc/arm-none-eabi/10.3.1/../../../../arm-none-eabi/lib/thumb/v6-m/nofp\libg.a(lib_a-mlock.o)
                0x10006dfc                __malloc_unlock
 .text._sbrk_r  0x10006e0c       0x24 c:/program files (x86)/gnu arm embedded toolchain/10 2021.10/bin/../lib/gcc/arm-none-eabi/10.3.1/../../../../arm-none-eabi/lib/thumb/v6-m/nofp\libg.a(lib_a-sbrkr.o)
                0x10006e0c                _sbrk_r
 .text.strlen   0x10006e30       0x5c c:/program files (x86)/gnu arm embedded toolchain/10 2021.10/bin/../lib/gcc/arm-none-eabi/10.3.1/../../../../arm-none-eabi/lib/thumb/v6-m/nofp\libg.a(lib_a-strlen-stub.o)
                0x10006e30                strlen
 .text._malloc_trim_r
                0x10006e8c       0x9c c:/program files (x86)/gnu arm embedded toolchain/10 2021.10/bin/../lib/gcc/arm-none-eabi/10.3.1/../../../../arm-none-eabi/lib/thumb/v6-m/nofp\libg.a(lib_a-freer.o)
                0x10006e8c                _malloc_trim_r
 .text._free_r  0x10006f28      0x1c4 c:/program files (x86)/gnu arm embedded toolchain/10 2021.10/bin/../lib/gcc/arm-none-eabi/10.3.1/../../../../arm-none-eabi/lib/thumb/v6-m/nofp\libg.a(lib_a-freer.o)
                0x10006f28                _free_r
 .text.__retarget_lock_acquire_recursive
                0x100070ec        0x4 c:/program files (x86)/gnu arm embedded toolchain/10 2021.10/bin/../lib/gcc/arm-none-eabi/10.3.1/../../../../arm-none-eabi/lib/thumb/v6-m/nofp\libg.a(lib_a-lock.o)
                0x100070ec                __retarget_lock_acquire_recursive
 .text.__retarget_lock_release_recursive
                0x100070f0        0x4 c:/program files (x86)/gnu arm embedded toolchain/10 2021.10/bin/../lib/gcc/arm-none-eabi/10.3.1/../../../../arm-none-eabi/lib/thumb/v6-m/nofp\libg.a(lib_a-lock.o)
                0x100070f0                __retarget_lock_release_recursive
 *(.fini)
 .fini          0x100070f4        0x4 c:/program files (x86)/gnu arm embedded toolchain/10 2021.10/bin/../lib/gcc/arm-none-eabi/10.3.1/thumb/v6-m/nofp/crti.o
                0x100070f4                _fini
 .fini.__stub   0x100070f8       0xd0 linker stubs
 *crtbegin.o(.ctors)
 *crtbegin?.o(.ctors)
 *(EXCLUDE_FILE(*crtend.o *crtend?.o) .ctors)
 *(SORT_BY_NAME(.ctors.*))
 *(.ctors)
 *crtbegin.o(.dtors)
 *crtbegin?.o(.dtors)
 *(EXCLUDE_FILE(*crtend.o *crtend?.o) .dtors)
 *(SORT_BY_NAME(.dtors.*))
 *(.dtors)
 *(.eh_frame*)
 .eh_frame      0x100071c8        0x0 c:/program files (x86)/gnu arm embedded toolchain/10 2021.10/bin/../lib/gcc/arm-none-eabi/10.3.1/thumb/v6-m/nofp/crtbegin.o
                0x100071c8                . = ALIGN (0x4)

.glue_7         0x100071c8        0x0
 .glue_7        0x100071c8        0x0 linker stubs

.glue_7t        0x100071c8        0x0
 .glue_7t       0x100071c8        0x0 linker stubs

.vfp11_veneer   0x100071c8        0x0
 .vfp11_veneer  0x100071c8        0x0 linker stubs

.v4_bx          0x100071c8        0x0
 .v4_bx         0x100071c8        0x0 linker stubs

.iplt           0x100071c8        0x0
 .iplt          0x100071c8        0x0 c:/program files (x86)/gnu arm embedded toolchain/10 2021.10/bin/../lib/gcc/arm-none-eabi/10.3.1/thumb/v6-m/nofp/crtbegin.o

.rodata         0x100071c8      0x8a0
 *(EXCLUDE_FILE(*libm.a: *libc.a:*lib_a-mem*.o *libgcc.a:) .rodata*)
 .rodata.main.str1.4
                0x100071c8      0x234 CMakeFiles/02_printf.dir/main.c.obj
 .rodata.constant_variable
                0x100073fc        0x4 CMakeFiles/02_printf.dir/main.c.obj
                0x100073fc                constant_variable
 .rodata.panic.str1.4
                0x10007400       0x10 CMakeFiles/02_printf.dir/C_/Repositories/pico/pico-sdk/src/rp2_common/pico_platform_panic/panic.c.obj
                                 0x12 (size before relaxing)
 .rodata.spin_lock_claim_unused.str1.4
                0x10007410       0x1b CMakeFiles/02_printf.dir/C_/Repositories/pico/pico-sdk/src/rp2_common/hardware_sync/sync.c.obj
 *fill*         0x1000742b        0x1 
 .rodata.user_irq_claim_unused.str1.4
                0x1000742c       0x1b CMakeFiles/02_printf.dir/C_/Repositories/pico/pico-sdk/src/rp2_common/hardware_irq/irq.c.obj
 *fill*         0x10007447        0x1 
 .rodata.timer_hardware_alarm_claim.str1.4
                0x10007448       0x22 CMakeFiles/02_printf.dir/C_/Repositories/pico/pico-sdk/src/rp2_common/hardware_timer/timer.c.obj
 *fill*         0x1000746a        0x2 
 .rodata.hard_assertion_failure.str1.4
                0x1000746c        0xc CMakeFiles/02_printf.dir/C_/Repositories/pico/pico-sdk/src/rp2_common/pico_runtime/runtime.c.obj
 .rodata.__wrap_malloc.str1.4
                0x10007478        0xe CMakeFiles/02_printf.dir/C_/Repositories/pico/pico-sdk/src/rp2_common/pico_malloc/malloc.c.obj
 *fill*         0x10007486        0x2 
 .rodata.str1.4
                0x10007488       0x40 CMakeFiles/02_printf.dir/C_/Repositories/pico/pico-sdk/src/rp2_common/pico_standard_binary_info/standard_binary_info.c.obj
 .rodata.__bi_26
                0x100074c8        0xc CMakeFiles/02_printf.dir/C_/Repositories/pico/pico-sdk/src/rp2_common/pico_standard_binary_info/standard_binary_info.c.obj
 .rodata.__bi_34
                0x100074d4        0xc CMakeFiles/02_printf.dir/C_/Repositories/pico/pico-sdk/src/rp2_common/pico_standard_binary_info/standard_binary_info.c.obj
 .rodata.__bi_42
                0x100074e0        0xc CMakeFiles/02_printf.dir/C_/Repositories/pico/pico-sdk/src/rp2_common/pico_standard_binary_info/standard_binary_info.c.obj
 .rodata.__bi_48
                0x100074ec        0xc CMakeFiles/02_printf.dir/C_/Repositories/pico/pico-sdk/src/rp2_common/pico_standard_binary_info/standard_binary_info.c.obj
 .rodata.__bi_54
                0x100074f8        0xc CMakeFiles/02_printf.dir/C_/Repositories/pico/pico-sdk/src/rp2_common/pico_standard_binary_info/standard_binary_info.c.obj
 .rodata.__bi_78
                0x10007504        0xc CMakeFiles/02_printf.dir/C_/Repositories/pico/pico-sdk/src/rp2_common/pico_standard_binary_info/standard_binary_info.c.obj
 .rodata.__bi_84
                0x10007510        0xc CMakeFiles/02_printf.dir/C_/Repositories/pico/pico-sdk/src/rp2_common/pico_standard_binary_info/standard_binary_info.c.obj
 .rodata._ftoa.str1.4
                0x1000751c       0x15 CMakeFiles/02_printf.dir/C_/Repositories/pico/pico-sdk/src/rp2_common/pico_printf/printf.c.obj
 *fill*         0x10007531        0x3 
 .rodata._vsnprintf
                0x10007534      0x1e0 CMakeFiles/02_printf.dir/C_/Repositories/pico/pico-sdk/src/rp2_common/pico_printf/printf.c.obj
 *fill*         0x10007714        0x4 
 .rodata.pow10.0
                0x10007718       0x50 CMakeFiles/02_printf.dir/C_/Repositories/pico/pico-sdk/src/rp2_common/pico_printf/printf.c.obj
 .rodata.crlf_str.0
                0x10007768        0x2 CMakeFiles/02_printf.dir/C_/Repositories/pico/pico-sdk/src/rp2_common/pico_stdio/stdio.c.obj
 *fill*         0x1000776a        0x2 
 .rodata._resetd_driver
                0x1000776c       0x20 CMakeFiles/02_printf.dir/C_/Repositories/pico/pico-sdk/src/rp2_common/pico_stdio_usb/reset_interface.c.obj
 .rodata.desc_bos
                0x1000778c       0x21 CMakeFiles/02_printf.dir/C_/Repositories/pico/pico-sdk/src/rp2_common/pico_stdio_usb/reset_interface.c.obj
                0x1000778c                desc_bos
 *fill*         0x100077ad        0x3 
 .rodata.desc_ms_os_20
                0x100077b0       0xa6 CMakeFiles/02_printf.dir/C_/Repositories/pico/pico-sdk/src/rp2_common/pico_stdio_usb/reset_interface.c.obj
 *fill*         0x10007856        0x2 
 .rodata.str1.4
                0x10007858       0x13 CMakeFiles/02_printf.dir/C_/Repositories/pico/pico-sdk/src/rp2_common/pico_stdio_usb/stdio_usb.c.obj
 *fill*         0x1000786b        0x1 
 .rodata.__bi_202.0
                0x1000786c        0xc CMakeFiles/02_printf.dir/C_/Repositories/pico/pico-sdk/src/rp2_common/pico_stdio_usb/stdio_usb.c.obj
 .rodata.str1.4
                0x10007878       0x2a CMakeFiles/02_printf.dir/C_/Repositories/pico/pico-sdk/src/rp2_common/pico_stdio_usb/stdio_usb_descriptors.c.obj
 *fill*         0x100078a2        0x2 
 .rodata.usbd_desc_cfg
                0x100078a4       0x54 CMakeFiles/02_printf.dir/C_/Repositories/pico/pico-sdk/src/rp2_common/pico_stdio_usb/stdio_usb_descriptors.c.obj
 .rodata.usbd_desc_device
                0x100078f8       0x12 CMakeFiles/02_printf.dir/C_/Repositories/pico/pico-sdk/src/rp2_common/pico_stdio_usb/stdio_usb_descriptors.c.obj
 *fill*         0x1000790a        0x2 
 .rodata.usbd_desc_str
                0x1000790c       0x18 CMakeFiles/02_printf.dir/C_/Repositories/pico/pico-sdk/src/rp2_common/pico_stdio_usb/stdio_usb_descriptors.c.obj
 .rodata.str1.4
                0x10007924       0x14 CMakeFiles/02_printf.dir/C_/Repositories/pico/pico-sdk/lib/tinyusb/src/portable/raspberrypi/rp2040/dcd_rp2040.c.obj
 .rodata.str1.4
                0x10007938       0x48 CMakeFiles/02_printf.dir/C_/Repositories/pico/pico-sdk/lib/tinyusb/src/portable/raspberrypi/rp2040/rp2040_usb.c.obj
 .rodata.tud_task_ext
                0x10007980       0x8c CMakeFiles/02_printf.dir/C_/Repositories/pico/pico-sdk/lib/tinyusb/src/device/usbd.c.obj
 .rodata        0x10007a0c       0x1c CMakeFiles/02_printf.dir/C_/Repositories/pico/pico-sdk/lib/tinyusb/src/device/usbd.c.obj
 .rodata._usbd_driver
                0x10007a28       0x40 CMakeFiles/02_printf.dir/C_/Repositories/pico/pico-sdk/lib/tinyusb/src/device/usbd.c.obj
                0x10007a68                . = ALIGN (0x4)
 *(SORT_BY_ALIGNMENT(SORT_BY_NAME(.flashdata*)))
                0x10007a68                . = ALIGN (0x4)

.ARM.extab
 *(.ARM.extab* .gnu.linkonce.armextab.*)
                0x10007a68                __exidx_start = .

.ARM.exidx
 *(.ARM.exidx* .gnu.linkonce.armexidx.*)
                0x10007a68                __exidx_end = .
                0x10007a68                . = ALIGN (0x4)
                0x10007a68                __binary_info_start = .

.binary_info    0x10007a68       0x20
 *(.binary_info.keep.*)
 .binary_info.keep.__bi_ptr26
                0x10007a68        0x4 CMakeFiles/02_printf.dir/C_/Repositories/pico/pico-sdk/src/rp2_common/pico_standard_binary_info/standard_binary_info.c.obj
 .binary_info.keep.__bi_ptr34
                0x10007a6c        0x4 CMakeFiles/02_printf.dir/C_/Repositories/pico/pico-sdk/src/rp2_common/pico_standard_binary_info/standard_binary_info.c.obj
 .binary_info.keep.__bi_ptr42
                0x10007a70        0x4 CMakeFiles/02_printf.dir/C_/Repositories/pico/pico-sdk/src/rp2_common/pico_standard_binary_info/standard_binary_info.c.obj
 .binary_info.keep.__bi_ptr48
                0x10007a74        0x4 CMakeFiles/02_printf.dir/C_/Repositories/pico/pico-sdk/src/rp2_common/pico_standard_binary_info/standard_binary_info.c.obj
 .binary_info.keep.__bi_ptr54
                0x10007a78        0x4 CMakeFiles/02_printf.dir/C_/Repositories/pico/pico-sdk/src/rp2_common/pico_standard_binary_info/standard_binary_info.c.obj
 .binary_info.keep.__bi_ptr78
                0x10007a7c        0x4 CMakeFiles/02_printf.dir/C_/Repositories/pico/pico-sdk/src/rp2_common/pico_standard_binary_info/standard_binary_info.c.obj
 .binary_info.keep.__bi_ptr84
                0x10007a80        0x4 CMakeFiles/02_printf.dir/C_/Repositories/pico/pico-sdk/src/rp2_common/pico_standard_binary_info/standard_binary_info.c.obj
 *(.binary_info.*)
 .binary_info.__bi_ptr202
                0x10007a84        0x4 CMakeFiles/02_printf.dir/C_/Repositories/pico/pico-sdk/src/rp2_common/pico_stdio_usb/stdio_usb.c.obj
                0x10007a88                __binary_info_end = .
                0x10007a88                . = ALIGN (0x4)

.ram_vector_table
                0x20000000       0xc0
 *(.ram_vector_table)
 .ram_vector_table
                0x20000000       0xc0 CMakeFiles/02_printf.dir/C_/Repositories/pico/pico-sdk/src/rp2_common/pico_runtime_init/runtime_init.c.obj
                0x20000000                ram_vector_table

.data           0x200000c0     0x18b4 load address 0x10007a88
                0x200000c0                __data_start__ = .
 *(vtable)
 *(.time_critical*)
 .time_critical.mutex_try_enter
                0x200000c0       0x44 CMakeFiles/02_printf.dir/C_/Repositories/pico/pico-sdk/src/common/pico_sync/mutex.c.obj
                0x200000c0                mutex_try_enter
 .time_critical.mutex_try_enter_block_until
                0x20000104       0x9c CMakeFiles/02_printf.dir/C_/Repositories/pico/pico-sdk/src/common/pico_sync/mutex.c.obj
                0x20000104                mutex_try_enter_block_until
 .time_critical.mutex_enter_timeout_ms
                0x200001a0       0x90 CMakeFiles/02_printf.dir/C_/Repositories/pico/pico-sdk/src/common/pico_sync/mutex.c.obj
                0x200001a0                mutex_enter_timeout_ms
 .time_critical.mutex_exit
                0x20000230       0x28 CMakeFiles/02_printf.dir/C_/Repositories/pico/pico-sdk/src/common/pico_sync/mutex.c.obj
                0x20000230                mutex_exit
 .time_critical.flash_init_boot2_copyout
                0x20000258       0x30 CMakeFiles/02_printf.dir/C_/Repositories/pico/pico-sdk/src/rp2_common/hardware_flash/flash.c.obj
 .time_critical.flash_enable_xip_via_boot2
                0x20000288       0x10 CMakeFiles/02_printf.dir/C_/Repositories/pico/pico-sdk/src/rp2_common/hardware_flash/flash.c.obj
 .time_critical.flash_save_hardware_state
                0x20000298       0x28 CMakeFiles/02_printf.dir/C_/Repositories/pico/pico-sdk/src/rp2_common/hardware_flash/flash.c.obj
 .time_critical.flash_restore_hardware_state
                0x200002c0       0x28 CMakeFiles/02_printf.dir/C_/Repositories/pico/pico-sdk/src/rp2_common/hardware_flash/flash.c.obj
 .time_critical.flash_cs_force
                0x200002e8       0x38 CMakeFiles/02_printf.dir/C_/Repositories/pico/pico-sdk/src/rp2_common/hardware_flash/flash.c.obj
 .time_critical.flash_do_cmd
                0x20000320       0xd4 CMakeFiles/02_printf.dir/C_/Repositories/pico/pico-sdk/src/rp2_common/hardware_flash/flash.c.obj
                0x20000320                flash_do_cmd
 .time_critical.reset_non_control_endpoints
                0x200003f4       0xbc CMakeFiles/02_printf.dir/C_/Repositories/pico/pico-sdk/lib/tinyusb/src/portable/raspberrypi/rp2040/dcd_rp2040.c.obj
 .time_critical.hw_handle_buff_status
                0x200004b0       0x98 CMakeFiles/02_printf.dir/C_/Repositories/pico/pico-sdk/lib/tinyusb/src/portable/raspberrypi/rp2040/dcd_rp2040.c.obj
 .time_critical.dcd_rp2040_irq
                0x20000548      0x530 CMakeFiles/02_printf.dir/C_/Repositories/pico/pico-sdk/lib/tinyusb/src/portable/raspberrypi/rp2040/dcd_rp2040.c.obj
 .time_critical.prepare_ep_buffer
                0x20000a78       0xf4 CMakeFiles/02_printf.dir/C_/Repositories/pico/pico-sdk/lib/tinyusb/src/portable/raspberrypi/rp2040/rp2040_usb.c.obj
 .time_critical.sync_ep_buffer
                0x20000b6c       0xb4 CMakeFiles/02_printf.dir/C_/Repositories/pico/pico-sdk/lib/tinyusb/src/portable/raspberrypi/rp2040/rp2040_usb.c.obj
 .time_critical._hw_endpoint_xfer_sync
                0x20000c20       0x28 CMakeFiles/02_printf.dir/C_/Repositories/pico/pico-sdk/lib/tinyusb/src/portable/raspberrypi/rp2040/rp2040_usb.c.obj
 .time_critical.e15_is_bulkin_ep
                0x20000c48       0x28 CMakeFiles/02_printf.dir/C_/Repositories/pico/pico-sdk/lib/tinyusb/src/portable/raspberrypi/rp2040/rp2040_usb.c.obj
 .time_critical.e15_is_critical_frame_period
                0x20000c70       0x34 CMakeFiles/02_printf.dir/C_/Repositories/pico/pico-sdk/lib/tinyusb/src/portable/raspberrypi/rp2040/rp2040_usb.c.obj
 .time_critical.hw_endpoint_reset_transfer
                0x20000ca4        0xc CMakeFiles/02_printf.dir/C_/Repositories/pico/pico-sdk/lib/tinyusb/src/portable/raspberrypi/rp2040/rp2040_usb.c.obj
                0x20000ca4                hw_endpoint_reset_transfer
 .time_critical._hw_endpoint_buffer_control_update32
                0x20000cb0       0x50 CMakeFiles/02_printf.dir/C_/Repositories/pico/pico-sdk/lib/tinyusb/src/portable/raspberrypi/rp2040/rp2040_usb.c.obj
                0x20000cb0                _hw_endpoint_buffer_control_update32
 .time_critical.hw_endpoint_start_next_buffer
                0x20000d00       0x6c CMakeFiles/02_printf.dir/C_/Repositories/pico/pico-sdk/lib/tinyusb/src/portable/raspberrypi/rp2040/rp2040_usb.c.obj
                0x20000d00                hw_endpoint_start_next_buffer
 .time_critical.hw_endpoint_xfer_continue
                0x20000d6c       0x40 CMakeFiles/02_printf.dir/C_/Repositories/pico/pico-sdk/lib/tinyusb/src/portable/raspberrypi/rp2040/rp2040_usb.c.obj
                0x20000d6c                hw_endpoint_xfer_continue
 .time_critical.tinyusb
                0x20000dac      0x1f0 CMakeFiles/02_printf.dir/C_/Repositories/pico/pico-sdk/lib/tinyusb/src/device/usbd.c.obj
                0x20000dac                dcd_event_handler
 *(.text*)
 .text          0x20000f9c        0x4 c:/program files (x86)/gnu arm embedded toolchain/10 2021.10/bin/../lib/gcc/arm-none-eabi/10.3.1/thumb/v6-m/nofp\libgcc.a(_dvmd_tls.o)
                0x20000f9c                __aeabi_idiv0
                0x20000f9c                __aeabi_ldiv0
 .text.__stub   0x20000fa0       0x80 linker stubs
                0x20001020                . = ALIGN (0x4)
 *(.rodata*)
                0x20001020                . = ALIGN (0x4)
 *(.data*)
 .data.striped_spin_lock_num
                0x20001020        0x1 CMakeFiles/02_printf.dir/C_/Repositories/pico/pico-sdk/src/rp2_common/hardware_sync/sync.c.obj
 *fill*         0x20001021        0x3 
 .data          0x20001024       0x48 CMakeFiles/02_printf.dir/C_/Repositories/pico/pico-sdk/src/rp2_common/hardware_irq/irq_handler_chain.S.obj
                0x20001024                irq_handler_chain_slots
                0x20001054                irq_handler_chain_first_slot
                0x2000105e                irq_handler_chain_remove_tail
 .data.default_alarm_pool
                0x2000106c       0x18 CMakeFiles/02_printf.dir/C_/Repositories/pico/pico-sdk/src/common/pico_time/time.c.obj
 *fill*         0x20001084        0xc 
 .data.aeabi_bits_funcs
                0x20001090       0x10 CMakeFiles/02_printf.dir/C_/Repositories/pico/pico-sdk/src/rp2_common/pico_bit_ops/bit_ops_aeabi.S.obj
                0x20001090                aeabi_bits_funcs
                0x200010a0                aeabi_bits_funcs_end
 .data.aeabi_mem_funcs
                0x200010a0       0x10 CMakeFiles/02_printf.dir/C_/Repositories/pico/pico-sdk/src/rp2_common/pico_mem_ops/mem_ops_aeabi.S.obj
                0x200010a0                aeabi_mem_funcs
                0x200010b0                aeabi_mem_funcs_end
 .data.stdio_usb
                0x200010b0       0x18 CMakeFiles/02_printf.dir/C_/Repositories/pico/pico-sdk/src/rp2_common/pico_stdio_usb/stdio_usb.c.obj
                0x200010b0                stdio_usb
 .data._usbd_qdef
                0x200010c8       0x1c CMakeFiles/02_printf.dir/C_/Repositories/pico/pico-sdk/lib/tinyusb/src/device/usbd.c.obj
                0x200010c8                _usbd_qdef
 .data._usbd_rhport
                0x200010e4        0x1 CMakeFiles/02_printf.dir/C_/Repositories/pico/pico-sdk/lib/tinyusb/src/device/usbd.c.obj
 *fill*         0x200010e5        0x3 
 .data._impure_ptr
                0x200010e8        0x4 c:/program files (x86)/gnu arm embedded toolchain/10 2021.10/bin/../lib/gcc/arm-none-eabi/10.3.1/../../../../arm-none-eabi/lib/thumb/v6-m/nofp\libg.a(lib_a-impure.o)
                0x200010e8                _impure_ptr
 *fill*         0x200010ec        0x4 
 .data.impure_data
                0x200010f0      0x428 c:/program files (x86)/gnu arm embedded toolchain/10 2021.10/bin/../lib/gcc/arm-none-eabi/10.3.1/../../../../arm-none-eabi/lib/thumb/v6-m/nofp\libg.a(lib_a-impure.o)
 .data.__malloc_av_
                0x20001518      0x408 c:/program files (x86)/gnu arm embedded toolchain/10 2021.10/bin/../lib/gcc/arm-none-eabi/10.3.1/../../../../arm-none-eabi/lib/thumb/v6-m/nofp\libg.a(lib_a-mallocr.o)
                0x20001518                __malloc_av_
 .data.__malloc_sbrk_base
                0x20001920        0x4 c:/program files (x86)/gnu arm embedded toolchain/10 2021.10/bin/../lib/gcc/arm-none-eabi/10.3.1/../../../../arm-none-eabi/lib/thumb/v6-m/nofp\libg.a(lib_a-mallocr.o)
                0x20001920                __malloc_sbrk_base
 .data.__malloc_trim_threshold
                0x20001924        0x4 c:/program files (x86)/gnu arm embedded toolchain/10 2021.10/bin/../lib/gcc/arm-none-eabi/10.3.1/../../../../arm-none-eabi/lib/thumb/v6-m/nofp\libg.a(lib_a-mallocr.o)
                0x20001924                __malloc_trim_threshold
                0x20001928                . = ALIGN (0x4)
 *(.after_data.*)
                0x20001928                . = ALIGN (0x4)
                0x20001928                PROVIDE (__mutex_array_start = .)
 *(SORT_BY_NAME(.mutex_array.*))
 *(.mutex_array)
 .mutex_array   0x20001928        0x8 CMakeFiles/02_printf.dir/C_/Repositories/pico/pico-sdk/src/rp2_common/pico_stdio/stdio.c.obj
                0x20001930                PROVIDE (__mutex_array_end = .)
                0x20001930                . = ALIGN (0x4)
                0x20001930                PROVIDE (__preinit_array_start = .)
 *(SORT_BY_NAME(.preinit_array.*))
 .preinit_array.00100
                0x20001930        0x4 CMakeFiles/02_printf.dir/C_/Repositories/pico/pico-sdk/src/rp2_common/pico_runtime_init/runtime_init.c.obj
                0x20001930                __pre_init_runtime_init_early_resets
 .preinit_array.00101
                0x20001934        0x4 CMakeFiles/02_printf.dir/C_/Repositories/pico/pico-sdk/src/rp2_common/pico_runtime_init/runtime_init.c.obj
                0x20001934                __pre_init_runtime_init_usb_power_down
 .preinit_array.00275
                0x20001938        0x4 CMakeFiles/02_printf.dir/C_/Repositories/pico/pico-sdk/src/rp2_common/pico_bit_ops/bit_ops_aeabi.S.obj
 .preinit_array.00300
                0x2000193c        0x4 CMakeFiles/02_printf.dir/C_/Repositories/pico/pico-sdk/src/rp2_common/pico_mem_ops/mem_ops_aeabi.S.obj
 .preinit_array.00350
                0x20001940        0x4 CMakeFiles/02_printf.dir/C_/Repositories/pico/pico-sdk/src/rp2_common/pico_double/double_aeabi_rp2040.S.obj
 .preinit_array.00350
                0x20001944        0x4 CMakeFiles/02_printf.dir/C_/Repositories/pico/pico-sdk/src/rp2_common/pico_float/float_aeabi_rp2040.S.obj
 .preinit_array.00500
                0x20001948        0x4 CMakeFiles/02_printf.dir/C_/Repositories/pico/pico-sdk/src/rp2_common/pico_runtime_init/runtime_init.c.obj
                0x20001948                __pre_init_runtime_init_clocks
 .preinit_array.00600
                0x2000194c        0x4 CMakeFiles/02_printf.dir/C_/Repositories/pico/pico-sdk/src/rp2_common/pico_runtime_init/runtime_init.c.obj
                0x2000194c                __pre_init_runtime_init_post_clock_resets
 .preinit_array.00700
                0x20001950        0x4 CMakeFiles/02_printf.dir/C_/Repositories/pico/pico-sdk/src/rp2_common/pico_runtime_init/runtime_init.c.obj
                0x20001950                __pre_init_runtime_init_rp2040_gpio_ie_disable
 .preinit_array.01000
                0x20001954        0x4 CMakeFiles/02_printf.dir/C_/Repositories/pico/pico-sdk/src/rp2_common/pico_runtime_init/runtime_init.c.obj
                0x20001954                __pre_init_runtime_init_spin_locks_reset
 .preinit_array.01100
                0x20001958        0x4 CMakeFiles/02_printf.dir/C_/Repositories/pico/pico-sdk/src/common/pico_sync/mutex.c.obj
                0x20001958                __pre_init_runtime_init_mutex
 .preinit_array.10080
                0x2000195c        0x4 CMakeFiles/02_printf.dir/C_/Repositories/pico/pico-sdk/src/rp2_common/pico_runtime_init/runtime_init.c.obj
                0x2000195c                __pre_init_runtime_init_install_ram_vector_table
 .preinit_array.11000
                0x20001960        0x4 CMakeFiles/02_printf.dir/C_/Repositories/pico/pico-sdk/src/common/pico_time/time.c.obj
                0x20001960                __pre_init_runtime_init_default_alarm_pool
 .preinit_array.YYYYY
                0x20001964        0x4 CMakeFiles/02_printf.dir/C_/Repositories/pico/pico-sdk/src/rp2_common/pico_runtime/runtime.c.obj
                0x20001964                __pre_init_first_per_core_initializer
 .preinit_array.ZZZZZ.01200
                0x20001968        0x4 CMakeFiles/02_printf.dir/C_/Repositories/pico/pico-sdk/src/rp2_common/hardware_irq/irq.c.obj
                0x20001968                __pre_init_runtime_init_per_core_irq_priorities
 *(.preinit_array)
                0x2000196c                PROVIDE (__preinit_array_end = .)
                0x2000196c                . = ALIGN (0x4)
                0x2000196c                PROVIDE (__init_array_start = .)
 *(SORT_BY_NAME(.init_array.*))
 .init_array.01000
                0x2000196c        0x4 CMakeFiles/02_printf.dir/C_/Repositories/pico/pico-sdk/src/rp2_common/pico_unique_id/unique_id.c.obj
 *(.init_array)
 .init_array    0x20001970        0x4 c:/program files (x86)/gnu arm embedded toolchain/10 2021.10/bin/../lib/gcc/arm-none-eabi/10.3.1/thumb/v6-m/nofp/crtbegin.o
                0x20001974                PROVIDE (__init_array_end = .)
                0x20001974                . = ALIGN (0x4)
                [!provide]                PROVIDE (__fini_array_start = .)
 *(SORT_BY_NAME(.fini_array.*))
 *(.fini_array)
                [!provide]                PROVIDE (__fini_array_end = .)
 *(.jcr)
                0x20001974                . = ALIGN (0x4)
                0x20001974                __data_end__ = .
                0x10007a88                __etext = LOADADDR (.data)

.igot.plt       0x20001974        0x0 load address 0x1000933c
 .igot.plt      0x20001974        0x0 c:/program files (x86)/gnu arm embedded toolchain/10 2021.10/bin/../lib/gcc/arm-none-eabi/10.3.1/thumb/v6-m/nofp/crtbegin.o

.uninitialized_data
                0x20001974        0x0 load address 0x1000933c
                0x20001974                . = ALIGN (0x4)
 *(.uninitialized_data*)

.scratch_x      0x20040000        0x0 load address 0x1000933c
                0x20040000                __scratch_x_start__ = .
 *(.scratch_x.*)
                0x20040000                . = ALIGN (0x4)
                0x20040000                __scratch_x_end__ = .
                0x1000933c                __scratch_x_source__ = LOADADDR (.scratch_x)

.scratch_y      0x20041000        0x0 load address 0x1000933c
                0x20041000                __scratch_y_start__ = .
 *(.scratch_y.*)
                0x20041000                . = ALIGN (0x4)
                0x20041000                __scratch_y_end__ = .
                0x1000933c                __scratch_y_source__ = LOADADDR (.scratch_y)

.bss            0x20001978      0xf44
                0x20001978                . = ALIGN (0x4)
                0x20001978                __bss_start__ = .
 *(SORT_BY_ALIGNMENT(SORT_BY_NAME(.bss*)))
 .bss.default_alarm_pool_entries
                0x20001978      0x180 CMakeFiles/02_printf.dir/C_/Repositories/pico/pico-sdk/src/common/pico_time/time.c.obj
 .bss.last_avail_time.1
                0x20001af8        0x8 CMakeFiles/02_printf.dir/C_/Repositories/pico/pico-sdk/src/rp2_common/pico_stdio_usb/stdio_usb.c.obj
 .bss.sd_table  0x20001b00      0x100 CMakeFiles/02_printf.dir/C_/Repositories/pico/pico-sdk/src/rp2_common/pico_double/double_init_rom_rp2040.c.obj
                0x20001b00                sd_table
 .bss.sf_table  0x20001c00      0x100 CMakeFiles/02_printf.dir/C_/Repositories/pico/pico-sdk/src/rp2_common/pico_float/float_init_rom_rp2040.c.obj
                0x20001c00                sf_table
 .bss           0x20001d00       0x1c c:/program files (x86)/gnu arm embedded toolchain/10 2021.10/bin/../lib/gcc/arm-none-eabi/10.3.1/thumb/v6-m/nofp/crtbegin.o
 .bss.__lock___malloc_recursive_mutex
                0x20001d1c        0x1 c:/program files (x86)/gnu arm embedded toolchain/10 2021.10/bin/../lib/gcc/arm-none-eabi/10.3.1/../../../../arm-none-eabi/lib/thumb/v6-m/nofp\libg.a(lib_a-lock.o)
                0x20001d1c                __lock___malloc_recursive_mutex
 *fill*         0x20001d1d        0x3 
 .bss.__malloc_current_mallinfo
                0x20001d20       0x28 c:/program files (x86)/gnu arm embedded toolchain/10 2021.10/bin/../lib/gcc/arm-none-eabi/10.3.1/../../../../arm-none-eabi/lib/thumb/v6-m/nofp\libg.a(lib_a-mallocr.o)
                0x20001d20                __malloc_current_mallinfo
 .bss.__malloc_max_sbrked_mem
                0x20001d48        0x4 c:/program files (x86)/gnu arm embedded toolchain/10 2021.10/bin/../lib/gcc/arm-none-eabi/10.3.1/../../../../arm-none-eabi/lib/thumb/v6-m/nofp\libg.a(lib_a-mallocr.o)
                0x20001d48                __malloc_max_sbrked_mem
 .bss.__malloc_max_total_mem
                0x20001d4c        0x4 c:/program files (x86)/gnu arm embedded toolchain/10 2021.10/bin/../lib/gcc/arm-none-eabi/10.3.1/../../../../arm-none-eabi/lib/thumb/v6-m/nofp\libg.a(lib_a-mallocr.o)
                0x20001d4c                __malloc_max_total_mem
 .bss.__malloc_top_pad
                0x20001d50        0x4 c:/program files (x86)/gnu arm embedded toolchain/10 2021.10/bin/../lib/gcc/arm-none-eabi/10.3.1/../../../../arm-none-eabi/lib/thumb/v6-m/nofp\libg.a(lib_a-mallocr.o)
                0x20001d50                __malloc_top_pad
 .bss._app_driver
                0x20001d54        0x4 CMakeFiles/02_printf.dir/C_/Repositories/pico/pico-sdk/lib/tinyusb/src/device/usbd.c.obj
 .bss._cdcd_epbuf
                0x20001d58       0x80 CMakeFiles/02_printf.dir/C_/Repositories/pico/pico-sdk/lib/tinyusb/src/class/cdc/cdc_device.c.obj
 .bss._cdcd_fifo_cfg
                0x20001dd8        0x1 CMakeFiles/02_printf.dir/C_/Repositories/pico/pico-sdk/lib/tinyusb/src/class/cdc/cdc_device.c.obj
 *fill*         0x20001dd9        0x3 
 .bss._cdcd_itf
                0x20001ddc       0xc8 CMakeFiles/02_printf.dir/C_/Repositories/pico/pico-sdk/lib/tinyusb/src/class/cdc/cdc_device.c.obj
 .bss._ctrl_epbuf
                0x20001ea4       0x40 CMakeFiles/02_printf.dir/C_/Repositories/pico/pico-sdk/lib/tinyusb/src/device/usbd_control.c.obj
 .bss._ctrl_xfer
                0x20001ee4       0x14 CMakeFiles/02_printf.dir/C_/Repositories/pico/pico-sdk/lib/tinyusb/src/device/usbd_control.c.obj
 .bss._tusb_rhport_role
                0x20001ef8        0x2 CMakeFiles/02_printf.dir/C_/Repositories/pico/pico-sdk/lib/tinyusb/src/tusb.c.obj
                0x20001ef8                _tusb_rhport_role
 *fill*         0x20001efa        0x2 
 .bss._ubsd_mutexdef
                0x20001efc        0x8 CMakeFiles/02_printf.dir/C_/Repositories/pico/pico-sdk/lib/tinyusb/src/device/usbd.c.obj
 .bss._usbd_dev
                0x20001f04       0x54 CMakeFiles/02_printf.dir/C_/Repositories/pico/pico-sdk/lib/tinyusb/src/device/usbd.c.obj
 .bss._usbd_mutex
                0x20001f58        0x4 CMakeFiles/02_printf.dir/C_/Repositories/pico/pico-sdk/lib/tinyusb/src/device/usbd.c.obj
 .bss._usbd_q   0x20001f5c        0x4 CMakeFiles/02_printf.dir/C_/Repositories/pico/pico-sdk/lib/tinyusb/src/device/usbd.c.obj
 .bss._usbd_qdef_buf
                0x20001f60       0xc0 CMakeFiles/02_printf.dir/C_/Repositories/pico/pico-sdk/lib/tinyusb/src/device/usbd.c.obj
                0x20001f60                _usbd_qdef_buf
 .bss._vendord_epbuf
                0x20002020       0x80 CMakeFiles/02_printf.dir/C_/Repositories/pico/pico-sdk/lib/tinyusb/src/class/vendor/vendor_device.c.obj
 .bss._vendord_itf
                0x200020a0      0x24c CMakeFiles/02_printf.dir/C_/Repositories/pico/pico-sdk/lib/tinyusb/src/class/vendor/vendor_device.c.obj
 .bss.boot2_copyout
                0x200022ec      0x100 CMakeFiles/02_printf.dir/C_/Repositories/pico/pico-sdk/src/rp2_common/hardware_flash/flash.c.obj
 .bss.chars_available_callback
                0x200023ec        0x4 CMakeFiles/02_printf.dir/C_/Repositories/pico/pico-sdk/src/rp2_common/pico_stdio_usb/stdio_usb.c.obj
 .bss.chars_available_param
                0x200023f0        0x4 CMakeFiles/02_printf.dir/C_/Repositories/pico/pico-sdk/src/rp2_common/pico_stdio_usb/stdio_usb.c.obj
 .bss.claimed   0x200023f4        0x4 CMakeFiles/02_printf.dir/C_/Repositories/pico/pico-sdk/src/rp2_common/hardware_sync/sync.c.obj
 .bss.claimed   0x200023f8        0x1 CMakeFiles/02_printf.dir/C_/Repositories/pico/pico-sdk/src/rp2_common/hardware_timer/timer.c.obj
 *fill*         0x200023f9        0x3 
 .bss.configured_freq
                0x200023fc       0x28 CMakeFiles/02_printf.dir/C_/Repositories/pico/pico-sdk/src/rp2_common/hardware_clocks/clocks.c.obj
 .bss.desc_str.0
                0x20002424       0x28 CMakeFiles/02_printf.dir/C_/Repositories/pico/pico-sdk/src/rp2_common/pico_stdio_usb/stdio_usb_descriptors.c.obj
 .bss.drivers   0x2000244c        0x4 CMakeFiles/02_printf.dir/C_/Repositories/pico/pico-sdk/src/rp2_common/pico_stdio/stdio.c.obj
 .bss.e15_last_sof
                0x20002450        0x4 CMakeFiles/02_printf.dir/C_/Repositories/pico/pico-sdk/lib/tinyusb/src/portable/raspberrypi/rp2040/rp2040_usb.c.obj
                0x20002450                e15_last_sof
 .bss.errno     0x20002454        0x4 c:/program files (x86)/gnu arm embedded toolchain/10 2021.10/bin/../lib/gcc/arm-none-eabi/10.3.1/../../../../arm-none-eabi/lib/thumb/v6-m/nofp\libg.a(lib_a-reent.o)
                0x20002454                errno
 .bss.filter    0x20002458        0x4 CMakeFiles/02_printf.dir/C_/Repositories/pico/pico-sdk/src/rp2_common/pico_stdio/stdio.c.obj
 .bss.global_variable
                0x2000245c        0x4 CMakeFiles/02_printf.dir/main.c.obj
                0x2000245c                global_variable
 .bss.heap_end.0
                0x20002460        0x4 CMakeFiles/02_printf.dir/C_/Repositories/pico/pico-sdk/src/rp2_common/pico_clib_interface/newlib_interface.c.obj
 .bss.hw_endpoints
                0x20002464      0x400 CMakeFiles/02_printf.dir/C_/Repositories/pico/pico-sdk/lib/tinyusb/src/portable/raspberrypi/rp2040/dcd_rp2040.c.obj
 .bss.lazy_vsnprintf
                0x20002864        0x4 CMakeFiles/02_printf.dir/C_/Repositories/pico/pico-sdk/src/rp2_common/pico_printf/printf.c.obj
 .bss.load_value
                0x20002868        0x4 CMakeFiles/02_printf.dir/C_/Repositories/pico/pico-sdk/src/rp2_common/hardware_watchdog/watchdog.c.obj
 .bss.next_buffer_ptr
                0x2000286c        0x4 CMakeFiles/02_printf.dir/C_/Repositories/pico/pico-sdk/lib/tinyusb/src/portable/raspberrypi/rp2040/dcd_rp2040.c.obj
 .bss.one_shot_timer_crit_sec
                0x20002870        0x8 CMakeFiles/02_printf.dir/C_/Repositories/pico/pico-sdk/src/rp2_common/pico_stdio_usb/stdio_usb.c.obj
 .bss.pools     0x20002878       0x10 CMakeFiles/02_printf.dir/C_/Repositories/pico/pico-sdk/src/common/pico_time/time.c.obj
 .bss.retrieved_id
                0x20002888        0x8 CMakeFiles/02_printf.dir/C_/Repositories/pico/pico-sdk/src/rp2_common/pico_unique_id/unique_id.c.obj
 .bss.sf_clz_func
                0x20002890        0x4 CMakeFiles/02_printf.dir/C_/Repositories/pico/pico-sdk/src/rp2_common/pico_double/double_init_rom_rp2040.c.obj
                0x20002890                sf_clz_func
 .bss.sleep_notifier
                0x20002894        0x4 CMakeFiles/02_printf.dir/C_/Repositories/pico/pico-sdk/src/common/pico_time/time.c.obj
 .bss.stdio_usb_mutex
                0x20002898        0x8 CMakeFiles/02_printf.dir/C_/Repositories/pico/pico-sdk/src/rp2_common/pico_stdio_usb/stdio_usb.c.obj
 .bss.usbd_serial_str
                0x200028a0       0x11 CMakeFiles/02_printf.dir/C_/Repositories/pico/pico-sdk/src/rp2_common/pico_stdio_usb/stdio_usb_descriptors.c.obj
 .bss._app_driver_count
                0x200028b1        0x1 CMakeFiles/02_printf.dir/C_/Repositories/pico/pico-sdk/lib/tinyusb/src/device/usbd.c.obj
 .bss._sof_enable
                0x200028b2        0x1 CMakeFiles/02_printf.dir/C_/Repositories/pico/pico-sdk/lib/tinyusb/src/portable/raspberrypi/rp2040/dcd_rp2040.c.obj
 .bss._usbd_queued_setup
                0x200028b3        0x1 CMakeFiles/02_printf.dir/C_/Repositories/pico/pico-sdk/lib/tinyusb/src/device/usbd.c.obj
 .bss.boot2_copyout_valid
                0x200028b4        0x1 CMakeFiles/02_printf.dir/C_/Repositories/pico/pico-sdk/src/rp2_common/hardware_flash/flash.c.obj
 .bss.irq_handler_chain_free_slot_head
                0x200028b5        0x1 CMakeFiles/02_printf.dir/C_/Repositories/pico/pico-sdk/src/rp2_common/hardware_irq/irq.c.obj
 .bss.itf_num   0x200028b6        0x1 CMakeFiles/02_printf.dir/C_/Repositories/pico/pico-sdk/src/rp2_common/pico_stdio_usb/reset_interface.c.obj
 .bss.low_priority_irq_num
                0x200028b7        0x1 CMakeFiles/02_printf.dir/C_/Repositories/pico/pico-sdk/src/rp2_common/pico_stdio_usb/stdio_usb.c.obj
 .bss.one_shot_timer_pending
                0x200028b8        0x1 CMakeFiles/02_printf.dir/C_/Repositories/pico/pico-sdk/src/rp2_common/pico_stdio_usb/stdio_usb.c.obj
 .bss.user_irq_claimed
                0x200028b9        0x1 CMakeFiles/02_printf.dir/C_/Repositories/pico/pico-sdk/src/rp2_common/hardware_irq/irq.c.obj
 *(COMMON)
                0x200028bc                . = ALIGN (0x4)
 *fill*         0x200028ba        0x2 
                0x200028bc                __bss_end__ = .

.heap           0x200028bc      0x800
                0x200028bc                __end__ = .
                0x200028bc                end = __end__
 *(.heap*)
 .heap          0x200028bc      0x800 CMakeFiles/02_printf.dir/C_/Repositories/pico/pico-sdk/src/rp2_common/pico_crt0/crt0.S.obj
                0x200030bc                __HeapLimit = .

.stack1_dummy   0x20040000        0x0
 *(.stack1*)

.stack_dummy    0x20041000      0x800
 *(.stack*)
 .stack         0x20041000      0x800 CMakeFiles/02_printf.dir/C_/Repositories/pico/pico-sdk/src/rp2_common/pico_crt0/crt0.S.obj

.rel.dyn        0x20041800        0x0
 .rel.iplt      0x20041800        0x0 c:/program files (x86)/gnu arm embedded toolchain/10 2021.10/bin/../lib/gcc/arm-none-eabi/10.3.1/thumb/v6-m/nofp/crtbegin.o

.flash_end      0x1000933c        0x0
                0x1000933c                PROVIDE (__flash_binary_end = .)
                0x20040000                __StackLimit = (ORIGIN (RAM) + LENGTH (RAM))
                0x20041000                __StackOneTop = (ORIGIN (SCRATCH_X) + LENGTH (SCRATCH_X))
                0x20042000                __StackTop = (ORIGIN (SCRATCH_Y) + LENGTH (SCRATCH_Y))
                0x20041000                __StackOneBottom = (__StackOneTop - SIZEOF (.stack1_dummy))
                0x20041800                __StackBottom = (__StackTop - SIZEOF (.stack_dummy))
                0x20042000                PROVIDE (__stack = __StackTop)
                0x00000001                ASSERT ((__StackLimit >= __HeapLimit), region RAM overflowed)
                0x00000001                ASSERT (((__binary_info_header_end - __logical_binary_start) <= 0x100), Binary info must be in first 256 bytes of the binary)
LOAD CMakeFiles/02_printf.dir/main.c.obj
LOAD CMakeFiles/02_printf.dir/C_/Repositories/pico/pico-sdk/src/rp2_common/pico_stdlib/stdlib.c.obj
LOAD CMakeFiles/02_printf.dir/C_/Repositories/pico/pico-sdk/src/rp2_common/hardware_gpio/gpio.c.obj
LOAD CMakeFiles/02_printf.dir/C_/Repositories/pico/pico-sdk/src/rp2040/pico_platform/platform.c.obj
LOAD CMakeFiles/02_printf.dir/C_/Repositories/pico/pico-sdk/src/rp2_common/pico_platform_common/common.c.obj
LOAD CMakeFiles/02_printf.dir/C_/Repositories/pico/pico-sdk/src/rp2_common/pico_platform_panic/panic.c.obj
LOAD CMakeFiles/02_printf.dir/C_/Repositories/pico/pico-sdk/src/common/hardware_claim/claim.c.obj
LOAD CMakeFiles/02_printf.dir/C_/Repositories/pico/pico-sdk/src/rp2_common/hardware_sync/sync.c.obj
LOAD CMakeFiles/02_printf.dir/C_/Repositories/pico/pico-sdk/src/rp2_common/hardware_sync_spin_lock/sync_spin_lock.c.obj
LOAD CMakeFiles/02_printf.dir/C_/Repositories/pico/pico-sdk/src/rp2_common/hardware_irq/irq.c.obj
LOAD CMakeFiles/02_printf.dir/C_/Repositories/pico/pico-sdk/src/rp2_common/hardware_irq/irq_handler_chain.S.obj
LOAD CMakeFiles/02_printf.dir/C_/Repositories/pico/pico-sdk/src/common/pico_sync/sem.c.obj
LOAD CMakeFiles/02_printf.dir/C_/Repositories/pico/pico-sdk/src/common/pico_sync/lock_core.c.obj
LOAD CMakeFiles/02_printf.dir/C_/Repositories/pico/pico-sdk/src/common/pico_sync/mutex.c.obj
LOAD CMakeFiles/02_printf.dir/C_/Repositories/pico/pico-sdk/src/common/pico_sync/critical_section.c.obj
LOAD CMakeFiles/02_printf.dir/C_/Repositories/pico/pico-sdk/src/common/pico_time/time.c.obj
LOAD CMakeFiles/02_printf.dir/C_/Repositories/pico/pico-sdk/src/common/pico_time/timeout_helper.c.obj
LOAD CMakeFiles/02_printf.dir/C_/Repositories/pico/pico-sdk/src/rp2_common/hardware_timer/timer.c.obj
LOAD CMakeFiles/02_printf.dir/C_/Repositories/pico/pico-sdk/src/common/pico_util/datetime.c.obj
LOAD CMakeFiles/02_printf.dir/C_/Repositories/pico/pico-sdk/src/common/pico_util/pheap.c.obj
LOAD CMakeFiles/02_printf.dir/C_/Repositories/pico/pico-sdk/src/common/pico_util/queue.c.obj
LOAD CMakeFiles/02_printf.dir/C_/Repositories/pico/pico-sdk/src/rp2_common/hardware_uart/uart.c.obj
LOAD CMakeFiles/02_printf.dir/C_/Repositories/pico/pico-sdk/src/rp2_common/hardware_clocks/clocks.c.obj
LOAD CMakeFiles/02_printf.dir/C_/Repositories/pico/pico-sdk/src/rp2_common/hardware_pll/pll.c.obj
LOAD CMakeFiles/02_printf.dir/C_/Repositories/pico/pico-sdk/src/rp2_common/hardware_vreg/vreg.c.obj
LOAD CMakeFiles/02_printf.dir/C_/Repositories/pico/pico-sdk/src/rp2_common/hardware_watchdog/watchdog.c.obj
LOAD CMakeFiles/02_printf.dir/C_/Repositories/pico/pico-sdk/src/rp2_common/hardware_ticks/ticks.c.obj
LOAD CMakeFiles/02_printf.dir/C_/Repositories/pico/pico-sdk/src/rp2_common/pico_bootrom/bootrom.c.obj