Archive member included to satisfy reference by file (symbol)

c:/program files (x86)/gnu arm embedded toolchain/10 2021.10/bin/../lib/gcc/arm-none-eabi/10.3.1/thumb/v6-m/nofp\libgcc.a(_dvmd_tls.o)
                              CMakeFiles/02_printf.dir/C_/Repositories/pico/pico-sdk/src/rp2_common/pico_divider/divider_hardware.S.obj (__aeabi_idiv0)
c:/program files (x86)/gnu arm embedded toolchain/10 2021.10/bin/../lib/gcc/arm-none-eabi/10.3.1/../../../../arm-none-eabi/lib/thumb/v6-m/nofp\libg.a(lib_a-calloc.o)
                              CMakeFiles/02_printf.dir/C_/Repositories/pico/pico-sdk/src/rp2_common/pico_malloc/malloc.c.obj (calloc)
c:/program files (x86)/gnu arm embedded toolchain/10 2021.10/bin/../lib/gcc/arm-none-eabi/10.3.1/../../../../arm-none-eabi/lib/thumb/v6-m/nofp\libg.a(lib_a-callocr.o)
                              c:/program files (x86)/gnu arm embedded toolchain/10 2021.10/bin/../lib/gcc/arm-none-eabi/10.3.1/../../../../arm-none-eabi/lib/thumb/v6-m/nofp\libg.a(lib_a-calloc.o) (_calloc_r)
c:/program files (x86)/gnu arm embedded toolchain/10 2021.10/bin/../lib/gcc/arm-none-eabi/10.3.1/../../../../arm-none-eabi/lib/thumb/v6-m/nofp\libg.a(lib_a-errno.o)
                              c:/program files (x86)/gnu arm embedded toolchain/10 2021.10/bin/../lib/gcc/arm-none-eabi/10.3.1/../../../../arm-none-eabi/lib/thumb/v6-m/nofp\libg.a(lib_a-callocr.o) (__errno)
c:/program files (x86)/gnu arm embedded toolchain/10 2021.10/bin/../lib/gcc/arm-none-eabi/10.3.1/../../../../arm-none-eabi/lib/thumb/v6-m/nofp\libg.a(lib_a-impure.o)
                              c:/program files (x86)/gnu arm embedded toolchain/10 2021.10/bin/../lib/gcc/arm-none-eabi/10.3.1/../../../../arm-none-eabi/lib/thumb/v6-m/nofp\libg.a(lib_a-calloc.o) (_impure_ptr)
c:/program files (x86)/gnu arm embedded toolchain/10 2021.10/bin/../lib/gcc/arm-none-eabi/10.3.1/../../../../arm-none-eabi/lib/thumb/v6-m/nofp\libg.a(lib_a-init.o)
                              c:/program files (x86)/gnu arm embedded toolchain/10 2021.10/bin/../lib/gcc/arm-none-eabi/10.3.1/../../../../arm-none-eabi/lib/thumb/v6-m/nofp/crt0.o (__libc_init_array)
c:/program files (x86)/gnu arm embedded toolchain/10 2021.10/bin/../lib/gcc/arm-none-eabi/10.3.1/../../../../arm-none-eabi/lib/thumb/v6-m/nofp\libg.a(lib_a-lcltime_r.o)
                              CMakeFiles/02_printf.dir/C_/Repositories/pico/pico-sdk/src/common/pico_util/datetime.c.obj (localtime_r)
c:/program files (x86)/gnu arm embedded toolchain/10 2021.10/bin/../lib/gcc/arm-none-eabi/10.3.1/../../../../arm-none-eabi/lib/thumb/v6-m/nofp\libg.a(lib_a-malloc.o)
                              CMakeFiles/02_printf.dir/C_/Repositories/pico/pico-sdk/src/rp2_common/pico_malloc/malloc.c.obj (malloc)
c:/program files (x86)/gnu arm embedded toolchain/10 2021.10/bin/../lib/gcc/arm-none-eabi/10.3.1/../../../../arm-none-eabi/lib/thumb/v6-m/nofp\libg.a(lib_a-mallocr.o)
                              c:/program files (x86)/gnu arm embedded toolchain/10 2021.10/bin/../lib/gcc/arm-none-eabi/10.3.1/../../../../arm-none-eabi/lib/thumb/v6-m/nofp\libg.a(lib_a-callocr.o) (_malloc_r)
c:/program files (x86)/gnu arm embedded toolchain/10 2021.10/bin/../lib/gcc/arm-none-eabi/10.3.1/../../../../arm-none-eabi/lib/thumb/v6-m/nofp\libg.a(lib_a-memcmp.o)
                              CMakeFiles/02_printf.dir/C_/Repositories/pico/pico-sdk/src/rp2_common/pico_atomic/atomic.c.obj (memcmp)
c:/program files (x86)/gnu arm embedded toolchain/10 2021.10/bin/../lib/gcc/arm-none-eabi/10.3.1/../../../../arm-none-eabi/lib/thumb/v6-m/nofp\libg.a(lib_a-mktime.o)
                              CMakeFiles/02_printf.dir/C_/Repositories/pico/pico-sdk/src/common/pico_util/datetime.c.obj (mktime)
c:/program files (x86)/gnu arm embedded toolchain/10 2021.10/bin/../lib/gcc/arm-none-eabi/10.3.1/../../../../arm-none-eabi/lib/thumb/v6-m/nofp\libg.a(lib_a-mlock.o)
                              c:/program files (x86)/gnu arm embedded toolchain/10 2021.10/bin/../lib/gcc/arm-none-eabi/10.3.1/../../../../arm-none-eabi/lib/thumb/v6-m/nofp\libg.a(lib_a-mallocr.o) (__malloc_lock)
c:/program files (x86)/gnu arm embedded toolchain/10 2021.10/bin/../lib/gcc/arm-none-eabi/10.3.1/../../../../arm-none-eabi/lib/thumb/v6-m/nofp\libg.a(lib_a-month_lengths.o)
                              c:/program files (x86)/gnu arm embedded toolchain/10 2021.10/bin/../lib/gcc/arm-none-eabi/10.3.1/../../../../arm-none-eabi/lib/thumb/v6-m/nofp\libg.a(lib_a-lcltime_r.o) (__month_lengths)
c:/program files (x86)/gnu arm embedded toolchain/10 2021.10/bin/../lib/gcc/arm-none-eabi/10.3.1/../../../../arm-none-eabi/lib/thumb/v6-m/nofp\libg.a(lib_a-realloc.o)
                              CMakeFiles/02_printf.dir/C_/Repositories/pico/pico-sdk/src/rp2_common/pico_malloc/malloc.c.obj (realloc)
c:/program files (x86)/gnu arm embedded toolchain/10 2021.10/bin/../lib/gcc/arm-none-eabi/10.3.1/../../../../arm-none-eabi/lib/thumb/v6-m/nofp\libg.a(lib_a-reallocr.o)
[...]
Memory Configuration

Name             Origin             Length             Attributes
FLASH            0x10000000         0x00200000         xr
RAM              0x20000000         0x00040000         xrw
SCRATCH_X        0x20040000         0x00001000         xrw
SCRATCH_Y        0x20041000         0x00001000         xrw
*default*        0x00000000         0xffffffff

Linker script and memory map

LOAD c:/program files (x86)/gnu arm embedded toolchain/10 2021.10/bin/../lib/gcc/arm-none-eabi/10.3.1/thumb/v6-m/nofp/crti.o
LOAD c:/program files (x86)/gnu arm embedded toolchain/10 2021.10/bin/../lib/gcc/arm-none-eabi/10.3.1/thumb/v6-m/nofp/crtbegin.o
LOAD c:/program files (x86)/gnu arm embedded toolchain/10 2021.10/bin/../lib/gcc/arm-none-eabi/10.3.1/../../../../arm-none-eabi/lib/thumb/v6-m/nofp/crt0.o

.flash_begin    0x10000000        0x0
                0x10000000                __flash_binary_start = .

.boot2          0x10000000      0x100
                0x10000000                __boot2_start__ = .
 *(.boot2)
 .boot2         0x10000000      0x100 pico-sdk/src/rp2040/boot_stage2/CMakeFiles/bs2_default_library.dir/bs2_default_padded_checksummed.S.obj
                0x10000100                __boot2_end__ = .
                0x00000001                ASSERT (((__boot2_end__ - __boot2_start__) == 0x100), ERROR: Pico second stage bootloader must be 256 bytes in size)

.text           0x10000100     0x68b8
                0x10000100                __logical_binary_start = .
 *(.vectors)
 .vectors       0x10000100       0xd4 CMakeFiles/02_printf.dir/C_/Repositories/pico/pico-sdk/src/rp2_common/pico_crt0/crt0.S.obj
                0x10000100                __VECTOR_TABLE
                0x10000100                __vectors
                0x100001c0                isr_irq13
                0x100001c0                isr_irq27
                0x100001c0                isr_irq31
                0x100001c0                isr_irq12
                0x100001c0                isr_irq5
                0x100001c0                isr_irq11
                0x100001c0                isr_irq3
                0x100001c0                isr_irq23
                0x100001c0                __unhandled_user_irq
                0x100001c0                isr_irq26
                0x100001c0                isr_irq28
                0x100001c0                isr_irq19
                0x100001c0                isr_irq0
                0x100001c0                isr_irq6
                0x100001c0                isr_irq29
                0x100001c0                isr_irq16
                0x100001c0                isr_irq22
                0x100001c0                isr_irq18
                0x100001c0                isr_irq17
                0x100001c0                isr_irq14
                0x100001c0                __vectors_end
                0x100001c0                __default_isrs_start
                0x100001c0                isr_irq2
                0x100001c0                isr_irq10
                0x100001c0                isr_irq8
                0x100001c0                isr_irq24
                0x100001c0                isr_irq1
                0x100001c0                isr_irq7
                0x100001c0                isr_irq21
                0x100001c0                isr_irq20
                0x100001c0                isr_irq15
                0x100001c0                isr_irq25
                0x100001c0                isr_irq4
                0x100001c0                isr_irq30
                0x100001c0                isr_irq9
                0x100001c6                unhandled_user_irq_num_in_r0
                0x100001c8                isr_invalid
                0x100001ca                isr_nmi
                0x100001cc                isr_hardfault
                0x100001ce                isr_svcall
                0x100001d0                isr_pendsv
                0x100001d2                isr_systick
                0x100001d4                __default_isrs_end
 *(.binary_info_header)
 .binary_info_header
                0x100001d4       0x14 CMakeFiles/02_printf.dir/C_/Repositories/pico/pico-sdk/src/rp2_common/pico_crt0/crt0.S.obj
                0x100001e8                __binary_info_header_end = .
 *(.reset)
 .reset         0x100001e8       0x9c CMakeFiles/02_printf.dir/C_/Repositories/pico/pico-sdk/src/rp2_common/pico_crt0/crt0.S.obj
                0x100001e8                _entry_point
 *(.init)
 .init          0x10000284        0x4 c:/program files (x86)/gnu arm embedded toolchain/10 2021.10/bin/../lib/gcc/arm-none-eabi/10.3.1/thumb/v6-m/nofp/crti.o
                0x10000284                _init
 *(EXCLUDE_FILE(*libm.a: *libc.a:*lib_a-mem*.o *libgcc.a:) .text*)
 .text          0x10000288       0x48 c:/program files (x86)/gnu arm embedded toolchain/10 2021.10/bin/../lib/gcc/arm-none-eabi/10.3.1/thumb/v6-m/nofp/crtbegin.o
 .text.startup.main
                0x100002d0       0x2c CMakeFiles/02_printf.dir/main.c.obj
                0x100002d0                main
 .text.stdio_task_init
                0x100002fc        0x4 CMakeFiles/02_printf.dir/stdio-task/stdio-task.c.obj
                0x100002fc                stdio_task_init
 .text.stdio_task_handle
                0x10000300       0x60 CMakeFiles/02_printf.dir/stdio-task/stdio-task.c.obj
                0x10000300                stdio_task_handle
 .text.gpio_init
                0x10000360       0x40 CMakeFiles/02_printf.dir/C_/Repositories/pico/pico-sdk/src/rp2_common/hardware_gpio/gpio.c.obj
                0x10000360                gpio_init
 .text.rp2040_chip_version
                0x100003a0        0xc CMakeFiles/02_printf.dir/C_/Repositories/pico/pico-sdk/src/rp2040/pico_platform/platform.c.obj
                0x100003a0                rp2040_chip_version
 .text.panic    0x100003ac       0x30 CMakeFiles/02_printf.dir/C_/Repositories/pico/pico-sdk/src/rp2_common/pico_platform_panic/panic.c.obj
                0x100003ac                panic
 .text.hw_claim_or_assert
                0x100003dc       0x44 CMakeFiles/02_printf.dir/C_/Repositories/pico/pico-sdk/src/common/hardware_claim/claim.c.obj
                0x100003dc                hw_claim_or_assert
 .text.hw_claim_unused_from_range
                0x10000420       0x9c CMakeFiles/02_printf.dir/C_/Repositories/pico/pico-sdk/src/common/hardware_claim/claim.c.obj
                0x10000420                hw_claim_unused_from_range
 .text.next_striped_spin_lock_num
                0x100004bc       0x18 CMakeFiles/02_printf.dir/C_/Repositories/pico/pico-sdk/src/rp2_common/hardware_sync/sync.c.obj
                0x100004bc                next_striped_spin_lock_num
 .text.spin_lock_claim_unused
                0x100004d4       0x20 CMakeFiles/02_printf.dir/C_/Repositories/pico/pico-sdk/src/rp2_common/hardware_sync/sync.c.obj
                0x100004d4                spin_lock_claim_unused
 .text.spin_locks_reset
                0x100004f4       0x1c CMakeFiles/02_printf.dir/C_/Repositories/pico/pico-sdk/src/rp2_common/hardware_sync_spin_lock/sync_spin_lock.c.obj
                0x100004f4                spin_locks_reset
 .text.runtime_init_per_core_irq_priorities
                0x10000510       0x24 CMakeFiles/02_printf.dir/C_/Repositories/pico/pico-sdk/src/rp2_common/hardware_irq/irq.c.obj
                0x10000510                runtime_init_per_core_irq_priorities
 .text.irq_set_enabled
                0x10000534       0x24 CMakeFiles/02_printf.dir/C_/Repositories/pico/pico-sdk/src/rp2_common/hardware_irq/irq.c.obj
                0x10000534                irq_set_enabled
 .text.irq_is_enabled
                0x10000558       0x18 CMakeFiles/02_printf.dir/C_/Repositories/pico/pico-sdk/src/rp2_common/hardware_irq/irq.c.obj
                0x10000558                irq_is_enabled
 .text.irq_set_pending
                0x10000570       0x10 CMakeFiles/02_printf.dir/C_/Repositories/pico/pico-sdk/src/rp2_common/hardware_irq/irq.c.obj
                0x10000570                irq_set_pending
 .text.irq_has_shared_handler
                0x10000580       0x24 CMakeFiles/02_printf.dir/C_/Repositories/pico/pico-sdk/src/rp2_common/hardware_irq/irq.c.obj
                0x10000580                irq_has_shared_handler
 .text.irq_set_exclusive_handler
                0x100005a4       0x54 CMakeFiles/02_printf.dir/C_/Repositories/pico/pico-sdk/src/rp2_common/hardware_irq/irq.c.obj
                0x100005a4                irq_set_exclusive_handler
 .text.irq_add_shared_handler
                0x100005f8      0x1e8 CMakeFiles/02_printf.dir/C_/Repositories/pico/pico-sdk/src/rp2_common/hardware_irq/irq.c.obj
                0x100005f8                irq_add_shared_handler
 .text.irq_add_tail_to_free_list
                0x100007e0       0xb4 CMakeFiles/02_printf.dir/C_/Repositories/pico/pico-sdk/src/rp2_common/hardware_irq/irq.c.obj
                0x100007e0                irq_add_tail_to_free_list
 .text.user_irq_claim_unused
                0x10000894       0x28 CMakeFiles/02_printf.dir/C_/Repositories/pico/pico-sdk/src/rp2_common/hardware_irq/irq.c.obj
                0x10000894                user_irq_claim_unused
 .text.lock_init
                0x100008bc       0x10 CMakeFiles/02_printf.dir/C_/Repositories/pico/pico-sdk/src/common/pico_sync/lock_core.c.obj
                0x100008bc                lock_init
 .text.runtime_init_mutex
                0x100008cc       0x58 CMakeFiles/02_printf.dir/C_/Repositories/pico/pico-sdk/src/common/pico_sync/mutex.c.obj
                0x100008cc                runtime_init_mutex
 .text.mutex_init
                0x10000924       0x1c CMakeFiles/02_printf.dir/C_/Repositories/pico/pico-sdk/src/common/pico_sync/mutex.c.obj
                0x10000924                mutex_init
 .text.critical_section_init
                0x10000940       0x20 CMakeFiles/02_printf.dir/C_/Repositories/pico/pico-sdk/src/common/pico_sync/critical_section.c.obj
                0x10000940                critical_section_init
 .text.critical_section_init_with_lock_num
                0x10000960       0x14 CMakeFiles/02_printf.dir/C_/Repositories/pico/pico-sdk/src/common/pico_sync/critical_section.c.obj
                0x10000960                critical_section_init_with_lock_num
 .text.sleep_until_callback
                0x10000974       0x30 CMakeFiles/02_printf.dir/C_/Repositories/pico/pico-sdk/src/common/pico_time/time.c.obj
 .text.alarm_pool_irq_handler
                0x100009a4      0x308 CMakeFiles/02_printf.dir/C_/Repositories/pico/pico-sdk/src/common/pico_time/time.c.obj
 .text.runtime_init_default_alarm_pool
                0x10000cac       0xdc CMakeFiles/02_printf.dir/C_/Repositories/pico/pico-sdk/src/common/pico_time/time.c.obj
                0x10000cac                runtime_init_default_alarm_pool
 .text.alarm_pool_get_default
                0x10000d88        0x8 CMakeFiles/02_printf.dir/C_/Repositories/pico/pico-sdk/src/common/pico_time/time.c.obj
                0x10000d88                alarm_pool_get_default
 .text.alarm_pool_add_alarm_at
                0x10000d90       0xc8 CMakeFiles/02_printf.dir/C_/Repositories/pico/pico-sdk/src/common/pico_time/time.c.obj
                0x10000d90                alarm_pool_add_alarm_at
 .text.alarm_pool_add_alarm_at_force_in_context
                0x10000e58       0xb0 CMakeFiles/02_printf.dir/C_/Repositories/pico/pico-sdk/src/common/pico_time/time.c.obj
                0x10000e58                alarm_pool_add_alarm_at_force_in_context
 .text.alarm_pool_cancel_alarm
                0x10000f08       0x7c CMakeFiles/02_printf.dir/C_/Repositories/pico/pico-sdk/src/common/pico_time/time.c.obj
                0x10000f08                alarm_pool_cancel_alarm
 .text.alarm_pool_core_num
                0x10000f84        0x4 CMakeFiles/02_printf.dir/C_/Repositories/pico/pico-sdk/src/common/pico_time/time.c.obj
                0x10000f84                alarm_pool_core_num
 .text.sleep_until
                0x10000f88       0xd0 CMakeFiles/02_printf.dir/C_/Repositories/pico/pico-sdk/src/common/pico_time/time.c.obj
                0x10000f88                sleep_until
 .text.sleep_ms
                0x10001058       0x34 CMakeFiles/02_printf.dir/C_/Repositories/pico/pico-sdk/src/common/pico_time/time.c.obj
                0x10001058                sleep_ms
 .text.best_effort_wfe_or_timeout
                0x1000108c       0xfc CMakeFiles/02_printf.dir/C_/Repositories/pico/pico-sdk/src/common/pico_time/time.c.obj
                0x1000108c                best_effort_wfe_or_timeout
 .text.timer_hardware_alarm_claim
                0x10001188       0x14 CMakeFiles/02_printf.dir/C_/Repositories/pico/pico-sdk/src/rp2_common/hardware_timer/timer.c.obj
                0x10001188                timer_hardware_alarm_claim
 .text.timer_time_us_64
                0x1000119c       0x10 CMakeFiles/02_printf.dir/C_/Repositories/pico/pico-sdk/src/rp2_common/hardware_timer/timer.c.obj
                0x1000119c                timer_time_us_64
 .text.time_us_64
                0x100011ac       0x14 CMakeFiles/02_printf.dir/C_/Repositories/pico/pico-sdk/src/rp2_common/hardware_timer/timer.c.obj
                0x100011ac                time_us_64
 .text.busy_wait_us
                0x100011c0       0x54 CMakeFiles/02_printf.dir/C_/Repositories/pico/pico-sdk/src/rp2_common/hardware_timer/timer.c.obj
                0x100011c0                busy_wait_us
 .text.busy_wait_until
                0x10001214       0x20 CMakeFiles/02_printf.dir/C_/Repositories/pico/pico-sdk/src/rp2_common/hardware_timer/timer.c.obj
                0x10001214                busy_wait_until
 .text.clock_configure_int_divider
                0x10001234       0xf4 CMakeFiles/02_printf.dir/C_/Repositories/pico/pico-sdk/src/rp2_common/hardware_clocks/clocks.c.obj
                0x10001234                clock_configure_int_divider
 .text.clock_configure_undivided
                0x10001328       0xe8 CMakeFiles/02_printf.dir/C_/Repositories/pico/pico-sdk/src/rp2_common/hardware_clocks/clocks.c.obj
                0x10001328                clock_configure_undivided
 .text.clock_get_hz
                0x10001410        0xc CMakeFiles/02_printf.dir/C_/Repositories/pico/pico-sdk/src/rp2_common/hardware_clocks/clocks.c.obj
                0x10001410                clock_get_hz
 .text.pll_init
                0x1000141c       0xa0 CMakeFiles/02_printf.dir/C_/Repositories/pico/pico-sdk/src/rp2_common/hardware_pll/pll.c.obj
                0x1000141c                pll_init
 .text.watchdog_reboot
                0x100014bc       0x98 CMakeFiles/02_printf.dir/C_/Repositories/pico/pico-sdk/src/rp2_common/hardware_watchdog/watchdog.c.obj
                0x100014bc                watchdog_reboot
 .text.tick_start
                0x10001554       0x10 CMakeFiles/02_printf.dir/C_/Repositories/pico/pico-sdk/src/rp2_common/hardware_ticks/ticks.c.obj
                0x10001554                tick_start
 .text.rom_func_lookup
                0x10001564       0x10 CMakeFiles/02_printf.dir/C_/Repositories/pico/pico-sdk/src/rp2_common/pico_bootrom/bootrom.c.obj
                0x10001564                rom_func_lookup
 .text.rom_data_lookup
                0x10001574       0x10 CMakeFiles/02_printf.dir/C_/Repositories/pico/pico-sdk/src/rp2_common/pico_bootrom/bootrom.c.obj
                0x10001574                rom_data_lookup
 .text.rom_funcs_lookup
                0x10001584       0x44 CMakeFiles/02_printf.dir/C_/Repositories/pico/pico-sdk/src/rp2_common/pico_bootrom/bootrom.c.obj
                0x10001584                rom_funcs_lookup
 .text.rom_reset_usb_boot_extra
                0x100015c8       0x28 CMakeFiles/02_printf.dir/C_/Repositories/pico/pico-sdk/src/rp2_common/pico_bootrom/bootrom.c.obj
                0x100015c8                rom_reset_usb_boot_extra
 .text.xosc_init
                0x100015f0       0x28 CMakeFiles/02_printf.dir/C_/Repositories/pico/pico-sdk/src/rp2_common/hardware_xosc/xosc.c.obj
                0x100015f0                xosc_init
 .text.first_per_core_initializer
                0x10001618        0x4 CMakeFiles/02_printf.dir/C_/Repositories/pico/pico-sdk/src/rp2_common/pico_runtime/runtime.c.obj
 .text.hard_assertion_failure
                0x1000161c        0xc CMakeFiles/02_printf.dir/C_/Repositories/pico/pico-sdk/src/rp2_common/pico_runtime/runtime.c.obj
                0x1000161c                hard_assertion_failure
 .text.runtime_run_initializers
                0x10001628       0x28 CMakeFiles/02_printf.dir/C_/Repositories/pico/pico-sdk/src/rp2_common/pico_runtime/runtime.c.obj
                0x10001628                runtime_run_initializers
 .text.runtime_init_early_resets
                0x10001650       0x2c CMakeFiles/02_printf.dir/C_/Repositories/pico/pico-sdk/src/rp2_common/pico_runtime_init/runtime_init.c.obj
                0x10001650                runtime_init_early_resets
 .text.runtime_init_usb_power_down
                0x1000167c       0x1c CMakeFiles/02_printf.dir/C_/Repositories/pico/pico-sdk/src/rp2_common/pico_runtime_init/runtime_init.c.obj
                0x1000167c                runtime_init_usb_power_down
 .text.runtime_init_post_clock_resets
                0x10001698       0x20 CMakeFiles/02_printf.dir/C_/Repositories/pico/pico-sdk/src/rp2_common/pico_runtime_init/runtime_init.c.obj
                0x10001698                runtime_init_post_clock_resets
 .text.runtime_init_rp2040_gpio_ie_disable
                0x100016b8       0x14 CMakeFiles/02_printf.dir/C_/Repositories/pico/pico-sdk/src/rp2_common/pico_runtime_init/runtime_init.c.obj
                0x100016b8                runtime_init_rp2040_gpio_ie_disable
 .text.runtime_init_spin_locks_reset
                0x100016cc        0x8 CMakeFiles/02_printf.dir/C_/Repositories/pico/pico-sdk/src/rp2_common/pico_runtime_init/runtime_init.c.obj
                0x100016cc                runtime_init_spin_locks_reset
 .text.runtime_init_install_ram_vector_table
                0x100016d4       0xcc CMakeFiles/02_printf.dir/C_/Repositories/pico/pico-sdk/src/rp2_common/pico_runtime_init/runtime_init.c.obj
                0x100016d4                runtime_init_install_ram_vector_table
 .text.runtime_init_clocks
                0x100017a0       0xd8 CMakeFiles/02_printf.dir/C_/Repositories/pico/pico-sdk/src/rp2_common/pico_runtime_init/runtime_init_clocks.c.obj
                0x100017a0                runtime_init_clocks
 .text          0x10001878       0x10 CMakeFiles/02_printf.dir/C_/Repositories/pico/pico-sdk/src/rp2_common/pico_bit_ops/bit_ops_aeabi.S.obj
 .text.__wrap___aeabi_idiv
                0x10001888       0x50 CMakeFiles/02_printf.dir/C_/Repositories/pico/pico-sdk/src/rp2_common/pico_divider/divider_hardware.S.obj
                0x10001888                __wrap___aeabi_idivmod
                0x10001888                divmod_s32s32
                0x10001888                div_s32s32
                0x10001888                __wrap___aeabi_idiv
                0x10001890                divmod_s32s32_unsafe
                0x100018bc                divmod_s32s32_savestate
 .text.__wrap___aeabi_uidiv
                0x100018d8       0x4c CMakeFiles/02_printf.dir/C_/Repositories/pico/pico-sdk/src/rp2_common/pico_divider/divider_hardware.S.obj
                0x100018d8                __wrap___aeabi_uidiv
                0x100018d8                __wrap___aeabi_uidivmod
                0x100018d8                div_u32u32
                0x100018d8                divmod_u32u32
                0x100018e0                divmod_u32u32_unsafe
                0x10001908                divmod_u32u32_savestate
 .text.__wrap___aeabi_ldiv
                0x10001924      0x424 CMakeFiles/02_printf.dir/C_/Repositories/pico/pico-sdk/src/rp2_common/pico_divider/divider_hardware.S.obj
                0x10001924                div_s64s64
                0x10001924                divmod_s64s64
                0x10001924                __wrap___aeabi_ldivmod
                0x10001954                divmod_u64u64
                0x10001954                div_u64u64
                0x10001954                __wrap___aeabi_uldivmod
                0x10001964                divmod_u64u64_savestate
                0x10001984                divmod_s64s64_unsafe
                0x10001a0c                divmod_u64u64_unsafe
 .text.__wrap___aeabi_darithmetic
                0x10001d48       0x80 CMakeFiles/02_printf.dir/C_/Repositories/pico/pico-sdk/src/rp2_common/pico_double/double_aeabi_rp2040.S.obj
                0x10001d48                __wrap___aeabi_drsub
                0x10001d4e                __wrap___aeabi_dsub
                0x10001d60                __wrap___aeabi_dadd
                0x10001d72                __wrap___aeabi_ddiv
                0x10001dae                __wrap___aeabi_dmul
 .text.__wrap___aeabi_cdcmple
                0x10001dc8       0x6c CMakeFiles/02_printf.dir/C_/Repositories/pico/pico-sdk/src/rp2_common/pico_double/double_aeabi_rp2040.S.obj
                0x10001dc8                __wrap___aeabi_cdrcmple
                0x10001dd8                __wrap___aeabi_cdcmpeq
                0x10001dd8                __wrap___aeabi_cdcmple
 .text.__wrap___aeabi_dcmplt
                0x10001e34        0xc CMakeFiles/02_printf.dir/C_/Repositories/pico/pico-sdk/src/rp2_common/pico_double/double_aeabi_rp2040.S.obj
                0x10001e34                __wrap___aeabi_dcmplt
 .text.__wrap___aeabi_dcmple
                0x10001e40       0x10 CMakeFiles/02_printf.dir/C_/Repositories/pico/pico-sdk/src/rp2_common/pico_double/double_aeabi_rp2040.S.obj
                0x10001e40                __wrap___aeabi_dcmple
 .text.__wrap___aeabi_dcmpge
                0x10001e50       0x10 CMakeFiles/02_printf.dir/C_/Repositories/pico/pico-sdk/src/rp2_common/pico_double/double_aeabi_rp2040.S.obj
                0x10001e50                __wrap___aeabi_dcmpge
 .text.__wrap___aeabi_dcmpgt
                0x10001e60        0xa CMakeFiles/02_printf.dir/C_/Repositories/pico/pico-sdk/src/rp2_common/pico_double/double_aeabi_rp2040.S.obj
                0x10001e60                __wrap___aeabi_dcmpgt
 .text.__wrap___aeabi_dcmpun
                0x10001e6a       0x18 CMakeFiles/02_printf.dir/C_/Repositories/pico/pico-sdk/src/rp2_common/pico_double/double_aeabi_rp2040.S.obj
                0x10001e6a                __wrap___aeabi_dcmpun
 *fill*         0x10001e82        0x2 
 .text.__wrap___aeabi_i2d
                0x10001e84       0x38 CMakeFiles/02_printf.dir/C_/Repositories/pico/pico-sdk/src/rp2_common/pico_double/double_aeabi_rp2040.S.obj
                0x10001e84                uint2double
                0x10001e84                __wrap___aeabi_ui2d
                0x10001e8c                int2double
                0x10001e8c                __wrap___aeabi_i2d
 .text.__wrap___aeabi_d2iz
                0x10001ebc       0x48 CMakeFiles/02_printf.dir/C_/Repositories/pico/pico-sdk/src/rp2_common/pico_double/double_aeabi_rp2040.S.obj
                0x10001ebc                double2int_z
                0x10001ebc                __wrap___aeabi_d2iz
 .text.__wrap___aeabi_d2uiz
                0x10001f04       0x18 CMakeFiles/02_printf.dir/C_/Repositories/pico/pico-sdk/src/rp2_common/pico_double/double_aeabi_rp2040.S.obj
                0x10001f04                double2uint
                0x10001f04                __wrap___aeabi_d2uiz
                0x10001f04                double2uint_z
 .text.__aeabi_double_init
                0x10001f1c       0xa0 CMakeFiles/02_printf.dir/C_/Repositories/pico/pico-sdk/src/rp2_common/pico_double/double_init_rom_rp2040.c.obj
                0x10001f1c                __aeabi_double_init
 .text.double_table_shim_on_use_helper
                0x10001fbc       0x2c CMakeFiles/02_printf.dir/C_/Repositories/pico/pico-sdk/src/rp2_common/pico_double/double_v1_rom_shim_rp2040.S.obj
                0x10001fbc                double_table_shim_on_use_helper
 .text.__wrap___aeabi_dsub
                0x10001fe8       0x10 CMakeFiles/02_printf.dir/C_/Repositories/pico/pico-sdk/src/rp2_common/pico_double/double_v1_rom_shim_rp2040.S.obj
                0x10001fe8                drsub_shim
                0x10001fee                dsub_shim
 .text.dadd_shim
                0x10001ff8      0x15c CMakeFiles/02_printf.dir/C_/Repositories/pico/pico-sdk/src/rp2_common/pico_double/double_v1_rom_shim_rp2040.S.obj
                0x10001ff8                dadd_shim
 .text.dmul_shim
                0x10002154      0x15c CMakeFiles/02_printf.dir/C_/Repositories/pico/pico-sdk/src/rp2_common/pico_double/double_v1_rom_shim_rp2040.S.obj
                0x10002154                dmul_shim
 .text.ddiv_shim
                0x100022b0      0x1b0 CMakeFiles/02_printf.dir/C_/Repositories/pico/pico-sdk/src/rp2_common/pico_double/double_v1_rom_shim_rp2040.S.obj
                0x100022b0                ddiv_shim
 .text.double2uint_shim
                0x10002460        0xe CMakeFiles/02_printf.dir/C_/Repositories/pico/pico-sdk/src/rp2_common/pico_double/double_v1_rom_shim_rp2040.S.obj
                0x10002460                double2uint_shim
                0x10002462                double2ufix_shim
 *fill*         0x1000246e        0x2 
 .text.double2uint64_shim
                0x10002470       0x70 CMakeFiles/02_printf.dir/C_/Repositories/pico/pico-sdk/src/rp2_common/pico_double/double_v1_rom_shim_rp2040.S.obj
                0x10002470                double2uint64_shim
                0x10002472                double2ufix64_shim
                0x10002492                d2fix_a
 .text.dunpacks
                0x100024e0       0x3c CMakeFiles/02_printf.dir/C_/Repositories/pico/pico-sdk/src/rp2_common/pico_double/double_v1_rom_shim_rp2040.S.obj
                0x100024e0                dunpacks
 .text.__aeabi_lmul
                0x1000251c       0x32 CMakeFiles/02_printf.dir/C_/Repositories/pico/pico-sdk/src/rp2_common/pico_int64_ops/pico_int64_ops_aeabi.S.obj
                0x1000251c                __wrap___aeabi_lmul
 *fill*         0x1000254e        0x2 
 .text.__aeabi_float_init
                0x10002550       0x64 CMakeFiles/02_printf.dir/C_/Repositories/pico/pico-sdk/src/rp2_common/pico_float/float_init_rom_rp2040.c.obj
                0x10002550                __aeabi_float_init
 .text.float_table_shim_on_use_helper
                0x100025b4       0x2c CMakeFiles/02_printf.dir/C_/Repositories/pico/pico-sdk/src/rp2_common/pico_float/float_v1_rom_shim_rp2040.S.obj
                0x100025b4                float_table_shim_on_use_helper
 .text          0x100025e0       0x10 CMakeFiles/02_printf.dir/C_/Repositories/pico/pico-sdk/src/rp2_common/pico_mem_ops/mem_ops_aeabi.S.obj
                0x100025e0                __aeabi_mem_init
 .text.memset   0x100025f0        0xc CMakeFiles/02_printf.dir/C_/Repositories/pico/pico-sdk/src/rp2_common/pico_mem_ops/mem_ops_aeabi.S.obj
                0x100025f0                __wrap_memset
 .text.memcpy   0x100025fc        0xc CMakeFiles/02_printf.dir/C_/Repositories/pico/pico-sdk/src/rp2_common/pico_mem_ops/mem_ops_aeabi.S.obj
                0x100025fc                __wrap_memcpy
                0x100025fc                __wrap___aeabi_memcpy
 .text._out_null
                0x10002608        0x4 CMakeFiles/02_printf.dir/C_/Repositories/pico/pico-sdk/src/rp2_common/pico_printf/printf.c.obj
 .text._out_rev
                0x1000260c       0x9c CMakeFiles/02_printf.dir/C_/Repositories/pico/pico-sdk/src/rp2_common/pico_printf/printf.c.obj
 .text._ntoa_format
                0x100026a8      0x1cc CMakeFiles/02_printf.dir/C_/Repositories/pico/pico-sdk/src/rp2_common/pico_printf/printf.c.obj
 .text._out_char
                0x10002874       0x10 CMakeFiles/02_printf.dir/C_/Repositories/pico/pico-sdk/src/rp2_common/pico_printf/printf.c.obj
 .text._out_fct
                0x10002884       0x10 CMakeFiles/02_printf.dir/C_/Repositories/pico/pico-sdk/src/rp2_common/pico_printf/printf.c.obj
 .text._etoa    0x10002894      0x44c CMakeFiles/02_printf.dir/C_/Repositories/pico/pico-sdk/src/rp2_common/pico_printf/printf.c.obj
 .text._ftoa    0x10002ce0      0x398 CMakeFiles/02_printf.dir/C_/Repositories/pico/pico-sdk/src/rp2_common/pico_printf/printf.c.obj
 .text._vsnprintf
                0x10003078      0xb04 CMakeFiles/02_printf.dir/C_/Repositories/pico/pico-sdk/src/rp2_common/pico_printf/printf.c.obj
 .text.vfctprintf
                0x10003b7c       0x20 CMakeFiles/02_printf.dir/C_/Repositories/pico/pico-sdk/src/rp2_common/pico_printf/printf.c.obj
                0x10003b7c                vfctprintf
 .text.weak_raw_vprintf
                0x10003b9c       0x30 CMakeFiles/02_printf.dir/C_/Repositories/pico/pico-sdk/src/rp2_common/pico_printf/printf.c.obj
                0x10003b9c                weak_raw_vprintf
 .text._exit    0x10003bcc        0x4 CMakeFiles/02_printf.dir/C_/Repositories/pico/pico-sdk/src/rp2_common/pico_clib_interface/newlib_interface.c.obj
                0x10003bcc                _exit
 .text.exit     0x10003bd0        0x8 CMakeFiles/02_printf.dir/C_/Repositories/pico/pico-sdk/src/rp2_common/pico_clib_interface/newlib_interface.c.obj
                0x10003bd0                exit
 .text.runtime_init
                0x10003bd8       0x2c CMakeFiles/02_printf.dir/C_/Repositories/pico/pico-sdk/src/rp2_common/pico_clib_interface/newlib_interface.c.obj
                0x10003bd8                runtime_init
 .text.stdio_out_chars_no_crlf
                0x10003c04       0x10 CMakeFiles/02_printf.dir/C_/Repositories/pico/pico-sdk/src/rp2_common/pico_stdio/stdio.c.obj
 .text.stdio_out_chars_crlf
                0x10003c14       0xb4 CMakeFiles/02_printf.dir/C_/Repositories/pico/pico-sdk/src/rp2_common/pico_stdio/stdio.c.obj
 .text.stdio_buffered_printer
                0x10003cc8       0x64 CMakeFiles/02_printf.dir/C_/Repositories/pico/pico-sdk/src/rp2_common/pico_stdio/stdio.c.obj
 .text.stdio_put_string
                0x10003d2c      0x100 CMakeFiles/02_printf.dir/C_/Repositories/pico/pico-sdk/src/rp2_common/pico_stdio/stdio.c.obj
                0x10003d2c                stdio_put_string
 .text.stdio_set_driver_enabled
                0x10003e2c       0x30 CMakeFiles/02_printf.dir/C_/Repositories/pico/pico-sdk/src/rp2_common/pico_stdio/stdio.c.obj
                0x10003e2c                stdio_set_driver_enabled
 .text.stdio_init_all
                0x10003e5c        0x8 CMakeFiles/02_printf.dir/C_/Repositories/pico/pico-sdk/src/rp2_common/pico_stdio/stdio.c.obj
                0x10003e5c                stdio_init_all
 .text.stdio_getchar_timeout_us
                0x10003e64       0x98 CMakeFiles/02_printf.dir/C_/Repositories/pico/pico-sdk/src/rp2_common/pico_stdio/stdio.c.obj
                0x10003e64                stdio_getchar_timeout_us
 .text.__wrap_putchar
                0x10003efc       0x98 CMakeFiles/02_printf.dir/C_/Repositories/pico/pico-sdk/src/rp2_common/pico_stdio/stdio.c.obj
                0x10003efc                __wrap_putchar
                0x10003efc                stdio_putchar
 .text.__wrap_puts
                0x10003f94       0x3c CMakeFiles/02_printf.dir/C_/Repositories/pico/pico-sdk/src/rp2_common/pico_stdio/stdio.c.obj
                0x10003f94                stdio_puts
                0x10003f94                __wrap_puts
 .text.__wrap_vprintf
                0x10003fd0       0xd8 CMakeFiles/02_printf.dir/C_/Repositories/pico/pico-sdk/src/rp2_common/pico_stdio/stdio.c.obj
                0x10003fd0                stdio_vprintf
                0x10003fd0                __wrap_vprintf
 .text.__wrap_printf
                0x100040a8       0x18 CMakeFiles/02_printf.dir/C_/Repositories/pico/pico-sdk/src/rp2_common/pico_stdio/stdio.c.obj
                0x100040a8                __wrap_printf
                0x100040a8                stdio_printf
 .text.resetd_init
                0x100040c0        0x4 CMakeFiles/02_printf.dir/C_/Repositories/pico/pico-sdk/src/rp2_common/pico_stdio_usb/reset_interface.c.obj
 .text.resetd_reset
                0x100040c4        0xc CMakeFiles/02_printf.dir/C_/Repositories/pico/pico-sdk/src/rp2_common/pico_stdio_usb/reset_interface.c.obj
 .text.resetd_open
                0x100040d0       0x28 CMakeFiles/02_printf.dir/C_/Repositories/pico/pico-sdk/src/rp2_common/pico_stdio_usb/reset_interface.c.obj
 .text.resetd_xfer_cb
                0x100040f8        0x4 CMakeFiles/02_printf.dir/C_/Repositories/pico/pico-sdk/src/rp2_common/pico_stdio_usb/reset_interface.c.obj
 .text.resetd_control_xfer_cb
                0x100040fc       0x60 CMakeFiles/02_printf.dir/C_/Repositories/pico/pico-sdk/src/rp2_common/pico_stdio_usb/reset_interface.c.obj
 .text.tud_descriptor_bos_cb
                0x1000415c        0x8 CMakeFiles/02_printf.dir/C_/Repositories/pico/pico-sdk/src/rp2_common/pico_stdio_usb/reset_interface.c.obj
                0x1000415c                tud_descriptor_bos_cb
 .text.tud_vendor_control_xfer_cb
                0x10004164       0x34 CMakeFiles/02_printf.dir/C_/Repositories/pico/pico-sdk/src/rp2_common/pico_stdio_usb/reset_interface.c.obj
                0x10004164                tud_vendor_control_xfer_cb
 .text.usbd_app_driver_get_cb
                0x10004198        0xc CMakeFiles/02_printf.dir/C_/Repositories/pico/pico-sdk/src/rp2_common/pico_stdio_usb/reset_interface.c.obj
                0x10004198                usbd_app_driver_get_cb
 .text.tud_cdc_line_coding_cb
                0x100041a4       0x2c CMakeFiles/02_printf.dir/C_/Repositories/pico/pico-sdk/src/rp2_common/pico_stdio_usb/reset_interface.c.obj
                0x100041a4                tud_cdc_line_coding_cb
 .text.stdio_usb_set_chars_available_callback
                0x100041d0       0x14 CMakeFiles/02_printf.dir/C_/Repositories/pico/pico-sdk/src/rp2_common/pico_stdio_usb/stdio_usb.c.obj
                0x100041d0                stdio_usb_set_chars_available_callback
 .text.usb_irq  0x100041e4       0x10 CMakeFiles/02_printf.dir/C_/Repositories/pico/pico-sdk/src/rp2_common/pico_stdio_usb/stdio_usb.c.obj
 .text.timer_task
                0x100041f4       0x64 CMakeFiles/02_printf.dir/C_/Repositories/pico/pico-sdk/src/rp2_common/pico_stdio_usb/stdio_usb.c.obj
 .text.stdio_usb_in_chars
                0x10004258       0x90 CMakeFiles/02_printf.dir/C_/Repositories/pico/pico-sdk/src/rp2_common/pico_stdio_usb/stdio_usb.c.obj
                0x10004258                stdio_usb_in_chars
 .text.stdio_usb_out_flush
                0x100042e8       0x50 CMakeFiles/02_printf.dir/C_/Repositories/pico/pico-sdk/src/rp2_common/pico_stdio_usb/stdio_usb.c.obj
 .text.stdio_usb_out_chars
                0x10004338      0x100 CMakeFiles/02_printf.dir/C_/Repositories/pico/pico-sdk/src/rp2_common/pico_stdio_usb/stdio_usb.c.obj
 .text.low_priority_worker_irq
                0x10004438       0xc8 CMakeFiles/02_printf.dir/C_/Repositories/pico/pico-sdk/src/rp2_common/pico_stdio_usb/stdio_usb.c.obj
 .text.stdio_usb_init
                0x10004500       0xe8 CMakeFiles/02_printf.dir/C_/Repositories/pico/pico-sdk/src/rp2_common/pico_stdio_usb/stdio_usb.c.obj
                0x10004500                stdio_usb_init
 .text.tud_descriptor_device_cb
                0x100045e8        0x8 CMakeFiles/02_printf.dir/C_/Repositories/pico/pico-sdk/src/rp2_common/pico_stdio_usb/stdio_usb_descriptors.c.obj
                0x100045e8                tud_descriptor_device_cb
 .text.tud_descriptor_configuration_cb
                0x100045f0        0x8 CMakeFiles/02_printf.dir/C_/Repositories/pico/pico-sdk/src/rp2_common/pico_stdio_usb/stdio_usb_descriptors.c.obj
                0x100045f0                tud_descriptor_configuration_cb
 .text.tud_descriptor_string_cb
                0x100045f8       0x74 CMakeFiles/02_printf.dir/C_/Repositories/pico/pico-sdk/src/rp2_common/pico_stdio_usb/stdio_usb_descriptors.c.obj
                0x100045f8                tud_descriptor_string_cb
 .text.startup._retrieve_unique_id_on_boot
                0x1000466c       0x10 CMakeFiles/02_printf.dir/C_/Repositories/pico/pico-sdk/src/rp2_common/pico_unique_id/unique_id.c.obj
 .text.pico_get_unique_board_id_string
                0x1000467c      0x1a8 CMakeFiles/02_printf.dir/C_/Repositories/pico/pico-sdk/src/rp2_common/pico_unique_id/unique_id.c.obj
                0x1000467c                pico_get_unique_board_id_string
 .text.flash_get_unique_id
                0x10004824       0x40 CMakeFiles/02_printf.dir/C_/Repositories/pico/pico-sdk/src/rp2_common/hardware_flash/flash.c.obj
                0x10004824                flash_get_unique_id
 .text.dcd_init
                0x10004864       0x90 CMakeFiles/02_printf.dir/C_/Repositories/pico/pico-sdk/lib/tinyusb/src/portable/raspberrypi/rp2040/dcd_rp2040.c.obj
                0x10004864                dcd_init
 .text.dcd_int_enable
                0x100048f4        0xc CMakeFiles/02_printf.dir/C_/Repositories/pico/pico-sdk/lib/tinyusb/src/portable/raspberrypi/rp2040/dcd_rp2040.c.obj
                0x100048f4                dcd_int_enable
 .text.dcd_set_address
                0x10004900       0x14 CMakeFiles/02_printf.dir/C_/Repositories/pico/pico-sdk/lib/tinyusb/src/portable/raspberrypi/rp2040/dcd_rp2040.c.obj
                0x10004900                dcd_set_address
 .text.dcd_sof_enable
                0x10004914       0x1c CMakeFiles/02_printf.dir/C_/Repositories/pico/pico-sdk/lib/tinyusb/src/portable/raspberrypi/rp2040/dcd_rp2040.c.obj
                0x10004914                dcd_sof_enable
 .text.dcd_edpt0_status_complete
                0x10004930       0x1c CMakeFiles/02_printf.dir/C_/Repositories/pico/pico-sdk/lib/tinyusb/src/portable/raspberrypi/rp2040/dcd_rp2040.c.obj
                0x10004930                dcd_edpt0_status_complete
 .text.dcd_edpt_open
                0x1000494c      0x114 CMakeFiles/02_printf.dir/C_/Repositories/pico/pico-sdk/lib/tinyusb/src/portable/raspberrypi/rp2040/dcd_rp2040.c.obj
                0x1000494c                dcd_edpt_open
 .text.dcd_edpt_close_all
                0x10004a60        0x8 CMakeFiles/02_printf.dir/C_/Repositories/pico/pico-sdk/lib/tinyusb/src/portable/raspberrypi/rp2040/dcd_rp2040.c.obj
                0x10004a60                dcd_edpt_close_all
 .text.dcd_edpt_xfer
                0x10004a68       0x24 CMakeFiles/02_printf.dir/C_/Repositories/pico/pico-sdk/lib/tinyusb/src/portable/raspberrypi/rp2040/dcd_rp2040.c.obj
                0x10004a68                dcd_edpt_xfer
 .text.dcd_edpt_stall
                0x10004a8c       0x38 CMakeFiles/02_printf.dir/C_/Repositories/pico/pico-sdk/lib/tinyusb/src/portable/raspberrypi/rp2040/dcd_rp2040.c.obj
                0x10004a8c                dcd_edpt_stall
 .text.dcd_edpt_clear_stall
                0x10004ac4       0x30 CMakeFiles/02_printf.dir/C_/Repositories/pico/pico-sdk/lib/tinyusb/src/portable/raspberrypi/rp2040/dcd_rp2040.c.obj
                0x10004ac4                dcd_edpt_clear_stall
 .text.rp2040_usb_init
                0x10004af4       0x40 CMakeFiles/02_printf.dir/C_/Repositories/pico/pico-sdk/lib/tinyusb/src/portable/raspberrypi/rp2040/rp2040_usb.c.obj
                0x10004af4                rp2040_usb_init
 .text.hw_endpoint_xfer_start
                0x10004b34       0x50 CMakeFiles/02_printf.dir/C_/Repositories/pico/pico-sdk/lib/tinyusb/src/portable/raspberrypi/rp2040/rp2040_usb.c.obj
                0x10004b34                hw_endpoint_xfer_start
 .text.tud_event_hook_cb
                0x10004b84        0x4 CMakeFiles/02_printf.dir/C_/Repositories/pico/pico-sdk/lib/tinyusb/src/device/usbd.c.obj
                0x10004b84                tud_event_hook_cb
 .text.tud_sof_cb
                0x10004b88        0x4 CMakeFiles/02_printf.dir/C_/Repositories/pico/pico-sdk/lib/tinyusb/src/device/usbd.c.obj
                0x10004b88                tud_sof_cb
 .text.tud_descriptor_device_qualifier_cb
                0x10004b8c        0x4 CMakeFiles/02_printf.dir/C_/Repositories/pico/pico-sdk/lib/tinyusb/src/device/usbd.c.obj
                0x10004b8c                tud_descriptor_device_qualifier_cb
 .text.tud_descriptor_other_speed_configuration_cb
                0x10004b90        0x4 CMakeFiles/02_printf.dir/C_/Repositories/pico/pico-sdk/lib/tinyusb/src/device/usbd.c.obj
                0x10004b90                tud_descriptor_other_speed_configuration_cb
 .text.tud_mount_cb
                0x10004b94        0x4 CMakeFiles/02_printf.dir/C_/Repositories/pico/pico-sdk/lib/tinyusb/src/device/usbd.c.obj
                0x10004b94                tud_mount_cb
 .text.tud_umount_cb
                0x10004b98        0x4 CMakeFiles/02_printf.dir/C_/Repositories/pico/pico-sdk/lib/tinyusb/src/device/usbd.c.obj
                0x10004b98                tud_umount_cb
 .text.tud_suspend_cb
                0x10004b9c        0x4 CMakeFiles/02_printf.dir/C_/Repositories/pico/pico-sdk/lib/tinyusb/src/device/usbd.c.obj
                0x10004b9c                tud_suspend_cb
 .text.tud_resume_cb
                0x10004ba0        0x4 CMakeFiles/02_printf.dir/C_/Repositories/pico/pico-sdk/lib/tinyusb/src/device/usbd.c.obj
                0x10004ba0                tud_resume_cb
 .text.tud_mounted
                0x10004ba4       0x10 CMakeFiles/02_printf.dir/C_/Repositories/pico/pico-sdk/lib/tinyusb/src/device/usbd.c.obj
                0x10004ba4                tud_mounted
 .text.tud_suspended
                0x10004bb4       0x10 CMakeFiles/02_printf.dir/C_/Repositories/pico/pico-sdk/lib/tinyusb/src/device/usbd.c.obj
                0x10004bb4                tud_suspended
 .text.tud_rhport_init
                0x10004bc4       0xf4 CMakeFiles/02_printf.dir/C_/Repositories/pico/pico-sdk/lib/tinyusb/src/device/usbd.c.obj
                0x10004bc4                tud_rhport_init
 .text.tud_task_ext
                0x10004cb8      0x800 CMakeFiles/02_printf.dir/C_/Repositories/pico/pico-sdk/lib/tinyusb/src/device/usbd.c.obj
                0x10004cb8                tud_task_ext
 .text.usbd_open_edpt_pair
                0x100054b8       0x9c CMakeFiles/02_printf.dir/C_/Repositories/pico/pico-sdk/lib/tinyusb/src/device/usbd.c.obj
                0x100054b8                usbd_open_edpt_pair
 .text.usbd_edpt_open
                0x10005554       0x34 CMakeFiles/02_printf.dir/C_/Repositories/pico/pico-sdk/lib/tinyusb/src/device/usbd.c.obj
                0x10005554                usbd_edpt_open
 .text.usbd_edpt_claim
                0x10005588       0x28 CMakeFiles/02_printf.dir/C_/Repositories/pico/pico-sdk/lib/tinyusb/src/device/usbd.c.obj
                0x10005588                usbd_edpt_claim
 .text.usbd_edpt_release
                0x100055b0       0x28 CMakeFiles/02_printf.dir/C_/Repositories/pico/pico-sdk/lib/tinyusb/src/device/usbd.c.obj
                0x100055b0                usbd_edpt_release
 .text.usbd_edpt_xfer
                0x100055d8       0x4c CMakeFiles/02_printf.dir/C_/Repositories/pico/pico-sdk/lib/tinyusb/src/device/usbd.c.obj
                0x100055d8                usbd_edpt_xfer
 .text.tud_control_status
                0x10005624       0x30 CMakeFiles/02_printf.dir/C_/Repositories/pico/pico-sdk/lib/tinyusb/src/device/usbd_control.c.obj
                0x10005624                tud_control_status
 .text.tud_control_xfer
                0x10005654       0xbc CMakeFiles/02_printf.dir/C_/Repositories/pico/pico-sdk/lib/tinyusb/src/device/usbd_control.c.obj
                0x10005654                tud_control_xfer
 .text.usbd_control_reset
                0x10005710       0x14 CMakeFiles/02_printf.dir/C_/Repositories/pico/pico-sdk/lib/tinyusb/src/device/usbd_control.c.obj
                0x10005710                usbd_control_reset
 .text.usbd_control_set_complete_callback
                0x10005724        0xc CMakeFiles/02_printf.dir/C_/Repositories/pico/pico-sdk/lib/tinyusb/src/device/usbd_control.c.obj
                0x10005724                usbd_control_set_complete_callback
 .text.usbd_control_set_request
                0x10005730       0x1c CMakeFiles/02_printf.dir/C_/Repositories/pico/pico-sdk/lib/tinyusb/src/device/usbd_control.c.obj
                0x10005730                usbd_control_set_request
 .text.usbd_control_xfer_cb
                0x1000574c       0xf0 CMakeFiles/02_printf.dir/C_/Repositories/pico/pico-sdk/lib/tinyusb/src/device/usbd_control.c.obj
                0x1000574c                usbd_control_xfer_cb
 .text._prep_out_transaction.isra.0
                0x1000583c       0x6c CMakeFiles/02_printf.dir/C_/Repositories/pico/pico-sdk/lib/tinyusb/src/class/cdc/cdc_device.c.obj
 .text.tud_cdc_n_connected
                0x100058a8       0x2c CMakeFiles/02_printf.dir/C_/Repositories/pico/pico-sdk/lib/tinyusb/src/class/cdc/cdc_device.c.obj
                0x100058a8                tud_cdc_n_connected
 .text.tud_cdc_n_available
                0x100058d4       0x18 CMakeFiles/02_printf.dir/C_/Repositories/pico/pico-sdk/lib/tinyusb/src/class/cdc/cdc_device.c.obj
                0x100058d4                tud_cdc_n_available
 .text.tud_cdc_n_read
                0x100058ec       0x94 CMakeFiles/02_printf.dir/C_/Repositories/pico/pico-sdk/lib/tinyusb/src/class/cdc/cdc_device.c.obj
                0x100058ec                tud_cdc_n_read
 .text.tud_cdc_n_write_flush
                0x10005980       0x78 CMakeFiles/02_printf.dir/C_/Repositories/pico/pico-sdk/lib/tinyusb/src/class/cdc/cdc_device.c.obj
                0x10005980                tud_cdc_n_write_flush
 .text.tud_cdc_n_write
                0x100059f8       0x44 CMakeFiles/02_printf.dir/C_/Repositories/pico/pico-sdk/lib/tinyusb/src/class/cdc/cdc_device.c.obj
                0x100059f8                tud_cdc_n_write
 .text.tud_cdc_n_write_available
                0x10005a3c       0x18 CMakeFiles/02_printf.dir/C_/Repositories/pico/pico-sdk/lib/tinyusb/src/class/cdc/cdc_device.c.obj
                0x10005a3c                tud_cdc_n_write_available
 .text.cdcd_init
                0x10005a54       0x70 CMakeFiles/02_printf.dir/C_/Repositories/pico/pico-sdk/lib/tinyusb/src/class/cdc/cdc_device.c.obj
                0x10005a54                cdcd_init
 .text.cdcd_deinit
                0x10005ac4       0x24 CMakeFiles/02_printf.dir/C_/Repositories/pico/pico-sdk/lib/tinyusb/src/class/cdc/cdc_device.c.obj
                0x10005ac4                cdcd_deinit
 .text.cdcd_reset
                0x10005ae8       0x4c CMakeFiles/02_printf.dir/C_/Repositories/pico/pico-sdk/lib/tinyusb/src/class/cdc/cdc_device.c.obj
                0x10005ae8                cdcd_reset
 .text.cdcd_open
                0x10005b34       0xa8 CMakeFiles/02_printf.dir/C_/Repositories/pico/pico-sdk/lib/tinyusb/src/class/cdc/cdc_device.c.obj
                0x10005b34                cdcd_open
 .text.cdcd_control_xfer_cb
                0x10005bdc       0xe8 CMakeFiles/02_printf.dir/C_/Repositories/pico/pico-sdk/lib/tinyusb/src/class/cdc/cdc_device.c.obj
                0x10005bdc                cdcd_control_xfer_cb
 .text.cdcd_xfer_cb
                0x10005cc4       0xfc CMakeFiles/02_printf.dir/C_/Repositories/pico/pico-sdk/lib/tinyusb/src/class/cdc/cdc_device.c.obj
                0x10005cc4                cdcd_xfer_cb
 .text.vendord_init
                0x10005dc0       0x5c CMakeFiles/02_printf.dir/C_/Repositories/pico/pico-sdk/lib/tinyusb/src/class/vendor/vendor_device.c.obj
                0x10005dc0                vendord_init
 .text.vendord_deinit
                0x10005e1c       0x1c CMakeFiles/02_printf.dir/C_/Repositories/pico/pico-sdk/lib/tinyusb/src/class/vendor/vendor_device.c.obj
                0x10005e1c                vendord_deinit
 .text.vendord_reset
                0x10005e38       0x28 CMakeFiles/02_printf.dir/C_/Repositories/pico/pico-sdk/lib/tinyusb/src/class/vendor/vendor_device.c.obj
                0x10005e38                vendord_reset
 .text.vendord_open
                0x10005e60      0x128 CMakeFiles/02_printf.dir/C_/Repositories/pico/pico-sdk/lib/tinyusb/src/class/vendor/vendor_device.c.obj
                0x10005e60                vendord_open
 .text.vendord_xfer_cb
                0x10005f88       0x9c CMakeFiles/02_printf.dir/C_/Repositories/pico/pico-sdk/lib/tinyusb/src/class/vendor/vendor_device.c.obj
                0x10005f88                vendord_xfer_cb
 .text.tusb_rhport_init
                0x10006024       0x48 CMakeFiles/02_printf.dir/C_/Repositories/pico/pico-sdk/lib/tinyusb/src/tusb.c.obj
                0x10006024                tusb_rhport_init
 .text.tu_edpt_claim
                0x1000606c       0x50 CMakeFiles/02_printf.dir/C_/Repositories/pico/pico-sdk/lib/tinyusb/src/tusb.c.obj
                0x1000606c                tu_edpt_claim
 .text.tu_edpt_release
                0x100060bc       0x38 CMakeFiles/02_printf.dir/C_/Repositories/pico/pico-sdk/lib/tinyusb/src/tusb.c.obj
                0x100060bc                tu_edpt_release
 .text.tu_edpt_validate
                0x100060f4       0x78 CMakeFiles/02_printf.dir/C_/Repositories/pico/pico-sdk/lib/tinyusb/src/tusb.c.obj
                0x100060f4                tu_edpt_validate
 .text.tu_edpt_bind_driver
                0x1000616c       0x34 CMakeFiles/02_printf.dir/C_/Repositories/pico/pico-sdk/lib/tinyusb/src/tusb.c.obj
                0x1000616c                tu_edpt_bind_driver
 .text.tu_edpt_stream_init
                0x100061a0       0x6c CMakeFiles/02_printf.dir/C_/Repositories/pico/pico-sdk/lib/tinyusb/src/tusb.c.obj
                0x100061a0                tu_edpt_stream_init
 .text.tu_edpt_stream_deinit
                0x1000620c        0x4 CMakeFiles/02_printf.dir/C_/Repositories/pico/pico-sdk/lib/tinyusb/src/tusb.c.obj
                0x1000620c                tu_edpt_stream_deinit
 .text.tu_edpt_stream_write_zlp_if_needed
                0x10006210       0x58 CMakeFiles/02_printf.dir/C_/Repositories/pico/pico-sdk/lib/tinyusb/src/tusb.c.obj
                0x10006210                tu_edpt_stream_write_zlp_if_needed
 .text.tu_edpt_stream_write_xfer
                0x10006268       0x64 CMakeFiles/02_printf.dir/C_/Repositories/pico/pico-sdk/lib/tinyusb/src/tusb.c.obj
                0x10006268                tu_edpt_stream_write_xfer
 .text.tu_edpt_stream_read_xfer
                0x100062cc       0xdc CMakeFiles/02_printf.dir/C_/Repositories/pico/pico-sdk/lib/tinyusb/src/tusb.c.obj
                0x100062cc                tu_edpt_stream_read_xfer
 .text.tu_fifo_config
                0x100063a8       0x70 CMakeFiles/02_printf.dir/C_/Repositories/pico/pico-sdk/lib/tinyusb/src/common/tusb_fifo.c.obj
                0x100063a8                tu_fifo_config
 .text.tu_fifo_count
                0x10006418       0x2c CMakeFiles/02_printf.dir/C_/Repositories/pico/pico-sdk/lib/tinyusb/src/common/tusb_fifo.c.obj
                0x10006418                tu_fifo_count
 .text.tu_fifo_empty
                0x10006444       0x10 CMakeFiles/02_printf.dir/C_/Repositories/pico/pico-sdk/lib/tinyusb/src/common/tusb_fifo.c.obj
                0x10006444                tu_fifo_empty
 .text.tu_fifo_remaining
                0x10006454       0x2c CMakeFiles/02_printf.dir/C_/Repositories/pico/pico-sdk/lib/tinyusb/src/common/tusb_fifo.c.obj
                0x10006454                tu_fifo_remaining
 .text.tu_fifo_read
                0x10006480       0xa0 CMakeFiles/02_printf.dir/C_/Repositories/pico/pico-sdk/lib/tinyusb/src/common/tusb_fifo.c.obj
                0x10006480                tu_fifo_read
 .text.tu_fifo_read_n
                0x10006520       0xec CMakeFiles/02_printf.dir/C_/Repositories/pico/pico-sdk/lib/tinyusb/src/common/tusb_fifo.c.obj
                0x10006520                tu_fifo_read_n
 .text.tu_fifo_write
                0x1000660c       0x88 CMakeFiles/02_printf.dir/C_/Repositories/pico/pico-sdk/lib/tinyusb/src/common/tusb_fifo.c.obj
                0x1000660c                tu_fifo_write
 .text.tu_fifo_write_n
                0x10006694      0x168 CMakeFiles/02_printf.dir/C_/Repositories/pico/pico-sdk/lib/tinyusb/src/common/tusb_fifo.c.obj
                0x10006694                tu_fifo_write_n
 .text.tu_fifo_clear
                0x100067fc       0x40 CMakeFiles/02_printf.dir/C_/Repositories/pico/pico-sdk/lib/tinyusb/src/common/tusb_fifo.c.obj
                0x100067fc                tu_fifo_clear
 .text.tu_fifo_set_overwritable
                0x1000683c       0x48 CMakeFiles/02_printf.dir/C_/Repositories/pico/pico-sdk/lib/tinyusb/src/common/tusb_fifo.c.obj
                0x1000683c                tu_fifo_set_overwritable
 .text.strlen   0x10006884       0x5c c:/program files (x86)/gnu arm embedded toolchain/10 2021.10/bin/../lib/gcc/arm-none-eabi/10.3.1/../../../../arm-none-eabi/lib/thumb/v6-m/nofp\libg.a(lib_a-strlen-stub.o)
                0x10006884                strlen
 *(.fini)
 .fini          0x100068e0        0x4 c:/program files (x86)/gnu arm embedded toolchain/10 2021.10/bin/../lib/gcc/arm-none-eabi/10.3.1/thumb/v6-m/nofp/crti.o
                0x100068e0                _fini
 *fill*         0x100068e4        0x4 
 .fini.__stub   0x100068e8       0xd0 linker stubs
 *crtbegin.o(.ctors)
 *crtbegin?.o(.ctors)
 *(EXCLUDE_FILE(*crtend.o *crtend?.o) .ctors)
 *(SORT_BY_NAME(.ctors.*))
 *(.ctors)
 *crtbegin.o(.dtors)
 *crtbegin?.o(.dtors)
 *(EXCLUDE_FILE(*crtend.o *crtend?.o) .dtors)
 *(SORT_BY_NAME(.dtors.*))
 *(.dtors)
 *(.eh_frame*)
 .eh_frame      0x100069b8        0x0 c:/program files (x86)/gnu arm embedded toolchain/10 2021.10/bin/../lib/gcc/arm-none-eabi/10.3.1/thumb/v6-m/nofp/crtbegin.o
                0x100069b8                . = ALIGN (0x4)

.glue_7         0x100069b8        0x0
 .glue_7        0x100069b8        0x0 linker stubs

.glue_7t        0x100069b8        0x0
 .glue_7t       0x100069b8        0x0 linker stubs

.vfp11_veneer   0x100069b8        0x0
 .vfp11_veneer  0x100069b8        0x0 linker stubs

.v4_bx          0x100069b8        0x0
 .v4_bx         0x100069b8        0x0 linker stubs

.iplt           0x100069b8        0x0
 .iplt          0x100069b8        0x0 c:/program files (x86)/gnu arm embedded toolchain/10 2021.10/bin/../lib/gcc/arm-none-eabi/10.3.1/thumb/v6-m/nofp/crtbegin.o

.rodata         0x100069b8      0x6c0
 *(EXCLUDE_FILE(*libm.a: *libc.a:*lib_a-mem*.o *libgcc.a:) .rodata*)
 .rodata.stdio_task_handle.str1.4
                0x100069b8       0x65 CMakeFiles/02_printf.dir/stdio-task/stdio-task.c.obj
 *fill*         0x10006a1d        0x3 
 .rodata.panic.str1.4
                0x10006a20       0x12 CMakeFiles/02_printf.dir/C_/Repositories/pico/pico-sdk/src/rp2_common/pico_platform_panic/panic.c.obj
 *fill*         0x10006a32        0x2 
 .rodata.spin_lock_claim_unused.str1.4
                0x10006a34       0x1b CMakeFiles/02_printf.dir/C_/Repositories/pico/pico-sdk/src/rp2_common/hardware_sync/sync.c.obj
 *fill*         0x10006a4f        0x1 
 .rodata.user_irq_claim_unused.str1.4
                0x10006a50       0x1b CMakeFiles/02_printf.dir/C_/Repositories/pico/pico-sdk/src/rp2_common/hardware_irq/irq.c.obj
 *fill*         0x10006a6b        0x1 
 .rodata.timer_hardware_alarm_claim.str1.4
                0x10006a6c       0x22 CMakeFiles/02_printf.dir/C_/Repositories/pico/pico-sdk/src/rp2_common/hardware_timer/timer.c.obj
 *fill*         0x10006a8e        0x2 
 .rodata.hard_assertion_failure.str1.4
                0x10006a90        0xc CMakeFiles/02_printf.dir/C_/Repositories/pico/pico-sdk/src/rp2_common/pico_runtime/runtime.c.obj
 .rodata.str1.4
                0x10006a9c       0x40 CMakeFiles/02_printf.dir/C_/Repositories/pico/pico-sdk/src/rp2_common/pico_standard_binary_info/standard_binary_info.c.obj
 .rodata.__bi_26
                0x10006adc        0xc CMakeFiles/02_printf.dir/C_/Repositories/pico/pico-sdk/src/rp2_common/pico_standard_binary_info/standard_binary_info.c.obj
 .rodata.__bi_34
                0x10006ae8        0xc CMakeFiles/02_printf.dir/C_/Repositories/pico/pico-sdk/src/rp2_common/pico_standard_binary_info/standard_binary_info.c.obj
 .rodata.__bi_42
                0x10006af4        0xc CMakeFiles/02_printf.dir/C_/Repositories/pico/pico-sdk/src/rp2_common/pico_standard_binary_info/standard_binary_info.c.obj
 .rodata.__bi_48
                0x10006b00        0xc CMakeFiles/02_printf.dir/C_/Repositories/pico/pico-sdk/src/rp2_common/pico_standard_binary_info/standard_binary_info.c.obj
 .rodata.__bi_54
                0x10006b0c        0xc CMakeFiles/02_printf.dir/C_/Repositories/pico/pico-sdk/src/rp2_common/pico_standard_binary_info/standard_binary_info.c.obj
 .rodata.__bi_78
                0x10006b18        0xc CMakeFiles/02_printf.dir/C_/Repositories/pico/pico-sdk/src/rp2_common/pico_standard_binary_info/standard_binary_info.c.obj
 .rodata.__bi_84
                0x10006b24        0xc CMakeFiles/02_printf.dir/C_/Repositories/pico/pico-sdk/src/rp2_common/pico_standard_binary_info/standard_binary_info.c.obj
 .rodata._ftoa.str1.4
                0x10006b30       0x15 CMakeFiles/02_printf.dir/C_/Repositories/pico/pico-sdk/src/rp2_common/pico_printf/printf.c.obj
 *fill*         0x10006b45        0x3 
 .rodata._vsnprintf
                0x10006b48      0x1e0 CMakeFiles/02_printf.dir/C_/Repositories/pico/pico-sdk/src/rp2_common/pico_printf/printf.c.obj
 .rodata.pow10.0
                0x10006d28       0x50 CMakeFiles/02_printf.dir/C_/Repositories/pico/pico-sdk/src/rp2_common/pico_printf/printf.c.obj
 .rodata.crlf_str.0
                0x10006d78        0x2 CMakeFiles/02_printf.dir/C_/Repositories/pico/pico-sdk/src/rp2_common/pico_stdio/stdio.c.obj
 *fill*         0x10006d7a        0x2 
 .rodata._resetd_driver
                0x10006d7c       0x20 CMakeFiles/02_printf.dir/C_/Repositories/pico/pico-sdk/src/rp2_common/pico_stdio_usb/reset_interface.c.obj
 .rodata.desc_bos
                0x10006d9c       0x21 CMakeFiles/02_printf.dir/C_/Repositories/pico/pico-sdk/src/rp2_common/pico_stdio_usb/reset_interface.c.obj
                0x10006d9c                desc_bos
 *fill*         0x10006dbd        0x3 
 .rodata.desc_ms_os_20
                0x10006dc0       0xa6 CMakeFiles/02_printf.dir/C_/Repositories/pico/pico-sdk/src/rp2_common/pico_stdio_usb/reset_interface.c.obj
 *fill*         0x10006e66        0x2 
 .rodata.str1.4
                0x10006e68       0x13 CMakeFiles/02_printf.dir/C_/Repositories/pico/pico-sdk/src/rp2_common/pico_stdio_usb/stdio_usb.c.obj
 *fill*         0x10006e7b        0x1 
 .rodata.__bi_202.0
                0x10006e7c        0xc CMakeFiles/02_printf.dir/C_/Repositories/pico/pico-sdk/src/rp2_common/pico_stdio_usb/stdio_usb.c.obj
 .rodata.str1.4
                0x10006e88       0x2a CMakeFiles/02_printf.dir/C_/Repositories/pico/pico-sdk/src/rp2_common/pico_stdio_usb/stdio_usb_descriptors.c.obj
 *fill*         0x10006eb2        0x2 
 .rodata.usbd_desc_cfg
                0x10006eb4       0x54 CMakeFiles/02_printf.dir/C_/Repositories/pico/pico-sdk/src/rp2_common/pico_stdio_usb/stdio_usb_descriptors.c.obj
 .rodata.usbd_desc_device
                0x10006f08       0x12 CMakeFiles/02_printf.dir/C_/Repositories/pico/pico-sdk/src/rp2_common/pico_stdio_usb/stdio_usb_descriptors.c.obj
 *fill*         0x10006f1a        0x2 
 .rodata.usbd_desc_str
                0x10006f1c       0x18 CMakeFiles/02_printf.dir/C_/Repositories/pico/pico-sdk/src/rp2_common/pico_stdio_usb/stdio_usb_descriptors.c.obj
 .rodata.str1.4
                0x10006f34       0x14 CMakeFiles/02_printf.dir/C_/Repositories/pico/pico-sdk/lib/tinyusb/src/portable/raspberrypi/rp2040/dcd_rp2040.c.obj
 .rodata.str1.4
                0x10006f48       0x48 CMakeFiles/02_printf.dir/C_/Repositories/pico/pico-sdk/lib/tinyusb/src/portable/raspberrypi/rp2040/rp2040_usb.c.obj
 .rodata.tud_task_ext
                0x10006f90       0x8c CMakeFiles/02_printf.dir/C_/Repositories/pico/pico-sdk/lib/tinyusb/src/device/usbd.c.obj
 .rodata        0x1000701c       0x1c CMakeFiles/02_printf.dir/C_/Repositories/pico/pico-sdk/lib/tinyusb/src/device/usbd.c.obj
 .rodata._usbd_driver
                0x10007038       0x40 CMakeFiles/02_printf.dir/C_/Repositories/pico/pico-sdk/lib/tinyusb/src/device/usbd.c.obj
                0x10007078                . = ALIGN (0x4)
 *(SORT_BY_ALIGNMENT(SORT_BY_NAME(.flashdata*)))
                0x10007078                . = ALIGN (0x4)

.ARM.extab
 *(.ARM.extab* .gnu.linkonce.armextab.*)
                0x10007078                __exidx_start = .

.ARM.exidx
 *(.ARM.exidx* .gnu.linkonce.armexidx.*)
                0x10007078                __exidx_end = .
                0x10007078                . = ALIGN (0x4)
                0x10007078                __binary_info_start = .

.binary_info    0x10007078       0x20
 *(.binary_info.keep.*)
 .binary_info.keep.__bi_ptr26
                0x10007078        0x4 CMakeFiles/02_printf.dir/C_/Repositories/pico/pico-sdk/src/rp2_common/pico_standard_binary_info/standard_binary_info.c.obj
 .binary_info.keep.__bi_ptr34
                0x1000707c        0x4 CMakeFiles/02_printf.dir/C_/Repositories/pico/pico-sdk/src/rp2_common/pico_standard_binary_info/standard_binary_info.c.obj
 .binary_info.keep.__bi_ptr42
                0x10007080        0x4 CMakeFiles/02_printf.dir/C_/Repositories/pico/pico-sdk/src/rp2_common/pico_standard_binary_info/standard_binary_info.c.obj
 .binary_info.keep.__bi_ptr48
                0x10007084        0x4 CMakeFiles/02_printf.dir/C_/Repositories/pico/pico-sdk/src/rp2_common/pico_standard_binary_info/standard_binary_info.c.obj
 .binary_info.keep.__bi_ptr54
                0x10007088        0x4 CMakeFiles/02_printf.dir/C_/Repositories/pico/pico-sdk/src/rp2_common/pico_standard_binary_info/standard_binary_info.c.obj
 .binary_info.keep.__bi_ptr78
                0x1000708c        0x4 CMakeFiles/02_printf.dir/C_/Repositories/pico/pico-sdk/src/rp2_common/pico_standard_binary_info/standard_binary_info.c.obj
 .binary_info.keep.__bi_ptr84
                0x10007090        0x4 CMakeFiles/02_printf.dir/C_/Repositories/pico/pico-sdk/src/rp2_common/pico_standard_binary_info/standard_binary_info.c.obj
 *(.binary_info.*)
 .binary_info.__bi_ptr202
                0x10007094        0x4 CMakeFiles/02_printf.dir/C_/Repositories/pico/pico-sdk/src/rp2_common/pico_stdio_usb/stdio_usb.c.obj
                0x10007098                __binary_info_end = .
                0x10007098                . = ALIGN (0x4)

.ram_vector_table
                0x20000000       0xc0
 *(.ram_vector_table)
 .ram_vector_table
                0x20000000       0xc0 CMakeFiles/02_printf.dir/C_/Repositories/pico/pico-sdk/src/rp2_common/pico_runtime_init/runtime_init.c.obj
                0x20000000                ram_vector_table

.data           0x200000c0     0x1074 load address 0x10007098
                0x200000c0                __data_start__ = .
 *(vtable)
 *(.time_critical*)
 .time_critical.mutex_try_enter
                0x200000c0       0x44 CMakeFiles/02_printf.dir/C_/Repositories/pico/pico-sdk/src/common/pico_sync/mutex.c.obj
                0x200000c0                mutex_try_enter
 .time_critical.mutex_try_enter_block_until
                0x20000104       0x9c CMakeFiles/02_printf.dir/C_/Repositories/pico/pico-sdk/src/common/pico_sync/mutex.c.obj
                0x20000104                mutex_try_enter_block_until
 .time_critical.mutex_enter_timeout_ms
                0x200001a0       0x90 CMakeFiles/02_printf.dir/C_/Repositories/pico/pico-sdk/src/common/pico_sync/mutex.c.obj
                0x200001a0                mutex_enter_timeout_ms
 .time_critical.mutex_exit
                0x20000230       0x28 CMakeFiles/02_printf.dir/C_/Repositories/pico/pico-sdk/src/common/pico_sync/mutex.c.obj
                0x20000230                mutex_exit
 .time_critical.flash_init_boot2_copyout
                0x20000258       0x30 CMakeFiles/02_printf.dir/C_/Repositories/pico/pico-sdk/src/rp2_common/hardware_flash/flash.c.obj
 .time_critical.flash_enable_xip_via_boot2
                0x20000288       0x10 CMakeFiles/02_printf.dir/C_/Repositories/pico/pico-sdk/src/rp2_common/hardware_flash/flash.c.obj
 .time_critical.flash_save_hardware_state
                0x20000298       0x28 CMakeFiles/02_printf.dir/C_/Repositories/pico/pico-sdk/src/rp2_common/hardware_flash/flash.c.obj
 .time_critical.flash_restore_hardware_state
                0x200002c0       0x28 CMakeFiles/02_printf.dir/C_/Repositories/pico/pico-sdk/src/rp2_common/hardware_flash/flash.c.obj
 .time_critical.flash_cs_force
                0x200002e8       0x38 CMakeFiles/02_printf.dir/C_/Repositories/pico/pico-sdk/src/rp2_common/hardware_flash/flash.c.obj
 .time_critical.flash_do_cmd
                0x20000320       0xd4 CMakeFiles/02_printf.dir/C_/Repositories/pico/pico-sdk/src/rp2_common/hardware_flash/flash.c.obj
                0x20000320                flash_do_cmd
 .time_critical.reset_non_control_endpoints
                0x200003f4       0xbc CMakeFiles/02_printf.dir/C_/Repositories/pico/pico-sdk/lib/tinyusb/src/portable/raspberrypi/rp2040/dcd_rp2040.c.obj
 .time_critical.hw_handle_buff_status
                0x200004b0       0x98 CMakeFiles/02_printf.dir/C_/Repositories/pico/pico-sdk/lib/tinyusb/src/portable/raspberrypi/rp2040/dcd_rp2040.c.obj
 .time_critical.dcd_rp2040_irq
                0x20000548      0x530 CMakeFiles/02_printf.dir/C_/Repositories/pico/pico-sdk/lib/tinyusb/src/portable/raspberrypi/rp2040/dcd_rp2040.c.obj
 .time_critical.prepare_ep_buffer
                0x20000a78       0xf4 CMakeFiles/02_printf.dir/C_/Repositories/pico/pico-sdk/lib/tinyusb/src/portable/raspberrypi/rp2040/rp2040_usb.c.obj
 .time_critical.sync_ep_buffer
                0x20000b6c       0xb4 CMakeFiles/02_printf.dir/C_/Repositories/pico/pico-sdk/lib/tinyusb/src/portable/raspberrypi/rp2040/rp2040_usb.c.obj
 .time_critical._hw_endpoint_xfer_sync
                0x20000c20       0x28 CMakeFiles/02_printf.dir/C_/Repositories/pico/pico-sdk/lib/tinyusb/src/portable/raspberrypi/rp2040/rp2040_usb.c.obj
 .time_critical.e15_is_bulkin_ep
                0x20000c48       0x28 CMakeFiles/02_printf.dir/C_/Repositories/pico/pico-sdk/lib/tinyusb/src/portable/raspberrypi/rp2040/rp2040_usb.c.obj
 .time_critical.e15_is_critical_frame_period
                0x20000c70       0x34 CMakeFiles/02_printf.dir/C_/Repositories/pico/pico-sdk/lib/tinyusb/src/portable/raspberrypi/rp2040/rp2040_usb.c.obj
 .time_critical.hw_endpoint_reset_transfer
                0x20000ca4        0xc CMakeFiles/02_printf.dir/C_/Repositories/pico/pico-sdk/lib/tinyusb/src/portable/raspberrypi/rp2040/rp2040_usb.c.obj
                0x20000ca4                hw_endpoint_reset_transfer
 .time_critical._hw_endpoint_buffer_control_update32
                0x20000cb0       0x50 CMakeFiles/02_printf.dir/C_/Repositories/pico/pico-sdk/lib/tinyusb/src/portable/raspberrypi/rp2040/rp2040_usb.c.obj
                0x20000cb0                _hw_endpoint_buffer_control_update32
 .time_critical.hw_endpoint_start_next_buffer
                0x20000d00       0x6c CMakeFiles/02_printf.dir/C_/Repositories/pico/pico-sdk/lib/tinyusb/src/portable/raspberrypi/rp2040/rp2040_usb.c.obj
                0x20000d00                hw_endpoint_start_next_buffer
 .time_critical.hw_endpoint_xfer_continue
                0x20000d6c       0x40 CMakeFiles/02_printf.dir/C_/Repositories/pico/pico-sdk/lib/tinyusb/src/portable/raspberrypi/rp2040/rp2040_usb.c.obj
                0x20000d6c                hw_endpoint_xfer_continue
 .time_critical.tinyusb
                0x20000dac      0x1f0 CMakeFiles/02_printf.dir/C_/Repositories/pico/pico-sdk/lib/tinyusb/src/device/usbd.c.obj
                0x20000dac                dcd_event_handler
 *(.text*)
 .text          0x20000f9c        0x4 c:/program files (x86)/gnu arm embedded toolchain/10 2021.10/bin/../lib/gcc/arm-none-eabi/10.3.1/thumb/v6-m/nofp\libgcc.a(_dvmd_tls.o)
                0x20000f9c                __aeabi_idiv0
                0x20000f9c                __aeabi_ldiv0
 .text.__stub   0x20000fa0       0x80 linker stubs
                0x20001020                . = ALIGN (0x4)
 *(.rodata*)
                0x20001020                . = ALIGN (0x4)
 *(.data*)
 .data.striped_spin_lock_num
                0x20001020        0x1 CMakeFiles/02_printf.dir/C_/Repositories/pico/pico-sdk/src/rp2_common/hardware_sync/sync.c.obj
 *fill*         0x20001021        0x3 
 .data          0x20001024       0x48 CMakeFiles/02_printf.dir/C_/Repositories/pico/pico-sdk/src/rp2_common/hardware_irq/irq_handler_chain.S.obj
                0x20001024                irq_handler_chain_slots
                0x20001054                irq_handler_chain_first_slot
                0x2000105e                irq_handler_chain_remove_tail
 .data.default_alarm_pool
                0x2000106c       0x18 CMakeFiles/02_printf.dir/C_/Repositories/pico/pico-sdk/src/common/pico_time/time.c.obj
 *fill*         0x20001084        0xc 
 .data.aeabi_bits_funcs
                0x20001090       0x10 CMakeFiles/02_printf.dir/C_/Repositories/pico/pico-sdk/src/rp2_common/pico_bit_ops/bit_ops_aeabi.S.obj
                0x20001090                aeabi_bits_funcs
                0x200010a0                aeabi_bits_funcs_end
 .data.aeabi_mem_funcs
                0x200010a0       0x10 CMakeFiles/02_printf.dir/C_/Repositories/pico/pico-sdk/src/rp2_common/pico_mem_ops/mem_ops_aeabi.S.obj
                0x200010a0                aeabi_mem_funcs
                0x200010b0                aeabi_mem_funcs_end
 .data.stdio_usb
                0x200010b0       0x18 CMakeFiles/02_printf.dir/C_/Repositories/pico/pico-sdk/src/rp2_common/pico_stdio_usb/stdio_usb.c.obj
                0x200010b0                stdio_usb
 .data._usbd_qdef
                0x200010c8       0x1c CMakeFiles/02_printf.dir/C_/Repositories/pico/pico-sdk/lib/tinyusb/src/device/usbd.c.obj
                0x200010c8                _usbd_qdef
 .data._usbd_rhport
                0x200010e4        0x1 CMakeFiles/02_printf.dir/C_/Repositories/pico/pico-sdk/lib/tinyusb/src/device/usbd.c.obj
                0x200010e8                . = ALIGN (0x4)
 *fill*         0x200010e5        0x3 
 *(.after_data.*)
                0x200010e8                . = ALIGN (0x4)
                0x200010e8                PROVIDE (__mutex_array_start = .)
 *(SORT_BY_NAME(.mutex_array.*))
 *(.mutex_array)
 .mutex_array   0x200010e8        0x8 CMakeFiles/02_printf.dir/C_/Repositories/pico/pico-sdk/src/rp2_common/pico_stdio/stdio.c.obj
                0x200010f0                PROVIDE (__mutex_array_end = .)
                0x200010f0                . = ALIGN (0x4)
                0x200010f0                PROVIDE (__preinit_array_start = .)
 *(SORT_BY_NAME(.preinit_array.*))
 .preinit_array.00100
                0x200010f0        0x4 CMakeFiles/02_printf.dir/C_/Repositories/pico/pico-sdk/src/rp2_common/pico_runtime_init/runtime_init.c.obj
                0x200010f0                __pre_init_runtime_init_early_resets
 .preinit_array.00101
                0x200010f4        0x4 CMakeFiles/02_printf.dir/C_/Repositories/pico/pico-sdk/src/rp2_common/pico_runtime_init/runtime_init.c.obj
                0x200010f4                __pre_init_runtime_init_usb_power_down
 .preinit_array.00275
                0x200010f8        0x4 CMakeFiles/02_printf.dir/C_/Repositories/pico/pico-sdk/src/rp2_common/pico_bit_ops/bit_ops_aeabi.S.obj
 .preinit_array.00300
                0x200010fc        0x4 CMakeFiles/02_printf.dir/C_/Repositories/pico/pico-sdk/src/rp2_common/pico_mem_ops/mem_ops_aeabi.S.obj
 .preinit_array.00350
                0x20001100        0x4 CMakeFiles/02_printf.dir/C_/Repositories/pico/pico-sdk/src/rp2_common/pico_double/double_aeabi_rp2040.S.obj
 .preinit_array.00350
                0x20001104        0x4 CMakeFiles/02_printf.dir/C_/Repositories/pico/pico-sdk/src/rp2_common/pico_float/float_aeabi_rp2040.S.obj
 .preinit_array.00500
                0x20001108        0x4 CMakeFiles/02_printf.dir/C_/Repositories/pico/pico-sdk/src/rp2_common/pico_runtime_init/runtime_init.c.obj
                0x20001108                __pre_init_runtime_init_clocks
 .preinit_array.00600
                0x2000110c        0x4 CMakeFiles/02_printf.dir/C_/Repositories/pico/pico-sdk/src/rp2_common/pico_runtime_init/runtime_init.c.obj
                0x2000110c                __pre_init_runtime_init_post_clock_resets
 .preinit_array.00700
                0x20001110        0x4 CMakeFiles/02_printf.dir/C_/Repositories/pico/pico-sdk/src/rp2_common/pico_runtime_init/runtime_init.c.obj
                0x20001110                __pre_init_runtime_init_rp2040_gpio_ie_disable
 .preinit_array.01000
                0x20001114        0x4 CMakeFiles/02_printf.dir/C_/Repositories/pico/pico-sdk/src/rp2_common/pico_runtime_init/runtime_init.c.obj
                0x20001114                __pre_init_runtime_init_spin_locks_reset
 .preinit_array.01100
                0x20001118        0x4 CMakeFiles/02_printf.dir/C_/Repositories/pico/pico-sdk/src/common/pico_sync/mutex.c.obj
                0x20001118                __pre_init_runtime_init_mutex
 .preinit_array.10080
                0x2000111c        0x4 CMakeFiles/02_printf.dir/C_/Repositories/pico/pico-sdk/src/rp2_common/pico_runtime_init/runtime_init.c.obj
                0x2000111c                __pre_init_runtime_init_install_ram_vector_table
 .preinit_array.11000
                0x20001120        0x4 CMakeFiles/02_printf.dir/C_/Repositories/pico/pico-sdk/src/common/pico_time/time.c.obj
                0x20001120                __pre_init_runtime_init_default_alarm_pool
 .preinit_array.YYYYY
                0x20001124        0x4 CMakeFiles/02_printf.dir/C_/Repositories/pico/pico-sdk/src/rp2_common/pico_runtime/runtime.c.obj
                0x20001124                __pre_init_first_per_core_initializer
 .preinit_array.ZZZZZ.01200
                0x20001128        0x4 CMakeFiles/02_printf.dir/C_/Repositories/pico/pico-sdk/src/rp2_common/hardware_irq/irq.c.obj
                0x20001128                __pre_init_runtime_init_per_core_irq_priorities
 *(.preinit_array)
                0x2000112c                PROVIDE (__preinit_array_end = .)
                0x2000112c                . = ALIGN (0x4)
                0x2000112c                PROVIDE (__init_array_start = .)
 *(SORT_BY_NAME(.init_array.*))
 .init_array.01000
                0x2000112c        0x4 CMakeFiles/02_printf.dir/C_/Repositories/pico/pico-sdk/src/rp2_common/pico_unique_id/unique_id.c.obj
 *(.init_array)
 .init_array    0x20001130        0x4 c:/program files (x86)/gnu arm embedded toolchain/10 2021.10/bin/../lib/gcc/arm-none-eabi/10.3.1/thumb/v6-m/nofp/crtbegin.o
                0x20001134                PROVIDE (__init_array_end = .)
                0x20001134                . = ALIGN (0x4)
                [!provide]                PROVIDE (__fini_array_start = .)
 *(SORT_BY_NAME(.fini_array.*))
 *(.fini_array)
                [!provide]                PROVIDE (__fini_array_end = .)
 *(.jcr)
                0x20001134                . = ALIGN (0x4)
                0x20001134                __data_end__ = .
                0x10007098                __etext = LOADADDR (.data)

.igot.plt       0x20001134        0x0 load address 0x1000810c
 .igot.plt      0x20001134        0x0 c:/program files (x86)/gnu arm embedded toolchain/10 2021.10/bin/../lib/gcc/arm-none-eabi/10.3.1/thumb/v6-m/nofp/crtbegin.o

.uninitialized_data
                0x20001134        0x0 load address 0x1000810c
                0x20001134                . = ALIGN (0x4)
 *(.uninitialized_data*)

.scratch_x      0x20040000        0x0 load address 0x1000810c
                0x20040000                __scratch_x_start__ = .
 *(.scratch_x.*)
                0x20040000                . = ALIGN (0x4)
                0x20040000                __scratch_x_end__ = .
                0x1000810c                __scratch_x_source__ = LOADADDR (.scratch_x)

.scratch_y      0x20041000        0x0 load address 0x1000810c
                0x20041000                __scratch_y_start__ = .
 *(.scratch_y.*)
                0x20041000                . = ALIGN (0x4)
                0x20041000                __scratch_y_end__ = .
                0x1000810c                __scratch_y_source__ = LOADADDR (.scratch_y)

.bss            0x20001138      0xf00
                0x20001138                . = ALIGN (0x4)
                0x20001138                __bss_start__ = .
 *(SORT_BY_ALIGNMENT(SORT_BY_NAME(.bss*)))
 .bss.default_alarm_pool_entries
                0x20001138      0x180 CMakeFiles/02_printf.dir/C_/Repositories/pico/pico-sdk/src/common/pico_time/time.c.obj
 .bss.last_avail_time.1
                0x200012b8        0x8 CMakeFiles/02_printf.dir/C_/Repositories/pico/pico-sdk/src/rp2_common/pico_stdio_usb/stdio_usb.c.obj
 .bss.sd_table  0x200012c0      0x100 CMakeFiles/02_printf.dir/C_/Repositories/pico/pico-sdk/src/rp2_common/pico_double/double_init_rom_rp2040.c.obj
                0x200012c0                sd_table
 .bss.sf_table  0x200013c0      0x100 CMakeFiles/02_printf.dir/C_/Repositories/pico/pico-sdk/src/rp2_common/pico_float/float_init_rom_rp2040.c.obj
                0x200013c0                sf_table
 .bss           0x200014c0       0x1c c:/program files (x86)/gnu arm embedded toolchain/10 2021.10/bin/../lib/gcc/arm-none-eabi/10.3.1/thumb/v6-m/nofp/crtbegin.o
 .bss._app_driver
                0x200014dc        0x4 CMakeFiles/02_printf.dir/C_/Repositories/pico/pico-sdk/lib/tinyusb/src/device/usbd.c.obj
 .bss._cdcd_epbuf
                0x200014e0       0x80 CMakeFiles/02_printf.dir/C_/Repositories/pico/pico-sdk/lib/tinyusb/src/class/cdc/cdc_device.c.obj
 .bss._cdcd_fifo_cfg
                0x20001560        0x1 CMakeFiles/02_printf.dir/C_/Repositories/pico/pico-sdk/lib/tinyusb/src/class/cdc/cdc_device.c.obj
 *fill*         0x20001561        0x3 
 .bss._cdcd_itf
                0x20001564       0xc8 CMakeFiles/02_printf.dir/C_/Repositories/pico/pico-sdk/lib/tinyusb/src/class/cdc/cdc_device.c.obj
 .bss._ctrl_epbuf
                0x2000162c       0x40 CMakeFiles/02_printf.dir/C_/Repositories/pico/pico-sdk/lib/tinyusb/src/device/usbd_control.c.obj
 .bss._ctrl_xfer
                0x2000166c       0x14 CMakeFiles/02_printf.dir/C_/Repositories/pico/pico-sdk/lib/tinyusb/src/device/usbd_control.c.obj
 .bss._tusb_rhport_role
                0x20001680        0x2 CMakeFiles/02_printf.dir/C_/Repositories/pico/pico-sdk/lib/tinyusb/src/tusb.c.obj
                0x20001680                _tusb_rhport_role
 *fill*         0x20001682        0x2 
 .bss._ubsd_mutexdef
                0x20001684        0x8 CMakeFiles/02_printf.dir/C_/Repositories/pico/pico-sdk/lib/tinyusb/src/device/usbd.c.obj
 .bss._usbd_dev
                0x2000168c       0x54 CMakeFiles/02_printf.dir/C_/Repositories/pico/pico-sdk/lib/tinyusb/src/device/usbd.c.obj
 .bss._usbd_mutex
                0x200016e0        0x4 CMakeFiles/02_printf.dir/C_/Repositories/pico/pico-sdk/lib/tinyusb/src/device/usbd.c.obj
 .bss._usbd_q   0x200016e4        0x4 CMakeFiles/02_printf.dir/C_/Repositories/pico/pico-sdk/lib/tinyusb/src/device/usbd.c.obj
 .bss._usbd_qdef_buf
                0x200016e8       0xc0 CMakeFiles/02_printf.dir/C_/Repositories/pico/pico-sdk/lib/tinyusb/src/device/usbd.c.obj
                0x200016e8                _usbd_qdef_buf
 .bss._vendord_epbuf
                0x200017a8       0x80 CMakeFiles/02_printf.dir/C_/Repositories/pico/pico-sdk/lib/tinyusb/src/class/vendor/vendor_device.c.obj
 .bss._vendord_itf
                0x20001828      0x24c CMakeFiles/02_printf.dir/C_/Repositories/pico/pico-sdk/lib/tinyusb/src/class/vendor/vendor_device.c.obj
 .bss.boot2_copyout
                0x20001a74      0x100 CMakeFiles/02_printf.dir/C_/Repositories/pico/pico-sdk/src/rp2_common/hardware_flash/flash.c.obj
 .bss.chars_available_callback
                0x20001b74        0x4 CMakeFiles/02_printf.dir/C_/Repositories/pico/pico-sdk/src/rp2_common/pico_stdio_usb/stdio_usb.c.obj
 .bss.chars_available_param
                0x20001b78        0x4 CMakeFiles/02_printf.dir/C_/Repositories/pico/pico-sdk/src/rp2_common/pico_stdio_usb/stdio_usb.c.obj
 .bss.claimed   0x20001b7c        0x4 CMakeFiles/02_printf.dir/C_/Repositories/pico/pico-sdk/src/rp2_common/hardware_sync/sync.c.obj
 .bss.claimed   0x20001b80        0x1 CMakeFiles/02_printf.dir/C_/Repositories/pico/pico-sdk/src/rp2_common/hardware_timer/timer.c.obj
 *fill*         0x20001b81        0x3 
 .bss.configured_freq
                0x20001b84       0x28 CMakeFiles/02_printf.dir/C_/Repositories/pico/pico-sdk/src/rp2_common/hardware_clocks/clocks.c.obj
 .bss.desc_str.0
                0x20001bac       0x28 CMakeFiles/02_printf.dir/C_/Repositories/pico/pico-sdk/src/rp2_common/pico_stdio_usb/stdio_usb_descriptors.c.obj
 .bss.drivers   0x20001bd4        0x4 CMakeFiles/02_printf.dir/C_/Repositories/pico/pico-sdk/src/rp2_common/pico_stdio/stdio.c.obj
 .bss.e15_last_sof
                0x20001bd8        0x4 CMakeFiles/02_printf.dir/C_/Repositories/pico/pico-sdk/lib/tinyusb/src/portable/raspberrypi/rp2040/rp2040_usb.c.obj
                0x20001bd8                e15_last_sof
 .bss.filter    0x20001bdc        0x4 CMakeFiles/02_printf.dir/C_/Repositories/pico/pico-sdk/src/rp2_common/pico_stdio/stdio.c.obj
 .bss.hw_endpoints
                0x20001be0      0x400 CMakeFiles/02_printf.dir/C_/Repositories/pico/pico-sdk/lib/tinyusb/src/portable/raspberrypi/rp2040/dcd_rp2040.c.obj
 .bss.lazy_vsnprintf
                0x20001fe0        0x4 CMakeFiles/02_printf.dir/C_/Repositories/pico/pico-sdk/src/rp2_common/pico_printf/printf.c.obj
 .bss.load_value
                0x20001fe4        0x4 CMakeFiles/02_printf.dir/C_/Repositories/pico/pico-sdk/src/rp2_common/hardware_watchdog/watchdog.c.obj
 .bss.next_buffer_ptr
                0x20001fe8        0x4 CMakeFiles/02_printf.dir/C_/Repositories/pico/pico-sdk/lib/tinyusb/src/portable/raspberrypi/rp2040/dcd_rp2040.c.obj
 .bss.one_shot_timer_crit_sec
                0x20001fec        0x8 CMakeFiles/02_printf.dir/C_/Repositories/pico/pico-sdk/src/rp2_common/pico_stdio_usb/stdio_usb.c.obj
 .bss.pools     0x20001ff4       0x10 CMakeFiles/02_printf.dir/C_/Repositories/pico/pico-sdk/src/common/pico_time/time.c.obj
 .bss.retrieved_id
                0x20002004        0x8 CMakeFiles/02_printf.dir/C_/Repositories/pico/pico-sdk/src/rp2_common/pico_unique_id/unique_id.c.obj
 .bss.sf_clz_func
                0x2000200c        0x4 CMakeFiles/02_printf.dir/C_/Repositories/pico/pico-sdk/src/rp2_common/pico_double/double_init_rom_rp2040.c.obj
                0x2000200c                sf_clz_func
 .bss.sleep_notifier
                0x20002010        0x4 CMakeFiles/02_printf.dir/C_/Repositories/pico/pico-sdk/src/common/pico_time/time.c.obj
 .bss.stdio_usb_mutex
                0x20002014        0x8 CMakeFiles/02_printf.dir/C_/Repositories/pico/pico-sdk/src/rp2_common/pico_stdio_usb/stdio_usb.c.obj
 .bss.usbd_serial_str
                0x2000201c       0x11 CMakeFiles/02_printf.dir/C_/Repositories/pico/pico-sdk/src/rp2_common/pico_stdio_usb/stdio_usb_descriptors.c.obj
 .bss._app_driver_count
                0x2000202d        0x1 CMakeFiles/02_printf.dir/C_/Repositories/pico/pico-sdk/lib/tinyusb/src/device/usbd.c.obj
 .bss._sof_enable
                0x2000202e        0x1 CMakeFiles/02_printf.dir/C_/Repositories/pico/pico-sdk/lib/tinyusb/src/portable/raspberrypi/rp2040/dcd_rp2040.c.obj
 .bss._usbd_queued_setup
                0x2000202f        0x1 CMakeFiles/02_printf.dir/C_/Repositories/pico/pico-sdk/lib/tinyusb/src/device/usbd.c.obj
 .bss.boot2_copyout_valid
                0x20002030        0x1 CMakeFiles/02_printf.dir/C_/Repositories/pico/pico-sdk/src/rp2_common/hardware_flash/flash.c.obj
 .bss.irq_handler_chain_free_slot_head
                0x20002031        0x1 CMakeFiles/02_printf.dir/C_/Repositories/pico/pico-sdk/src/rp2_common/hardware_irq/irq.c.obj
 .bss.itf_num   0x20002032        0x1 CMakeFiles/02_printf.dir/C_/Repositories/pico/pico-sdk/src/rp2_common/pico_stdio_usb/reset_interface.c.obj
 .bss.low_priority_irq_num
                0x20002033        0x1 CMakeFiles/02_printf.dir/C_/Repositories/pico/pico-sdk/src/rp2_common/pico_stdio_usb/stdio_usb.c.obj
 .bss.one_shot_timer_pending
                0x20002034        0x1 CMakeFiles/02_printf.dir/C_/Repositories/pico/pico-sdk/src/rp2_common/pico_stdio_usb/stdio_usb.c.obj
 .bss.user_irq_claimed
                0x20002035        0x1 CMakeFiles/02_printf.dir/C_/Repositories/pico/pico-sdk/src/rp2_common/hardware_irq/irq.c.obj
 *(COMMON)
                0x20002038                . = ALIGN (0x4)
 *fill*         0x20002036        0x2 
                0x20002038                __bss_end__ = .

.heap           0x20002038      0x800
                0x20002038                __end__ = .
                0x20002038                end = __end__
 *(.heap*)
 .heap          0x20002038      0x800 CMakeFiles/02_printf.dir/C_/Repositories/pico/pico-sdk/src/rp2_common/pico_crt0/crt0.S.obj
                0x20002838                __HeapLimit = .

.stack1_dummy   0x20040000        0x0
 *(.stack1*)

.stack_dummy    0x20041000      0x800
 *(.stack*)
 .stack         0x20041000      0x800 CMakeFiles/02_printf.dir/C_/Repositories/pico/pico-sdk/src/rp2_common/pico_crt0/crt0.S.obj

.rel.dyn        0x20041800        0x0
 .rel.iplt      0x20041800        0x0 c:/program files (x86)/gnu arm embedded toolchain/10 2021.10/bin/../lib/gcc/arm-none-eabi/10.3.1/thumb/v6-m/nofp/crtbegin.o

.flash_end      0x1000810c        0x0
                0x1000810c                PROVIDE (__flash_binary_end = .)
                0x20040000                __StackLimit = (ORIGIN (RAM) + LENGTH (RAM))
                0x20041000                __StackOneTop = (ORIGIN (SCRATCH_X) + LENGTH (SCRATCH_X))
                0x20042000                __StackTop = (ORIGIN (SCRATCH_Y) + LENGTH (SCRATCH_Y))
                0x20041000                __StackOneBottom = (__StackOneTop - SIZEOF (.stack1_dummy))
                0x20041800                __StackBottom = (__StackTop - SIZEOF (.stack_dummy))
                0x20042000                PROVIDE (__stack = __StackTop)
                0x00000001                ASSERT ((__StackLimit >= __HeapLimit), region RAM overflowed)
                0x00000001                ASSERT (((__binary_info_header_end - __logical_binary_start) <= 0x100), Binary info must be in first 256 bytes of the binary)
LOAD CMakeFiles/02_printf.dir/main.c.obj
LOAD CMakeFiles/02_printf.dir/stdio-task/stdio-task.c.obj
LOAD CMakeFiles/02_printf.dir/C_/Repositories/pico/pico-sdk/src/rp2_common/pico_stdlib/stdlib.c.obj
LOAD CMakeFiles/02_printf.dir/C_/Repositories/pico/pico-sdk/src/rp2_common/hardware_gpio/gpio.c.obj
LOAD CMakeFiles/02_printf.dir/C_/Repositories/pico/pico-sdk/src/rp2040/pico_platform/platform.c.obj
LOAD CMakeFiles/02_printf.dir/C_/Repositories/pico/pico-sdk/src/rp2_common/pico_platform_common/common.c.obj
LOAD CMakeFiles/02_printf.dir/C_/Repositories/pico/pico-sdk/src/rp2_common/pico_platform_panic/panic.c.obj
LOAD CMakeFiles/02_printf.dir/C_/Repositories/pico/pico-sdk/src/common/hardware_claim/claim.c.obj
LOAD CMakeFiles/02_printf.dir/C_/Repositories/pico/pico-sdk/src/rp2_common/hardware_sync/sync.c.obj
LOAD CMakeFiles/02_printf.dir/C_/Repositories/pico/pico-sdk/src/rp2_common/hardware_sync_spin_lock/sync_spin_lock.c.obj
LOAD CMakeFiles/02_printf.dir/C_/Repositories/pico/pico-sdk/src/rp2_common/hardware_irq/irq.c.obj
LOAD CMakeFiles/02_printf.dir/C_/Repositories/pico/pico-sdk/src/rp2_common/hardware_irq/irq_handler_chain.S.obj
LOAD CMakeFiles/02_printf.dir/C_/Repositories/pico/pico-sdk/src/common/pico_sync/sem.c.obj
LOAD CMakeFiles/02_printf.dir/C_/Repositories/pico/pico-sdk/src/common/pico_sync/lock_core.c.obj
LOAD CMakeFiles/02_printf.dir/C_/Repositories/pico/pico-sdk/src/common/pico_sync/mutex.c.obj
LOAD CMakeFiles/02_printf.dir/C_/Repositories/pico/pico-sdk/src/common/pico_sync/critical_section.c.obj
LOAD CMakeFiles/02_printf.dir/C_/Repositories/pico/pico-sdk/src/common/pico_time/time.c.obj
LOAD CMakeFiles/02_printf.dir/C_/Repositories/pico/pico-sdk/src/common/pico_time/timeout_helper.c.obj
LOAD CMakeFiles/02_printf.dir/C_/Repositories/pico/pico-sdk/src/rp2_common/hardware_timer/timer.c.obj
LOAD CMakeFiles/02_printf.dir/C_/Repositories/pico/pico-sdk/src/common/pico_util/datetime.c.obj
LOAD CMakeFiles/02_printf.dir/C_/Repositories/pico/pico-sdk/src/common/pico_util/pheap.c.obj
LOAD CMakeFiles/02_printf.dir/C_/Repositories/pico/pico-sdk/src/common/pico_util/queue.c.obj
LOAD CMakeFiles/02_printf.dir/C_/Repositories/pico/pico-sdk/src/rp2_common/hardware_uart/uart.c.obj
LOAD CMakeFiles/02_printf.dir/C_/Repositories/pico/pico-sdk/src/rp2_common/hardware_clocks/clocks.c.obj
LOAD CMakeFiles/02_printf.dir/C_/Repositories/pico/pico-sdk/src/rp2_common/hardware_pll/pll.c.obj
LOAD CMakeFiles/02_printf.dir/C_/Repositories/pico/pico-sdk/src/rp2_common/hardware_vreg/vreg.c.obj
LOAD CMakeFiles/02_printf.dir/C_/Repositories/pico/pico-sdk/src/rp2_common/hardware_watchdog/watchdog.c.obj
LOAD CMakeFiles/02_printf.dir/C_/Repositories/pico/pico-sdk/src/rp2_common/hardware_ticks/ticks.c.obj
LOAD CMakeFiles/02_printf.dir/C_/Repositories/pico/pico-sdk/src/rp2_common/pico_bootrom/bootrom.c.obj
LOAD CMakeFiles/02_printf.dir/C_/Repositories/pico/pico-sdk/src/rp2_common/pico_bootrom/bootrom_lock.c.obj
LOAD CMakeFiles/02_printf.dir/C_/Repositories/pico/pico-sdk/src/rp2_common/hardware_boot_lock/boot_lock.c.obj
LOAD CMakeFiles/02_printf.dir/C_/Repositories/pico/pico-sdk/src/rp2_common/pico_flash/flash.c.obj
LOAD CMakeFiles/02_printf.dir/C_/Repositories/pico/pico-sdk/src/rp2_common/hardware_xosc/xosc.c.obj
LOAD CMakeFiles/02_printf.dir/C_/Repositories/pico/pico-sdk/src/rp2_common/hardware_divider/divider.S.obj
LOAD CMakeFiles/02_printf.dir/C_/Repositories/pico/pico-sdk/src/rp2_common/pico_runtime/runtime.c.obj
LOAD CMakeFiles/02_printf.dir/C_/Repositories/pico/pico-sdk/src/rp2_common/pico_runtime_init/runtime_init.c.obj
LOAD CMakeFiles/02_printf.dir/C_/Repositories/pico/pico-sdk/src/rp2_common/pico_runtime_init/runtime_init_clocks.c.obj
LOAD CMakeFiles/02_printf.dir/C_/Repositories/pico/pico-sdk/src/rp2_common/pico_runtime_init/runtime_init_stack_guard.c.obj
LOAD CMakeFiles/02_printf.dir/C_/Repositories/pico/pico-sdk/src/rp2_common/pico_bit_ops/bit_ops_aeabi.S.obj
LOAD CMakeFiles/02_printf.dir/C_/Repositories/pico/pico-sdk/src/rp2_common/pico_divider/divider_hardware.S.obj
LOAD CMakeFiles/02_printf.dir/C_/Repositories/pico/pico-sdk/src/rp2_common/pico_double/double_aeabi_rp2040.S.obj
LOAD CMakeFiles/02_printf.dir/C_/Repositories/pico/pico-sdk/src/rp2_common/pico_double/double_init_rom_rp2040.c.obj
LOAD CMakeFiles/02_printf.dir/C_/Repositories/pico/pico-sdk/src/rp2_common/pico_double/double_math.c.obj
LOAD CMakeFiles/02_printf.dir/C_/Repositories/pico/pico-sdk/src/rp2_common/pico_double/double_v1_rom_shim_rp2040.S.obj
LOAD CMakeFiles/02_printf.dir/C_/Repositories/pico/pico-sdk/src/rp2_common/pico_int64_ops/pico_int64_ops_aeabi.S.obj
LOAD CMakeFiles/02_printf.dir/C_/Repositories/pico/pico-sdk/src/rp2_common/pico_float/float_aeabi_rp2040.S.obj
LOAD CMakeFiles/02_printf.dir/C_/Repositories/pico/pico-sdk/src/rp2_common/pico_float/float_init_rom_rp2040.c.obj
LOAD CMakeFiles/02_printf.dir/C_/Repositories/pico/pico-sdk/src/rp2_common/pico_float/float_math.c.obj
LOAD CMakeFiles/02_printf.dir/C_/Repositories/pico/pico-sdk/src/rp2_common/pico_float/float_v1_rom_shim_rp2040.S.obj
LOAD CMakeFiles/02_printf.dir/C_/Repositories/pico/pico-sdk/src/rp2_common/pico_malloc/malloc.c.obj
LOAD CMakeFiles/02_printf.dir/C_/Repositories/pico/pico-sdk/src/rp2_common/pico_mem_ops/mem_ops_aeabi.S.obj
LOAD CMakeFiles/02_printf.dir/C_/Repositories/pico/pico-sdk/src/rp2_common/pico_atomic/atomic.c.obj
LOAD CMakeFiles/02_printf.dir/C_/Repositories/pico/pico-sdk/src/rp2_common/pico_cxx_options/new_delete.cpp.obj
LOAD CMakeFiles/02_printf.dir/C_/Repositories/pico/pico-sdk/src/rp2_common/pico_standard_binary_info/standard_binary_info.c.obj
LOAD CMakeFiles/02_printf.dir/C_/Repositories/pico/pico-sdk/src/rp2_common/pico_printf/printf.c.obj
LOAD CMakeFiles/02_printf.dir/C_/Repositories/pico/pico-sdk/src/rp2_common/pico_crt0/crt0.S.obj
LOAD CMakeFiles/02_printf.dir/C_/Repositories/pico/pico-sdk/src/rp2_common/pico_clib_interface/newlib_interface.c.obj
LOAD CMakeFiles/02_printf.dir/C_/Repositories/pico/pico-sdk/src/rp2_common/pico_stdio/stdio.c.obj
LOAD CMakeFiles/02_printf.dir/C_/Repositories/pico/pico-sdk/src/rp2_common/pico_stdio_usb/reset_interface.c.obj
LOAD CMakeFiles/02_printf.dir/C_/Repositories/pico/pico-sdk/src/rp2_common/pico_stdio_usb/stdio_usb.c.obj
LOAD CMakeFiles/02_printf.dir/C_/Repositories/pico/pico-sdk/src/rp2_common/pico_stdio_usb/stdio_usb_descriptors.c.obj
LOAD CMakeFiles/02_printf.dir/C_/Repositories/pico/pico-sdk/src/rp2_common/pico_unique_id/unique_id.c.obj
LOAD CMakeFiles/02_printf.dir/C_/Repositories/pico/pico-sdk/src/rp2_common/hardware_flash/flash.c.obj
LOAD CMakeFiles/02_printf.dir/C_/Repositories/pico/pico-sdk/src/rp2_common/hardware_xip_cache/xip_cache.c.obj
LOAD CMakeFiles/02_printf.dir/C_/Repositories/pico/pico-sdk/lib/tinyusb/src/portable/raspberrypi/rp2040/dcd_rp2040.c.obj
LOAD CMakeFiles/02_printf.dir/C_/Repositories/pico/pico-sdk/lib/tinyusb/src/portable/raspberrypi/rp2040/rp2040_usb.c.obj
LOAD CMakeFiles/02_printf.dir/C_/Repositories/pico/pico-sdk/lib/tinyusb/src/device/usbd.c.obj
LOAD CMakeFiles/02_printf.dir/C_/Repositories/pico/pico-sdk/lib/tinyusb/src/device/usbd_control.c.obj
LOAD CMakeFiles/02_printf.dir/C_/Repositories/pico/pico-sdk/lib/tinyusb/src/class/audio/audio_device.c.obj
LOAD CMakeFiles/02_printf.dir/C_/Repositories/pico/pico-sdk/lib/tinyusb/src/class/cdc/cdc_device.c.obj
LOAD CMakeFiles/02_printf.dir/C_/Repositories/pico/pico-sdk/lib/tinyusb/src/class/dfu/dfu_device.c.obj
LOAD CMakeFiles/02_printf.dir/C_/Repositories/pico/pico-sdk/lib/tinyusb/src/class/dfu/dfu_rt_device.c.obj
LOAD CMakeFiles/02_printf.dir/C_/Repositories/pico/pico-sdk/lib/tinyusb/src/class/hid/hid_device.c.obj
LOAD CMakeFiles/02_printf.dir/C_/Repositories/pico/pico-sdk/lib/tinyusb/src/class/midi/midi_device.c.obj
LOAD CMakeFiles/02_printf.dir/C_/Repositories/pico/pico-sdk/lib/tinyusb/src/class/msc/msc_device.c.obj
LOAD CMakeFiles/02_printf.dir/C_/Repositories/pico/pico-sdk/lib/tinyusb/src/class/net/ecm_rndis_device.c.obj
LOAD CMakeFiles/02_printf.dir/C_/Repositories/pico/pico-sdk/lib/tinyusb/src/class/net/ncm_device.c.obj
LOAD CMakeFiles/02_printf.dir/C_/Repositories/pico/pico-sdk/lib/tinyusb/src/class/usbtmc/usbtmc_device.c.obj
LOAD CMakeFiles/02_printf.dir/C_/Repositories/pico/pico-sdk/lib/tinyusb/src/class/vendor/vendor_device.c.obj
LOAD CMakeFiles/02_printf.dir/C_/Repositories/pico/pico-sdk/lib/tinyusb/src/class/video/video_device.c.obj
LOAD CMakeFiles/02_printf.dir/C_/Repositories/pico/pico-sdk/lib/tinyusb/src/tusb.c.obj
LOAD CMakeFiles/02_printf.dir/C_/Repositories/pico/pico-sdk/lib/tinyusb/src/common/tusb_fifo.c.obj